<?xml version="1.0"?>
<link_info>
   <banner>TMS320C2000 Linker PC v15.12.1.LTS</banner>
   <copyright>Copyright (c) 1996-2015 Texas Instruments Incorporated</copyright>
   <link_time>0x575c9ef3</link_time>
   <link_errors>0x0</link_errors>
   <output_file>HVBLDC_Sensorless.out</output_file>
   <entry_point>
      <name>_c_int00</name>
      <address>0x3f68fd</address>
   </entry_point>
   <input_file_list>
      <input_file id="fl-3">
         <path>.\</path>
         <kind>object</kind>
         <file>DLOG4CHC.obj</file>
         <name>DLOG4CHC.obj</name>
      </input_file>
      <input_file id="fl-4">
         <path>.\</path>
         <kind>object</kind>
         <file>DSP2803x_CodeStartBranch.obj</file>
         <name>DSP2803x_CodeStartBranch.obj</name>
      </input_file>
      <input_file id="fl-5">
         <path>.\</path>
         <kind>object</kind>
         <file>DSP2803x_CpuTimers.obj</file>
         <name>DSP2803x_CpuTimers.obj</name>
      </input_file>
      <input_file id="fl-6">
         <path>.\</path>
         <kind>object</kind>
         <file>DSP2803x_GlobalVariableDefs.obj</file>
         <name>DSP2803x_GlobalVariableDefs.obj</name>
      </input_file>
      <input_file id="fl-7">
         <path>.\</path>
         <kind>object</kind>
         <file>DSP2803x_usDelay.obj</file>
         <name>DSP2803x_usDelay.obj</name>
      </input_file>
      <input_file id="fl-8">
         <path>.\</path>
         <kind>object</kind>
         <file>HVBLDC_Sensorless-DevInit_F2803x.obj</file>
         <name>HVBLDC_Sensorless-DevInit_F2803x.obj</name>
      </input_file>
      <input_file id="fl-9">
         <path>.\</path>
         <kind>object</kind>
         <file>HVBLDC_Sensorless.obj</file>
         <name>HVBLDC_Sensorless.obj</name>
      </input_file>
      <input_file id="fl-f">
         <path>D:\ti\controlSUITE\libs\math\IQmath\v15c\lib\</path>
         <kind>archive</kind>
         <file>IQmath.lib</file>
         <name>IQ24div.obj</name>
      </input_file>
      <input_file id="fl-10">
         <path>D:\ti\controlSUITE\libs\math\IQmath\v15c\lib\</path>
         <kind>archive</kind>
         <file>IQmath.lib</file>
         <name>IQmathTables.obj</name>
      </input_file>
      <input_file id="fl-11">
         <path>D:\ti\ccsv6\tools\compiler\ti-cgt-c2000_15.12.1.LTS\lib\</path>
         <kind>archive</kind>
         <file>rts2800_ml.lib</file>
         <name>boot.obj</name>
      </input_file>
      <input_file id="fl-12">
         <path>D:\ti\ccsv6\tools\compiler\ti-cgt-c2000_15.12.1.LTS\lib\</path>
         <kind>archive</kind>
         <file>rts2800_ml.lib</file>
         <name>cpy_tbl.obj</name>
      </input_file>
      <input_file id="fl-13">
         <path>D:\ti\ccsv6\tools\compiler\ti-cgt-c2000_15.12.1.LTS\lib\</path>
         <kind>archive</kind>
         <file>rts2800_ml.lib</file>
         <name>cpy_utils.obj</name>
      </input_file>
      <input_file id="fl-14">
         <path>D:\ti\ccsv6\tools\compiler\ti-cgt-c2000_15.12.1.LTS\lib\</path>
         <kind>archive</kind>
         <file>rts2800_ml.lib</file>
         <name>exit.obj</name>
      </input_file>
      <input_file id="fl-15">
         <path>D:\ti\ccsv6\tools\compiler\ti-cgt-c2000_15.12.1.LTS\lib\</path>
         <kind>archive</kind>
         <file>rts2800_ml.lib</file>
         <name>fd_mpy.obj</name>
      </input_file>
      <input_file id="fl-16">
         <path>D:\ti\ccsv6\tools\compiler\ti-cgt-c2000_15.12.1.LTS\lib\</path>
         <kind>archive</kind>
         <file>rts2800_ml.lib</file>
         <name>fd_tol.obj</name>
      </input_file>
      <input_file id="fl-17">
         <path>D:\ti\ccsv6\tools\compiler\ti-cgt-c2000_15.12.1.LTS\lib\</path>
         <kind>archive</kind>
         <file>rts2800_ml.lib</file>
         <name>fs_cmp.obj</name>
      </input_file>
      <input_file id="fl-18">
         <path>D:\ti\ccsv6\tools\compiler\ti-cgt-c2000_15.12.1.LTS\lib\</path>
         <kind>archive</kind>
         <file>rts2800_ml.lib</file>
         <name>fs_div.obj</name>
      </input_file>
      <input_file id="fl-19">
         <path>D:\ti\ccsv6\tools\compiler\ti-cgt-c2000_15.12.1.LTS\lib\</path>
         <kind>archive</kind>
         <file>rts2800_ml.lib</file>
         <name>fs_mpy.obj</name>
      </input_file>
      <input_file id="fl-1a">
         <path>D:\ti\ccsv6\tools\compiler\ti-cgt-c2000_15.12.1.LTS\lib\</path>
         <kind>archive</kind>
         <file>rts2800_ml.lib</file>
         <name>fs_tofd.obj</name>
      </input_file>
      <input_file id="fl-1b">
         <path>D:\ti\ccsv6\tools\compiler\ti-cgt-c2000_15.12.1.LTS\lib\</path>
         <kind>archive</kind>
         <file>rts2800_ml.lib</file>
         <name>fs_tol.obj</name>
      </input_file>
      <input_file id="fl-1c">
         <path>D:\ti\ccsv6\tools\compiler\ti-cgt-c2000_15.12.1.LTS\lib\</path>
         <kind>archive</kind>
         <file>rts2800_ml.lib</file>
         <name>l_tofs.obj</name>
      </input_file>
      <input_file id="fl-1d">
         <path>D:\ti\ccsv6\tools\compiler\ti-cgt-c2000_15.12.1.LTS\lib\</path>
         <kind>archive</kind>
         <file>rts2800_ml.lib</file>
         <name>pre_init.obj</name>
      </input_file>
      <input_file id="fl-1e">
         <path>D:\ti\ccsv6\tools\compiler\ti-cgt-c2000_15.12.1.LTS\lib\</path>
         <kind>archive</kind>
         <file>rts2800_ml.lib</file>
         <name>startup.obj</name>
      </input_file>
      <input_file id="fl-1f">
         <path>D:\ti\ccsv6\tools\compiler\ti-cgt-c2000_15.12.1.LTS\lib\</path>
         <kind>archive</kind>
         <file>rts2800_ml.lib</file>
         <name>_lock.obj</name>
      </input_file>
      <input_file id="fl-20">
         <path>D:\ti\ccsv6\tools\compiler\ti-cgt-c2000_15.12.1.LTS\lib\</path>
         <kind>archive</kind>
         <file>rts2800_ml.lib</file>
         <name>args_main.obj</name>
      </input_file>
   </input_file_list>
   <object_component_list>
      <object_component id="oc-85">
         <name>PieVectTableFile</name>
         <uninitialized>true</uninitialized>
         <run_address>0xd00</run_address>
         <size>0x100</size>
         <input_file_ref idref="fl-6"/>
      </object_component>
      <object_component id="oc-5a">
         <name>EmuKeyVar</name>
         <uninitialized>true</uninitialized>
         <run_address>0xd00</run_address>
         <size>0x1</size>
         <input_file_ref idref="fl-6"/>
      </object_component>
      <object_component id="oc-5c">
         <name>EmuBModeVar</name>
         <uninitialized>true</uninitialized>
         <run_address>0xd01</run_address>
         <size>0x1</size>
         <input_file_ref idref="fl-6"/>
      </object_component>
      <object_component id="oc-5d">
         <name>FlashCallbackVar</name>
         <uninitialized>true</uninitialized>
         <run_address>0xd02</run_address>
         <size>0x2</size>
         <input_file_ref idref="fl-6"/>
      </object_component>
      <object_component id="oc-5e">
         <name>FlashScalingVar</name>
         <uninitialized>true</uninitialized>
         <run_address>0xd04</run_address>
         <size>0x2</size>
         <input_file_ref idref="fl-6"/>
      </object_component>
      <object_component id="oc-5f">
         <name>DevEmuRegsFile</name>
         <uninitialized>true</uninitialized>
         <run_address>0x880</run_address>
         <size>0x4</size>
         <input_file_ref idref="fl-6"/>
      </object_component>
      <object_component id="oc-60">
         <name>FlashRegsFile</name>
         <uninitialized>true</uninitialized>
         <run_address>0xa80</run_address>
         <size>0x8</size>
         <input_file_ref idref="fl-6"/>
      </object_component>
      <object_component id="oc-6a">
         <name>CsmRegsFile</name>
         <uninitialized>true</uninitialized>
         <run_address>0xae0</run_address>
         <size>0x10</size>
         <input_file_ref idref="fl-6"/>
      </object_component>
      <object_component id="oc-70">
         <name>AdcResultFile</name>
         <uninitialized>true</uninitialized>
         <run_address>0xb00</run_address>
         <size>0x20</size>
         <input_file_ref idref="fl-6"/>
      </object_component>
      <object_component id="oc-61">
         <name>CpuTimer0RegsFile</name>
         <uninitialized>true</uninitialized>
         <run_address>0xc00</run_address>
         <size>0x8</size>
         <input_file_ref idref="fl-6"/>
      </object_component>
      <object_component id="oc-64">
         <name>CpuTimer1RegsFile</name>
         <uninitialized>true</uninitialized>
         <run_address>0xc08</run_address>
         <size>0x8</size>
         <input_file_ref idref="fl-6"/>
      </object_component>
      <object_component id="oc-62">
         <name>CpuTimer2RegsFile</name>
         <uninitialized>true</uninitialized>
         <run_address>0xc10</run_address>
         <size>0x8</size>
         <input_file_ref idref="fl-6"/>
      </object_component>
      <object_component id="oc-6f">
         <name>PieCtrlRegsFile</name>
         <uninitialized>true</uninitialized>
         <run_address>0xce0</run_address>
         <size>0x1a</size>
         <input_file_ref idref="fl-6"/>
      </object_component>
      <object_component id="oc-7c">
         <name>Cla1RegsFile</name>
         <uninitialized>true</uninitialized>
         <run_address>0x1400</run_address>
         <size>0x40</size>
         <input_file_ref idref="fl-6"/>
      </object_component>
      <object_component id="oc-75">
         <name>ECanaRegsFile</name>
         <uninitialized>true</uninitialized>
         <run_address>0x6000</run_address>
         <size>0x34</size>
         <input_file_ref idref="fl-6"/>
      </object_component>
      <object_component id="oc-7b">
         <name>ECanaLAMRegsFile</name>
         <uninitialized>true</uninitialized>
         <run_address>0x6040</run_address>
         <size>0x40</size>
         <input_file_ref idref="fl-6"/>
      </object_component>
      <object_component id="oc-86">
         <name>ECanaMboxesFile</name>
         <uninitialized>true</uninitialized>
         <run_address>0x6100</run_address>
         <size>0x100</size>
         <input_file_ref idref="fl-6"/>
      </object_component>
      <object_component id="oc-7a">
         <name>ECanaMOTSRegsFile</name>
         <uninitialized>true</uninitialized>
         <run_address>0x6080</run_address>
         <size>0x40</size>
         <input_file_ref idref="fl-6"/>
      </object_component>
      <object_component id="oc-82">
         <name>ECanaMOTORegsFile</name>
         <uninitialized>true</uninitialized>
         <run_address>0x60c0</run_address>
         <size>0x40</size>
         <input_file_ref idref="fl-6"/>
      </object_component>
      <object_component id="oc-72">
         <name>ECap1RegsFile</name>
         <uninitialized>true</uninitialized>
         <run_address>0x6a00</run_address>
         <size>0x20</size>
         <input_file_ref idref="fl-6"/>
      </object_component>
      <object_component id="oc-81">
         <name>EQep1RegsFile</name>
         <uninitialized>true</uninitialized>
         <run_address>0x6b00</run_address>
         <size>0x40</size>
         <input_file_ref idref="fl-6"/>
      </object_component>
      <object_component id="oc-83">
         <name>LinaRegsFile</name>
         <uninitialized>true</uninitialized>
         <run_address>0x6c00</run_address>
         <size>0x4a</size>
         <input_file_ref idref="fl-6"/>
      </object_component>
      <object_component id="oc-7f">
         <name>GpioCtrlRegsFile</name>
         <uninitialized>true</uninitialized>
         <run_address>0x6f80</run_address>
         <size>0x40</size>
         <input_file_ref idref="fl-6"/>
      </object_component>
      <object_component id="oc-71">
         <name>GpioDataRegsFile</name>
         <uninitialized>true</uninitialized>
         <run_address>0x6fc0</run_address>
         <size>0x20</size>
         <input_file_ref idref="fl-6"/>
      </object_component>
      <object_component id="oc-65">
         <name>GpioIntRegsFile</name>
         <uninitialized>true</uninitialized>
         <run_address>0x6fe0</run_address>
         <size>0xc</size>
         <input_file_ref idref="fl-6"/>
      </object_component>
      <object_component id="oc-73">
         <name>SysCtrlRegsFile</name>
         <uninitialized>true</uninitialized>
         <run_address>0x7010</run_address>
         <size>0x20</size>
         <input_file_ref idref="fl-6"/>
      </object_component>
      <object_component id="oc-67">
         <name>SpiaRegsFile</name>
         <uninitialized>true</uninitialized>
         <run_address>0x7040</run_address>
         <size>0x10</size>
         <input_file_ref idref="fl-6"/>
      </object_component>
      <object_component id="oc-66">
         <name>SpibRegsFile</name>
         <uninitialized>true</uninitialized>
         <run_address>0x7740</run_address>
         <size>0x10</size>
         <input_file_ref idref="fl-6"/>
      </object_component>
      <object_component id="oc-69">
         <name>SciaRegsFile</name>
         <uninitialized>true</uninitialized>
         <run_address>0x7050</run_address>
         <size>0x10</size>
         <input_file_ref idref="fl-6"/>
      </object_component>
      <object_component id="oc-68">
         <name>NmiIntruptRegsFile</name>
         <uninitialized>true</uninitialized>
         <run_address>0x7060</run_address>
         <size>0x10</size>
         <input_file_ref idref="fl-6"/>
      </object_component>
      <object_component id="oc-6b">
         <name>XIntruptRegsFile</name>
         <uninitialized>true</uninitialized>
         <run_address>0x7070</run_address>
         <size>0x10</size>
         <input_file_ref idref="fl-6"/>
      </object_component>
      <object_component id="oc-84">
         <name>AdcRegsFile</name>
         <uninitialized>true</uninitialized>
         <run_address>0x7100</run_address>
         <size>0x50</size>
         <input_file_ref idref="fl-6"/>
      </object_component>
      <object_component id="oc-74">
         <name>I2caRegsFile</name>
         <uninitialized>true</uninitialized>
         <run_address>0x7900</run_address>
         <size>0x22</size>
         <input_file_ref idref="fl-6"/>
      </object_component>
      <object_component id="oc-6e">
         <name>Comp1RegsFile</name>
         <uninitialized>true</uninitialized>
         <run_address>0x6400</run_address>
         <size>0x14</size>
         <input_file_ref idref="fl-6"/>
      </object_component>
      <object_component id="oc-6d">
         <name>Comp2RegsFile</name>
         <uninitialized>true</uninitialized>
         <run_address>0x6420</run_address>
         <size>0x14</size>
         <input_file_ref idref="fl-6"/>
      </object_component>
      <object_component id="oc-6c">
         <name>Comp3RegsFile</name>
         <uninitialized>true</uninitialized>
         <run_address>0x6440</run_address>
         <size>0x14</size>
         <input_file_ref idref="fl-6"/>
      </object_component>
      <object_component id="oc-77">
         <name>EPwm1RegsFile</name>
         <uninitialized>true</uninitialized>
         <run_address>0x6800</run_address>
         <size>0x40</size>
         <input_file_ref idref="fl-6"/>
      </object_component>
      <object_component id="oc-76">
         <name>EPwm2RegsFile</name>
         <uninitialized>true</uninitialized>
         <run_address>0x6840</run_address>
         <size>0x40</size>
         <input_file_ref idref="fl-6"/>
      </object_component>
      <object_component id="oc-79">
         <name>EPwm3RegsFile</name>
         <uninitialized>true</uninitialized>
         <run_address>0x6880</run_address>
         <size>0x40</size>
         <input_file_ref idref="fl-6"/>
      </object_component>
      <object_component id="oc-78">
         <name>EPwm4RegsFile</name>
         <uninitialized>true</uninitialized>
         <run_address>0x68c0</run_address>
         <size>0x40</size>
         <input_file_ref idref="fl-6"/>
      </object_component>
      <object_component id="oc-80">
         <name>EPwm5RegsFile</name>
         <uninitialized>true</uninitialized>
         <run_address>0x6900</run_address>
         <size>0x40</size>
         <input_file_ref idref="fl-6"/>
      </object_component>
      <object_component id="oc-7e">
         <name>EPwm6RegsFile</name>
         <uninitialized>true</uninitialized>
         <run_address>0x6940</run_address>
         <size>0x40</size>
         <input_file_ref idref="fl-6"/>
      </object_component>
      <object_component id="oc-7d">
         <name>EPwm7RegsFile</name>
         <uninitialized>true</uninitialized>
         <run_address>0x6980</run_address>
         <size>0x40</size>
         <input_file_ref idref="fl-6"/>
      </object_component>
      <object_component id="oc-63">
         <name>CsmPwlFile</name>
         <uninitialized>true</uninitialized>
         <run_address>0x3f7ff8</run_address>
         <size>0x8</size>
         <input_file_ref idref="fl-6"/>
      </object_component>
      <object_component id="oc-5b">
         <name>PartIdRegsFile</name>
         <uninitialized>true</uninitialized>
         <run_address>0x3d7e80</run_address>
         <size>0x1</size>
         <input_file_ref idref="fl-6"/>
      </object_component>
      <object_component id="oc-94">
         <name>.cinit</name>
         <load_address>0x3f6aec</load_address>
         <run_address>0x3f6aec</run_address>
         <size>0x259</size>
         <input_file_ref idref="fl-9"/>
      </object_component>
      <object_component id="oc-b0">
         <name>.cinit</name>
         <load_address>0x3f6d45</load_address>
         <run_address>0x3f6d45</run_address>
         <size>0xe</size>
         <input_file_ref idref="fl-14"/>
      </object_component>
      <object_component id="oc-f9">
         <name>.cinit:__lock</name>
         <load_address>0x3f6d53</load_address>
         <run_address>0x3f6d53</run_address>
         <size>0x5</size>
         <input_file_ref idref="fl-1f"/>
      </object_component>
      <object_component id="oc-fe">
         <name>.cinit:__unlock</name>
         <load_address>0x3f6d58</load_address>
         <run_address>0x3f6d58</run_address>
         <size>0x5</size>
         <input_file_ref idref="fl-1f"/>
      </object_component>
      <object_component id="oc-f7">
         <name>.text</name>
         <load_address>0x3f6000</load_address>
         <run_address>0x3f6000</run_address>
         <size>0x50a</size>
         <input_file_ref idref="fl-9"/>
      </object_component>
      <object_component id="oc-fa">
         <name>.text</name>
         <load_address>0x3f650a</load_address>
         <run_address>0x3f650a</run_address>
         <size>0x1b2</size>
         <input_file_ref idref="fl-8"/>
      </object_component>
      <object_component id="oc-b6">
         <name>.text</name>
         <load_address>0x3f66bc</load_address>
         <run_address>0x3f66bc</run_address>
         <size>0x83</size>
         <input_file_ref idref="fl-15"/>
      </object_component>
      <object_component id="oc-c5">
         <name>.text</name>
         <load_address>0x3f673f</load_address>
         <run_address>0x3f673f</run_address>
         <size>0x83</size>
         <input_file_ref idref="fl-18"/>
      </object_component>
      <object_component id="oc-fc">
         <name>.text</name>
         <load_address>0x3f67c2</load_address>
         <run_address>0x3f67c2</run_address>
         <size>0x72</size>
         <input_file_ref idref="fl-5"/>
      </object_component>
      <object_component id="oc-97">
         <name>.text:retain</name>
         <load_address>0x3f6834</load_address>
         <run_address>0x3f6834</run_address>
         <size>0x6f</size>
         <input_file_ref idref="fl-9"/>
      </object_component>
      <object_component id="oc-ca">
         <name>.text</name>
         <load_address>0x3f68a3</load_address>
         <run_address>0x3f68a3</run_address>
         <size>0x5a</size>
         <input_file_ref idref="fl-19"/>
      </object_component>
      <object_component id="oc-46">
         <name>.text</name>
         <load_address>0x3f68fd</load_address>
         <run_address>0x3f68fd</run_address>
         <size>0x54</size>
         <input_file_ref idref="fl-11"/>
      </object_component>
      <object_component id="oc-47">
         <name>.text</name>
         <load_address>0x3f6951</load_address>
         <run_address>0x3f6951</run_address>
         <size>0x4b</size>
         <input_file_ref idref="fl-3"/>
      </object_component>
      <object_component id="oc-f3">
         <name>.text</name>
         <load_address>0x3f699c</load_address>
         <run_address>0x3f699c</run_address>
         <size>0x46</size>
         <input_file_ref idref="fl-12"/>
      </object_component>
      <object_component id="oc-f6">
         <name>.text</name>
         <load_address>0x3f69e2</load_address>
         <run_address>0x3f69e2</run_address>
         <size>0x29</size>
         <input_file_ref idref="fl-14"/>
      </object_component>
      <object_component id="oc-d4">
         <name>.text</name>
         <load_address>0x3f6a0b</load_address>
         <run_address>0x3f6a0b</run_address>
         <size>0x29</size>
         <input_file_ref idref="fl-1b"/>
      </object_component>
      <object_component id="oc-bb">
         <name>.text</name>
         <load_address>0x3f6a34</load_address>
         <run_address>0x3f6a34</run_address>
         <size>0x1f</size>
         <input_file_ref idref="fl-16"/>
      </object_component>
      <object_component id="oc-cf">
         <name>.text</name>
         <load_address>0x3f6a53</load_address>
         <run_address>0x3f6a53</run_address>
         <size>0x1c</size>
         <input_file_ref idref="fl-1a"/>
      </object_component>
      <object_component id="oc-aa">
         <name>.text</name>
         <load_address>0x3f6a6f</load_address>
         <run_address>0x3f6a6f</run_address>
         <size>0x1a</size>
         <input_file_ref idref="fl-13"/>
      </object_component>
      <object_component id="oc-d9">
         <name>.text</name>
         <load_address>0x3f6a89</load_address>
         <run_address>0x3f6a89</run_address>
         <size>0x1a</size>
         <input_file_ref idref="fl-1c"/>
      </object_component>
      <object_component id="oc-f5">
         <name>.text</name>
         <load_address>0x3f6aa3</load_address>
         <run_address>0x3f6aa3</run_address>
         <size>0x19</size>
         <input_file_ref idref="fl-20"/>
      </object_component>
      <object_component id="oc-c0">
         <name>.text</name>
         <load_address>0x3f6abc</load_address>
         <run_address>0x3f6abc</run_address>
         <size>0x17</size>
         <input_file_ref idref="fl-17"/>
      </object_component>
      <object_component id="oc-fd">
         <name>.text</name>
         <load_address>0x3f6ad3</load_address>
         <run_address>0x3f6ad3</run_address>
         <size>0x9</size>
         <input_file_ref idref="fl-1f"/>
      </object_component>
      <object_component id="oc-4d">
         <name>.text</name>
         <load_address>0x3f6adc</load_address>
         <run_address>0x3f6adc</run_address>
         <size>0x8</size>
         <input_file_ref idref="fl-4"/>
      </object_component>
      <object_component id="oc-8e">
         <name>.text:retain</name>
         <load_address>0x3f6ae4</load_address>
         <run_address>0x3f6ae4</run_address>
         <size>0x5</size>
         <input_file_ref idref="fl-8"/>
      </object_component>
      <object_component id="oc-f2">
         <name>.text</name>
         <load_address>0x3f6ae9</load_address>
         <run_address>0x3f6ae9</run_address>
         <size>0x2</size>
         <input_file_ref idref="fl-1d"/>
      </object_component>
      <object_component id="oc-f4">
         <name>.text</name>
         <load_address>0x3f6aeb</load_address>
         <run_address>0x3f6aeb</run_address>
         <size>0x1</size>
         <input_file_ref idref="fl-1e"/>
      </object_component>
      <object_component id="oc-4e">
         <name>codestart</name>
         <load_address>0x3f7ff6</load_address>
         <run_address>0x3f7ff6</run_address>
         <size>0x2</size>
         <input_file_ref idref="fl-4"/>
      </object_component>
      <object_component id="oc-96">
         <name>ramfuncs:retain</name>
         <load_address>0x3f0000</load_address>
         <run_address>0x8000</run_address>
         <size>0xf6a</size>
         <input_file_ref idref="fl-9"/>
      </object_component>
      <object_component id="oc-fb">
         <name>ramfuncs</name>
         <load_address>0x3f0f6a</load_address>
         <run_address>0x8f6a</run_address>
         <size>0x1b</size>
         <input_file_ref idref="fl-8"/>
      </object_component>
      <object_component id="oc-88">
         <name>ramfuncs</name>
         <load_address>0x3f0f85</load_address>
         <run_address>0x8f85</run_address>
         <size>0x4</size>
         <input_file_ref idref="fl-7"/>
      </object_component>
      <object_component id="oc-9f">
         <name>.stack</name>
         <uninitialized>true</uninitialized>
         <run_address>0x50</run_address>
         <size>0x0</size>
         <input_file_ref idref="fl-11"/>
      </object_component>
      <object_component id="oc-14e">
         <name>.stack</name>
         <uninitialized>true</uninitialized>
         <run_address>0x50</run_address>
         <size>0x0</size>
      </object_component>
      <object_component id="oc-54">
         <name>.ebss</name>
         <uninitialized>true</uninitialized>
         <run_address>0x9880</run_address>
         <size>0x18</size>
         <input_file_ref idref="fl-5"/>
      </object_component>
      <object_component id="oc-95">
         <name>.ebss</name>
         <uninitialized>true</uninitialized>
         <run_address>0x9640</run_address>
         <size>0x22c</size>
         <input_file_ref idref="fl-9"/>
      </object_component>
      <object_component id="oc-b1">
         <name>.ebss</name>
         <uninitialized>true</uninitialized>
         <run_address>0x986c</run_address>
         <size>0x6</size>
         <input_file_ref idref="fl-14"/>
      </object_component>
      <object_component id="oc-ff">
         <name>.ebss:__unlock</name>
         <uninitialized>true</uninitialized>
         <run_address>0x9874</run_address>
         <size>0x2</size>
         <input_file_ref idref="fl-1f"/>
      </object_component>
      <object_component id="oc-f8">
         <name>.ebss:__lock</name>
         <uninitialized>true</uninitialized>
         <run_address>0x9872</run_address>
         <size>0x2</size>
         <input_file_ref idref="fl-1f"/>
      </object_component>
      <object_component id="oc-98">
         <name>.econst</name>
         <load_address>0x3f6da6</load_address>
         <run_address>0x3f6da6</run_address>
         <size>0x4</size>
         <input_file_ref idref="fl-9"/>
      </object_component>
      <object_component id="oc-9d">
         <name>IQmath</name>
         <load_address>0x3f6d5f</load_address>
         <run_address>0x3f6d5f</run_address>
         <size>0x47</size>
         <input_file_ref idref="fl-f"/>
      </object_component>
      <object_component id="oc-9e">
         <name>IQmathTables</name>
         <load_address>0x3fe000</load_address>
         <run_address>0x3fe000</run_address>
         <size>0xb50</size>
         <input_file_ref idref="fl-10"/>
      </object_component>
      <object_component id="oc-a0">
         <name>.reset</name>
         <load_address>0x3fffc0</load_address>
         <run_address>0x3fffc0</run_address>
         <size>0x2</size>
         <input_file_ref idref="fl-11"/>
      </object_component>
      <object_component id="oc-48">
         <name>DLOG</name>
         <uninitialized>true</uninitialized>
         <run_address>0x9000</run_address>
         <size>0x640</size>
         <input_file_ref idref="fl-3"/>
      </object_component>
      <object_component id="oc-49">
         <name>.debug_info</name>
         <load_address>0x0</load_address>
         <run_address>0x0</run_address>
         <size>0x131</size>
         <input_file_ref idref="fl-3"/>
      </object_component>
      <object_component id="oc-4f">
         <name>.debug_info</name>
         <load_address>0x131</load_address>
         <run_address>0x131</run_address>
         <size>0x225</size>
         <input_file_ref idref="fl-4"/>
      </object_component>
      <object_component id="oc-53">
         <name>.debug_info</name>
         <load_address>0x356</load_address>
         <run_address>0x356</run_address>
         <size>0x92f</size>
         <input_file_ref idref="fl-5"/>
      </object_component>
      <object_component id="oc-59">
         <name>.debug_info</name>
         <load_address>0xc85</load_address>
         <run_address>0xc85</run_address>
         <size>0x138d8</size>
         <input_file_ref idref="fl-6"/>
      </object_component>
      <object_component id="oc-89">
         <name>.debug_info</name>
         <load_address>0x1455d</load_address>
         <run_address>0x1455d</run_address>
         <size>0x128</size>
         <input_file_ref idref="fl-7"/>
      </object_component>
      <object_component id="oc-8d">
         <name>.debug_info</name>
         <load_address>0x14685</load_address>
         <run_address>0x14685</run_address>
         <size>0x46fa</size>
         <input_file_ref idref="fl-8"/>
      </object_component>
      <object_component id="oc-93">
         <name>.debug_info</name>
         <load_address>0x18d7f</load_address>
         <run_address>0x18d7f</run_address>
         <size>0x939c</size>
         <input_file_ref idref="fl-9"/>
      </object_component>
      <object_component id="oc-a1">
         <name>.debug_info</name>
         <load_address>0x2211b</load_address>
         <run_address>0x2211b</run_address>
         <size>0x187</size>
         <input_file_ref idref="fl-11"/>
      </object_component>
      <object_component id="oc-a5">
         <name>.debug_info</name>
         <load_address>0x222a2</load_address>
         <run_address>0x222a2</run_address>
         <size>0x591</size>
         <input_file_ref idref="fl-12"/>
      </object_component>
      <object_component id="oc-ab">
         <name>.debug_info</name>
         <load_address>0x22833</load_address>
         <run_address>0x22833</run_address>
         <size>0x12e</size>
         <input_file_ref idref="fl-13"/>
      </object_component>
      <object_component id="oc-af">
         <name>.debug_info</name>
         <load_address>0x22961</load_address>
         <run_address>0x22961</run_address>
         <size>0x515</size>
         <input_file_ref idref="fl-14"/>
      </object_component>
      <object_component id="oc-b7">
         <name>.debug_info</name>
         <load_address>0x22e76</load_address>
         <run_address>0x22e76</run_address>
         <size>0x128</size>
         <input_file_ref idref="fl-15"/>
      </object_component>
      <object_component id="oc-bc">
         <name>.debug_info</name>
         <load_address>0x22f9e</load_address>
         <run_address>0x22f9e</run_address>
         <size>0x128</size>
         <input_file_ref idref="fl-16"/>
      </object_component>
      <object_component id="oc-c1">
         <name>.debug_info</name>
         <load_address>0x230c6</load_address>
         <run_address>0x230c6</run_address>
         <size>0x128</size>
         <input_file_ref idref="fl-17"/>
      </object_component>
      <object_component id="oc-c6">
         <name>.debug_info</name>
         <load_address>0x231ee</load_address>
         <run_address>0x231ee</run_address>
         <size>0x128</size>
         <input_file_ref idref="fl-18"/>
      </object_component>
      <object_component id="oc-cb">
         <name>.debug_info</name>
         <load_address>0x23316</load_address>
         <run_address>0x23316</run_address>
         <size>0x128</size>
         <input_file_ref idref="fl-19"/>
      </object_component>
      <object_component id="oc-d0">
         <name>.debug_info</name>
         <load_address>0x2343e</load_address>
         <run_address>0x2343e</run_address>
         <size>0x12b</size>
         <input_file_ref idref="fl-1a"/>
      </object_component>
      <object_component id="oc-d5">
         <name>.debug_info</name>
         <load_address>0x23569</load_address>
         <run_address>0x23569</run_address>
         <size>0x134</size>
         <input_file_ref idref="fl-1b"/>
      </object_component>
      <object_component id="oc-da">
         <name>.debug_info</name>
         <load_address>0x2369d</load_address>
         <run_address>0x2369d</run_address>
         <size>0x132</size>
         <input_file_ref idref="fl-1c"/>
      </object_component>
      <object_component id="oc-de">
         <name>.debug_info</name>
         <load_address>0x237cf</load_address>
         <run_address>0x237cf</run_address>
         <size>0x34c</size>
         <input_file_ref idref="fl-1d"/>
      </object_component>
      <object_component id="oc-e3">
         <name>.debug_info</name>
         <load_address>0x23b1b</load_address>
         <run_address>0x23b1b</run_address>
         <size>0x349</size>
         <input_file_ref idref="fl-1e"/>
      </object_component>
      <object_component id="oc-e8">
         <name>.debug_info</name>
         <load_address>0x23e64</load_address>
         <run_address>0x23e64</run_address>
         <size>0x46b</size>
         <input_file_ref idref="fl-1f"/>
      </object_component>
      <object_component id="oc-ed">
         <name>.debug_info</name>
         <load_address>0x242cf</load_address>
         <run_address>0x242cf</run_address>
         <size>0x438</size>
         <input_file_ref idref="fl-20"/>
      </object_component>
      <object_component id="oc-14f">
         <name>.debug_info</name>
         <load_address>0x24707</load_address>
         <run_address>0x24707</run_address>
         <size>0xe1</size>
      </object_component>
      <object_component id="oc-4a">
         <name>.debug_line</name>
         <load_address>0x0</load_address>
         <run_address>0x0</run_address>
         <size>0x7f</size>
         <input_file_ref idref="fl-3"/>
      </object_component>
      <object_component id="oc-50">
         <name>.debug_line</name>
         <load_address>0x7f</load_address>
         <run_address>0x7f</run_address>
         <size>0xa3</size>
         <input_file_ref idref="fl-4"/>
      </object_component>
      <object_component id="oc-56">
         <name>.debug_line</name>
         <load_address>0x122</load_address>
         <run_address>0x122</run_address>
         <size>0x88</size>
         <input_file_ref idref="fl-5"/>
      </object_component>
      <object_component id="oc-8a">
         <name>.debug_line</name>
         <load_address>0x1aa</load_address>
         <run_address>0x1aa</run_address>
         <size>0x48</size>
         <input_file_ref idref="fl-7"/>
      </object_component>
      <object_component id="oc-90">
         <name>.debug_line</name>
         <load_address>0x1f2</load_address>
         <run_address>0x1f2</run_address>
         <size>0x1f1</size>
         <input_file_ref idref="fl-8"/>
      </object_component>
      <object_component id="oc-9a">
         <name>.debug_line</name>
         <load_address>0x3e3</load_address>
         <run_address>0x3e3</run_address>
         <size>0x3b7</size>
         <input_file_ref idref="fl-9"/>
      </object_component>
      <object_component id="oc-a2">
         <name>.debug_line</name>
         <load_address>0x79a</load_address>
         <run_address>0x79a</run_address>
         <size>0x7d</size>
         <input_file_ref idref="fl-11"/>
      </object_component>
      <object_component id="oc-a7">
         <name>.debug_line</name>
         <load_address>0x817</load_address>
         <run_address>0x817</run_address>
         <size>0x64</size>
         <input_file_ref idref="fl-12"/>
      </object_component>
      <object_component id="oc-ac">
         <name>.debug_line</name>
         <load_address>0x87b</load_address>
         <run_address>0x87b</run_address>
         <size>0x50</size>
         <input_file_ref idref="fl-13"/>
      </object_component>
      <object_component id="oc-b3">
         <name>.debug_line</name>
         <load_address>0x8cb</load_address>
         <run_address>0x8cb</run_address>
         <size>0x65</size>
         <input_file_ref idref="fl-14"/>
      </object_component>
      <object_component id="oc-b8">
         <name>.debug_line</name>
         <load_address>0x930</load_address>
         <run_address>0x930</run_address>
         <size>0xa2</size>
         <input_file_ref idref="fl-15"/>
      </object_component>
      <object_component id="oc-bd">
         <name>.debug_line</name>
         <load_address>0x9d2</load_address>
         <run_address>0x9d2</run_address>
         <size>0x58</size>
         <input_file_ref idref="fl-16"/>
      </object_component>
      <object_component id="oc-c2">
         <name>.debug_line</name>
         <load_address>0xa2a</load_address>
         <run_address>0xa2a</run_address>
         <size>0x52</size>
         <input_file_ref idref="fl-17"/>
      </object_component>
      <object_component id="oc-c7">
         <name>.debug_line</name>
         <load_address>0xa7c</load_address>
         <run_address>0xa7c</run_address>
         <size>0xab</size>
         <input_file_ref idref="fl-18"/>
      </object_component>
      <object_component id="oc-cc">
         <name>.debug_line</name>
         <load_address>0xb27</load_address>
         <run_address>0xb27</run_address>
         <size>0x8d</size>
         <input_file_ref idref="fl-19"/>
      </object_component>
      <object_component id="oc-d1">
         <name>.debug_line</name>
         <load_address>0xbb4</load_address>
         <run_address>0xbb4</run_address>
         <size>0x56</size>
         <input_file_ref idref="fl-1a"/>
      </object_component>
      <object_component id="oc-d6">
         <name>.debug_line</name>
         <load_address>0xc0a</load_address>
         <run_address>0xc0a</run_address>
         <size>0x60</size>
         <input_file_ref idref="fl-1b"/>
      </object_component>
      <object_component id="oc-db">
         <name>.debug_line</name>
         <load_address>0xc6a</load_address>
         <run_address>0xc6a</run_address>
         <size>0x53</size>
         <input_file_ref idref="fl-1c"/>
      </object_component>
      <object_component id="oc-e0">
         <name>.debug_line</name>
         <load_address>0xcbd</load_address>
         <run_address>0xcbd</run_address>
         <size>0x3e</size>
         <input_file_ref idref="fl-1d"/>
      </object_component>
      <object_component id="oc-e5">
         <name>.debug_line</name>
         <load_address>0xcfb</load_address>
         <run_address>0xcfb</run_address>
         <size>0x3a</size>
         <input_file_ref idref="fl-1e"/>
      </object_component>
      <object_component id="oc-ea">
         <name>.debug_line</name>
         <load_address>0xd35</load_address>
         <run_address>0xd35</run_address>
         <size>0x5e</size>
         <input_file_ref idref="fl-1f"/>
      </object_component>
      <object_component id="oc-ef">
         <name>.debug_line</name>
         <load_address>0xd93</load_address>
         <run_address>0xd93</run_address>
         <size>0x55</size>
         <input_file_ref idref="fl-20"/>
      </object_component>
      <object_component id="oc-4b">
         <name>.debug_abbrev</name>
         <load_address>0x0</load_address>
         <run_address>0x0</run_address>
         <size>0x2f</size>
         <input_file_ref idref="fl-3"/>
      </object_component>
      <object_component id="oc-51">
         <name>.debug_abbrev</name>
         <load_address>0x2f</load_address>
         <run_address>0x2f</run_address>
         <size>0x21</size>
         <input_file_ref idref="fl-4"/>
      </object_component>
      <object_component id="oc-57">
         <name>.debug_abbrev</name>
         <load_address>0x50</load_address>
         <run_address>0x50</run_address>
         <size>0x10b</size>
         <input_file_ref idref="fl-5"/>
      </object_component>
      <object_component id="oc-87">
         <name>.debug_abbrev</name>
         <load_address>0x15b</load_address>
         <run_address>0x15b</run_address>
         <size>0xb7</size>
         <input_file_ref idref="fl-6"/>
      </object_component>
      <object_component id="oc-8b">
         <name>.debug_abbrev</name>
         <load_address>0x212</load_address>
         <run_address>0x212</run_address>
         <size>0x2f</size>
         <input_file_ref idref="fl-7"/>
      </object_component>
      <object_component id="oc-91">
         <name>.debug_abbrev</name>
         <load_address>0x241</load_address>
         <run_address>0x241</run_address>
         <size>0x17f</size>
         <input_file_ref idref="fl-8"/>
      </object_component>
      <object_component id="oc-9b">
         <name>.debug_abbrev</name>
         <load_address>0x3c0</load_address>
         <run_address>0x3c0</run_address>
         <size>0x1be</size>
         <input_file_ref idref="fl-9"/>
      </object_component>
      <object_component id="oc-a3">
         <name>.debug_abbrev</name>
         <load_address>0x57e</load_address>
         <run_address>0x57e</run_address>
         <size>0x46</size>
         <input_file_ref idref="fl-11"/>
      </object_component>
      <object_component id="oc-a8">
         <name>.debug_abbrev</name>
         <load_address>0x5c4</load_address>
         <run_address>0x5c4</run_address>
         <size>0xfa</size>
         <input_file_ref idref="fl-12"/>
      </object_component>
      <object_component id="oc-ad">
         <name>.debug_abbrev</name>
         <load_address>0x6be</load_address>
         <run_address>0x6be</run_address>
         <size>0x32</size>
         <input_file_ref idref="fl-13"/>
      </object_component>
      <object_component id="oc-b4">
         <name>.debug_abbrev</name>
         <load_address>0x6f0</load_address>
         <run_address>0x6f0</run_address>
         <size>0x142</size>
         <input_file_ref idref="fl-14"/>
      </object_component>
      <object_component id="oc-b9">
         <name>.debug_abbrev</name>
         <load_address>0x832</load_address>
         <run_address>0x832</run_address>
         <size>0x38</size>
         <input_file_ref idref="fl-15"/>
      </object_component>
      <object_component id="oc-be">
         <name>.debug_abbrev</name>
         <load_address>0x86a</load_address>
         <run_address>0x86a</run_address>
         <size>0x38</size>
         <input_file_ref idref="fl-16"/>
      </object_component>
      <object_component id="oc-c3">
         <name>.debug_abbrev</name>
         <load_address>0x8a2</load_address>
         <run_address>0x8a2</run_address>
         <size>0x38</size>
         <input_file_ref idref="fl-17"/>
      </object_component>
      <object_component id="oc-c8">
         <name>.debug_abbrev</name>
         <load_address>0x8da</load_address>
         <run_address>0x8da</run_address>
         <size>0x38</size>
         <input_file_ref idref="fl-18"/>
      </object_component>
      <object_component id="oc-cd">
         <name>.debug_abbrev</name>
         <load_address>0x912</load_address>
         <run_address>0x912</run_address>
         <size>0x38</size>
         <input_file_ref idref="fl-19"/>
      </object_component>
      <object_component id="oc-d2">
         <name>.debug_abbrev</name>
         <load_address>0x94a</load_address>
         <run_address>0x94a</run_address>
         <size>0x38</size>
         <input_file_ref idref="fl-1a"/>
      </object_component>
      <object_component id="oc-d7">
         <name>.debug_abbrev</name>
         <load_address>0x982</load_address>
         <run_address>0x982</run_address>
         <size>0x38</size>
         <input_file_ref idref="fl-1b"/>
      </object_component>
      <object_component id="oc-dc">
         <name>.debug_abbrev</name>
         <load_address>0x9ba</load_address>
         <run_address>0x9ba</run_address>
         <size>0x38</size>
         <input_file_ref idref="fl-1c"/>
      </object_component>
      <object_component id="oc-e1">
         <name>.debug_abbrev</name>
         <load_address>0x9f2</load_address>
         <run_address>0x9f2</run_address>
         <size>0x68</size>
         <input_file_ref idref="fl-1d"/>
      </object_component>
      <object_component id="oc-e6">
         <name>.debug_abbrev</name>
         <load_address>0xa5a</load_address>
         <run_address>0xa5a</run_address>
         <size>0x66</size>
         <input_file_ref idref="fl-1e"/>
      </object_component>
      <object_component id="oc-eb">
         <name>.debug_abbrev</name>
         <load_address>0xac0</load_address>
         <run_address>0xac0</run_address>
         <size>0xb2</size>
         <input_file_ref idref="fl-1f"/>
      </object_component>
      <object_component id="oc-f0">
         <name>.debug_abbrev</name>
         <load_address>0xb72</load_address>
         <run_address>0xb72</run_address>
         <size>0xfe</size>
         <input_file_ref idref="fl-20"/>
      </object_component>
      <object_component id="oc-150">
         <name>.debug_abbrev</name>
         <load_address>0xc70</load_address>
         <run_address>0xc70</run_address>
         <size>0xf</size>
      </object_component>
      <object_component id="oc-4c">
         <name>.debug_aranges</name>
         <load_address>0x0</load_address>
         <run_address>0x0</run_address>
         <size>0x20</size>
         <input_file_ref idref="fl-3"/>
      </object_component>
      <object_component id="oc-52">
         <name>.debug_aranges</name>
         <load_address>0x20</load_address>
         <run_address>0x20</run_address>
         <size>0x28</size>
         <input_file_ref idref="fl-4"/>
      </object_component>
      <object_component id="oc-58">
         <name>.debug_aranges</name>
         <load_address>0x48</load_address>
         <run_address>0x48</run_address>
         <size>0x28</size>
         <input_file_ref idref="fl-5"/>
      </object_component>
      <object_component id="oc-8c">
         <name>.debug_aranges</name>
         <load_address>0x70</load_address>
         <run_address>0x70</run_address>
         <size>0x20</size>
         <input_file_ref idref="fl-7"/>
      </object_component>
      <object_component id="oc-92">
         <name>.debug_aranges</name>
         <load_address>0x90</load_address>
         <run_address>0x90</run_address>
         <size>0x58</size>
         <input_file_ref idref="fl-8"/>
      </object_component>
      <object_component id="oc-9c">
         <name>.debug_aranges</name>
         <load_address>0xe8</load_address>
         <run_address>0xe8</run_address>
         <size>0x78</size>
         <input_file_ref idref="fl-9"/>
      </object_component>
      <object_component id="oc-a4">
         <name>.debug_aranges</name>
         <load_address>0x160</load_address>
         <run_address>0x160</run_address>
         <size>0x20</size>
         <input_file_ref idref="fl-11"/>
      </object_component>
      <object_component id="oc-a9">
         <name>.debug_aranges</name>
         <load_address>0x180</load_address>
         <run_address>0x180</run_address>
         <size>0x20</size>
         <input_file_ref idref="fl-12"/>
      </object_component>
      <object_component id="oc-ae">
         <name>.debug_aranges</name>
         <load_address>0x1a0</load_address>
         <run_address>0x1a0</run_address>
         <size>0x20</size>
         <input_file_ref idref="fl-13"/>
      </object_component>
      <object_component id="oc-b5">
         <name>.debug_aranges</name>
         <load_address>0x1c0</load_address>
         <run_address>0x1c0</run_address>
         <size>0x28</size>
         <input_file_ref idref="fl-14"/>
      </object_component>
      <object_component id="oc-ba">
         <name>.debug_aranges</name>
         <load_address>0x1e8</load_address>
         <run_address>0x1e8</run_address>
         <size>0x20</size>
         <input_file_ref idref="fl-15"/>
      </object_component>
      <object_component id="oc-bf">
         <name>.debug_aranges</name>
         <load_address>0x208</load_address>
         <run_address>0x208</run_address>
         <size>0x20</size>
         <input_file_ref idref="fl-16"/>
      </object_component>
      <object_component id="oc-c4">
         <name>.debug_aranges</name>
         <load_address>0x228</load_address>
         <run_address>0x228</run_address>
         <size>0x20</size>
         <input_file_ref idref="fl-17"/>
      </object_component>
      <object_component id="oc-c9">
         <name>.debug_aranges</name>
         <load_address>0x248</load_address>
         <run_address>0x248</run_address>
         <size>0x20</size>
         <input_file_ref idref="fl-18"/>
      </object_component>
      <object_component id="oc-ce">
         <name>.debug_aranges</name>
         <load_address>0x268</load_address>
         <run_address>0x268</run_address>
         <size>0x20</size>
         <input_file_ref idref="fl-19"/>
      </object_component>
      <object_component id="oc-d3">
         <name>.debug_aranges</name>
         <load_address>0x288</load_address>
         <run_address>0x288</run_address>
         <size>0x20</size>
         <input_file_ref idref="fl-1a"/>
      </object_component>
      <object_component id="oc-d8">
         <name>.debug_aranges</name>
         <load_address>0x2a8</load_address>
         <run_address>0x2a8</run_address>
         <size>0x20</size>
         <input_file_ref idref="fl-1b"/>
      </object_component>
      <object_component id="oc-dd">
         <name>.debug_aranges</name>
         <load_address>0x2c8</load_address>
         <run_address>0x2c8</run_address>
         <size>0x20</size>
         <input_file_ref idref="fl-1c"/>
      </object_component>
      <object_component id="oc-e2">
         <name>.debug_aranges</name>
         <load_address>0x2e8</load_address>
         <run_address>0x2e8</run_address>
         <size>0x20</size>
         <input_file_ref idref="fl-1d"/>
      </object_component>
      <object_component id="oc-e7">
         <name>.debug_aranges</name>
         <load_address>0x308</load_address>
         <run_address>0x308</run_address>
         <size>0x20</size>
         <input_file_ref idref="fl-1e"/>
      </object_component>
      <object_component id="oc-ec">
         <name>.debug_aranges</name>
         <load_address>0x328</load_address>
         <run_address>0x328</run_address>
         <size>0x30</size>
         <input_file_ref idref="fl-1f"/>
      </object_component>
      <object_component id="oc-f1">
         <name>.debug_aranges</name>
         <load_address>0x358</load_address>
         <run_address>0x358</run_address>
         <size>0x20</size>
         <input_file_ref idref="fl-20"/>
      </object_component>
      <object_component id="oc-55">
         <name>.debug_frame</name>
         <load_address>0x0</load_address>
         <run_address>0x0</run_address>
         <size>0x93</size>
         <input_file_ref idref="fl-5"/>
      </object_component>
      <object_component id="oc-8f">
         <name>.debug_frame</name>
         <load_address>0x93</load_address>
         <run_address>0x93</run_address>
         <size>0x11e</size>
         <input_file_ref idref="fl-8"/>
      </object_component>
      <object_component id="oc-99">
         <name>.debug_frame</name>
         <load_address>0x1b1</load_address>
         <run_address>0x1b1</run_address>
         <size>0x1fb</size>
         <input_file_ref idref="fl-9"/>
      </object_component>
      <object_component id="oc-a6">
         <name>.debug_frame</name>
         <load_address>0x3ac</load_address>
         <run_address>0x3ac</run_address>
         <size>0x90</size>
         <input_file_ref idref="fl-12"/>
      </object_component>
      <object_component id="oc-b2">
         <name>.debug_frame</name>
         <load_address>0x43c</load_address>
         <run_address>0x43c</run_address>
         <size>0x95</size>
         <input_file_ref idref="fl-14"/>
      </object_component>
      <object_component id="oc-df">
         <name>.debug_frame</name>
         <load_address>0x4d1</load_address>
         <run_address>0x4d1</run_address>
         <size>0x77</size>
         <input_file_ref idref="fl-1d"/>
      </object_component>
      <object_component id="oc-e4">
         <name>.debug_frame</name>
         <load_address>0x548</load_address>
         <run_address>0x548</run_address>
         <size>0x77</size>
         <input_file_ref idref="fl-1e"/>
      </object_component>
      <object_component id="oc-e9">
         <name>.debug_frame</name>
         <load_address>0x5bf</load_address>
         <run_address>0x5bf</run_address>
         <size>0xa1</size>
         <input_file_ref idref="fl-1f"/>
      </object_component>
      <object_component id="oc-ee">
         <name>.debug_frame</name>
         <load_address>0x660</load_address>
         <run_address>0x660</run_address>
         <size>0x77</size>
         <input_file_ref idref="fl-20"/>
      </object_component>
   </object_component_list>
   <logical_group_list>
      <logical_group id="lg-3" display="no" color="cyan">
         <name>PieVectTableFile</name>
         <run_address>0xd00</run_address>
         <size>0x100</size>
         <contents>
            <object_component_ref idref="oc-85"/>
         </contents>
      </logical_group>
      <logical_group id="lg-5" display="no" color="cyan">
         <name>EmuKeyVar</name>
         <run_address>0xd00</run_address>
         <size>0x1</size>
         <contents>
            <object_component_ref idref="oc-5a"/>
         </contents>
      </logical_group>
      <logical_group id="lg-6" display="no" color="cyan">
         <name>EmuBModeVar</name>
         <run_address>0xd01</run_address>
         <size>0x1</size>
         <contents>
            <object_component_ref idref="oc-5c"/>
         </contents>
      </logical_group>
      <logical_group id="lg-7" display="no" color="cyan">
         <name>FlashCallbackVar</name>
         <run_address>0xd02</run_address>
         <size>0x2</size>
         <contents>
            <object_component_ref idref="oc-5d"/>
         </contents>
      </logical_group>
      <logical_group id="lg-8" display="no" color="cyan">
         <name>FlashScalingVar</name>
         <run_address>0xd04</run_address>
         <size>0x2</size>
         <contents>
            <object_component_ref idref="oc-5e"/>
         </contents>
      </logical_group>
      <logical_group id="lg-4" display="no" color="cyan">
         <name>GROUP_2</name>
         <run_address>0xd00</run_address>
         <size>0x6</size>
         <contents>
            <logical_group_ref idref="lg-5"/>
            <logical_group_ref idref="lg-6"/>
            <logical_group_ref idref="lg-7"/>
            <logical_group_ref idref="lg-8"/>
         </contents>
      </logical_group>
      <overlay id="lg-2" display="no" color="cyan">
         <name>UNION_1</name>
         <run_address>0xd00</run_address>
         <size>0x100</size>
         <contents>
            <logical_group_ref idref="lg-3"/>
            <logical_group_ref idref="lg-4"/>
         </contents>
      </overlay>
      <logical_group id="lg-9" display="no" color="cyan">
         <name>DevEmuRegsFile</name>
         <run_address>0x880</run_address>
         <size>0x4</size>
         <contents>
            <object_component_ref idref="oc-5f"/>
         </contents>
      </logical_group>
      <logical_group id="lg-a" display="no" color="cyan">
         <name>SysPwrCtrlRegsFile</name>
         <run_address>0x0</run_address>
         <size>0x0</size>
         <contents>
         </contents>
      </logical_group>
      <logical_group id="lg-b" display="no" color="cyan">
         <name>FlashRegsFile</name>
         <run_address>0xa80</run_address>
         <size>0x8</size>
         <contents>
            <object_component_ref idref="oc-60"/>
         </contents>
      </logical_group>
      <logical_group id="lg-c" display="no" color="cyan">
         <name>CsmRegsFile</name>
         <run_address>0xae0</run_address>
         <size>0x10</size>
         <contents>
            <object_component_ref idref="oc-6a"/>
         </contents>
      </logical_group>
      <logical_group id="lg-d" display="no" color="cyan">
         <name>AdcResultFile</name>
         <run_address>0xb00</run_address>
         <size>0x20</size>
         <contents>
            <object_component_ref idref="oc-70"/>
         </contents>
      </logical_group>
      <logical_group id="lg-e" display="no" color="cyan">
         <name>CpuTimer0RegsFile</name>
         <run_address>0xc00</run_address>
         <size>0x8</size>
         <contents>
            <object_component_ref idref="oc-61"/>
         </contents>
      </logical_group>
      <logical_group id="lg-f" display="no" color="cyan">
         <name>CpuTimer1RegsFile</name>
         <run_address>0xc08</run_address>
         <size>0x8</size>
         <contents>
            <object_component_ref idref="oc-64"/>
         </contents>
      </logical_group>
      <logical_group id="lg-10" display="no" color="cyan">
         <name>CpuTimer2RegsFile</name>
         <run_address>0xc10</run_address>
         <size>0x8</size>
         <contents>
            <object_component_ref idref="oc-62"/>
         </contents>
      </logical_group>
      <logical_group id="lg-11" display="no" color="cyan">
         <name>PieCtrlRegsFile</name>
         <run_address>0xce0</run_address>
         <size>0x1a</size>
         <contents>
            <object_component_ref idref="oc-6f"/>
         </contents>
      </logical_group>
      <logical_group id="lg-12" display="no" color="cyan">
         <name>Cla1RegsFile</name>
         <run_address>0x1400</run_address>
         <size>0x40</size>
         <contents>
            <object_component_ref idref="oc-7c"/>
         </contents>
      </logical_group>
      <logical_group id="lg-13" display="no" color="cyan">
         <name>ECanaRegsFile</name>
         <run_address>0x6000</run_address>
         <size>0x34</size>
         <contents>
            <object_component_ref idref="oc-75"/>
         </contents>
      </logical_group>
      <logical_group id="lg-14" display="no" color="cyan">
         <name>ECanaLAMRegsFile</name>
         <run_address>0x6040</run_address>
         <size>0x40</size>
         <contents>
            <object_component_ref idref="oc-7b"/>
         </contents>
      </logical_group>
      <logical_group id="lg-15" display="no" color="cyan">
         <name>ECanaMboxesFile</name>
         <run_address>0x6100</run_address>
         <size>0x100</size>
         <contents>
            <object_component_ref idref="oc-86"/>
         </contents>
      </logical_group>
      <logical_group id="lg-16" display="no" color="cyan">
         <name>ECanaMOTSRegsFile</name>
         <run_address>0x6080</run_address>
         <size>0x40</size>
         <contents>
            <object_component_ref idref="oc-7a"/>
         </contents>
      </logical_group>
      <logical_group id="lg-17" display="no" color="cyan">
         <name>ECanaMOTORegsFile</name>
         <run_address>0x60c0</run_address>
         <size>0x40</size>
         <contents>
            <object_component_ref idref="oc-82"/>
         </contents>
      </logical_group>
      <logical_group id="lg-18" display="no" color="cyan">
         <name>ECap1RegsFile</name>
         <run_address>0x6a00</run_address>
         <size>0x20</size>
         <contents>
            <object_component_ref idref="oc-72"/>
         </contents>
      </logical_group>
      <logical_group id="lg-19" display="no" color="cyan">
         <name>EQep1RegsFile</name>
         <run_address>0x6b00</run_address>
         <size>0x40</size>
         <contents>
            <object_component_ref idref="oc-81"/>
         </contents>
      </logical_group>
      <logical_group id="lg-1a" display="no" color="cyan">
         <name>LinaRegsFile</name>
         <run_address>0x6c00</run_address>
         <size>0x4a</size>
         <contents>
            <object_component_ref idref="oc-83"/>
         </contents>
      </logical_group>
      <logical_group id="lg-1b" display="no" color="cyan">
         <name>GpioCtrlRegsFile</name>
         <run_address>0x6f80</run_address>
         <size>0x40</size>
         <contents>
            <object_component_ref idref="oc-7f"/>
         </contents>
      </logical_group>
      <logical_group id="lg-1c" display="no" color="cyan">
         <name>GpioDataRegsFile</name>
         <run_address>0x6fc0</run_address>
         <size>0x20</size>
         <contents>
            <object_component_ref idref="oc-71"/>
         </contents>
      </logical_group>
      <logical_group id="lg-1d" display="no" color="cyan">
         <name>GpioIntRegsFile</name>
         <run_address>0x6fe0</run_address>
         <size>0xc</size>
         <contents>
            <object_component_ref idref="oc-65"/>
         </contents>
      </logical_group>
      <logical_group id="lg-1e" display="no" color="cyan">
         <name>SysCtrlRegsFile</name>
         <run_address>0x7010</run_address>
         <size>0x20</size>
         <contents>
            <object_component_ref idref="oc-73"/>
         </contents>
      </logical_group>
      <logical_group id="lg-1f" display="no" color="cyan">
         <name>SpiaRegsFile</name>
         <run_address>0x7040</run_address>
         <size>0x10</size>
         <contents>
            <object_component_ref idref="oc-67"/>
         </contents>
      </logical_group>
      <logical_group id="lg-20" display="no" color="cyan">
         <name>SpibRegsFile</name>
         <run_address>0x7740</run_address>
         <size>0x10</size>
         <contents>
            <object_component_ref idref="oc-66"/>
         </contents>
      </logical_group>
      <logical_group id="lg-21" display="no" color="cyan">
         <name>SciaRegsFile</name>
         <run_address>0x7050</run_address>
         <size>0x10</size>
         <contents>
            <object_component_ref idref="oc-69"/>
         </contents>
      </logical_group>
      <logical_group id="lg-22" display="no" color="cyan">
         <name>NmiIntruptRegsFile</name>
         <run_address>0x7060</run_address>
         <size>0x10</size>
         <contents>
            <object_component_ref idref="oc-68"/>
         </contents>
      </logical_group>
      <logical_group id="lg-23" display="no" color="cyan">
         <name>XIntruptRegsFile</name>
         <run_address>0x7070</run_address>
         <size>0x10</size>
         <contents>
            <object_component_ref idref="oc-6b"/>
         </contents>
      </logical_group>
      <logical_group id="lg-24" display="no" color="cyan">
         <name>AdcRegsFile</name>
         <run_address>0x7100</run_address>
         <size>0x50</size>
         <contents>
            <object_component_ref idref="oc-84"/>
         </contents>
      </logical_group>
      <logical_group id="lg-25" display="no" color="cyan">
         <name>I2caRegsFile</name>
         <run_address>0x7900</run_address>
         <size>0x22</size>
         <contents>
            <object_component_ref idref="oc-74"/>
         </contents>
      </logical_group>
      <logical_group id="lg-26" display="no" color="cyan">
         <name>Comp1RegsFile</name>
         <run_address>0x6400</run_address>
         <size>0x14</size>
         <contents>
            <object_component_ref idref="oc-6e"/>
         </contents>
      </logical_group>
      <logical_group id="lg-27" display="no" color="cyan">
         <name>Comp2RegsFile</name>
         <run_address>0x6420</run_address>
         <size>0x14</size>
         <contents>
            <object_component_ref idref="oc-6d"/>
         </contents>
      </logical_group>
      <logical_group id="lg-28" display="no" color="cyan">
         <name>Comp3RegsFile</name>
         <run_address>0x6440</run_address>
         <size>0x14</size>
         <contents>
            <object_component_ref idref="oc-6c"/>
         </contents>
      </logical_group>
      <logical_group id="lg-29" display="no" color="cyan">
         <name>EPwm1RegsFile</name>
         <run_address>0x6800</run_address>
         <size>0x40</size>
         <contents>
            <object_component_ref idref="oc-77"/>
         </contents>
      </logical_group>
      <logical_group id="lg-2a" display="no" color="cyan">
         <name>EPwm2RegsFile</name>
         <run_address>0x6840</run_address>
         <size>0x40</size>
         <contents>
            <object_component_ref idref="oc-76"/>
         </contents>
      </logical_group>
      <logical_group id="lg-2b" display="no" color="cyan">
         <name>EPwm3RegsFile</name>
         <run_address>0x6880</run_address>
         <size>0x40</size>
         <contents>
            <object_component_ref idref="oc-79"/>
         </contents>
      </logical_group>
      <logical_group id="lg-2c" display="no" color="cyan">
         <name>EPwm4RegsFile</name>
         <run_address>0x68c0</run_address>
         <size>0x40</size>
         <contents>
            <object_component_ref idref="oc-78"/>
         </contents>
      </logical_group>
      <logical_group id="lg-2d" display="no" color="cyan">
         <name>EPwm5RegsFile</name>
         <run_address>0x6900</run_address>
         <size>0x40</size>
         <contents>
            <object_component_ref idref="oc-80"/>
         </contents>
      </logical_group>
      <logical_group id="lg-2e" display="no" color="cyan">
         <name>EPwm6RegsFile</name>
         <run_address>0x6940</run_address>
         <size>0x40</size>
         <contents>
            <object_component_ref idref="oc-7e"/>
         </contents>
      </logical_group>
      <logical_group id="lg-2f" display="no" color="cyan">
         <name>EPwm7RegsFile</name>
         <run_address>0x6980</run_address>
         <size>0x40</size>
         <contents>
            <object_component_ref idref="oc-7d"/>
         </contents>
      </logical_group>
      <logical_group id="lg-30" display="no" color="cyan">
         <name>CsmPwlFile</name>
         <run_address>0x3f7ff8</run_address>
         <size>0x8</size>
         <contents>
            <object_component_ref idref="oc-63"/>
         </contents>
      </logical_group>
      <logical_group id="lg-31" display="no" color="cyan">
         <name>PartIdRegsFile</name>
         <run_address>0x3d7e80</run_address>
         <size>0x1</size>
         <contents>
            <object_component_ref idref="oc-5b"/>
         </contents>
      </logical_group>
      <logical_group id="lg-32" display="no" color="cyan">
         <name>.cinit</name>
         <load_address>0x3f6aec</load_address>
         <run_address>0x3f6aec</run_address>
         <size>0x273</size>
         <contents>
            <object_component_ref idref="oc-94"/>
            <object_component_ref idref="oc-b0"/>
            <object_component_ref idref="oc-f9"/>
            <object_component_ref idref="oc-fe"/>
         </contents>
      </logical_group>
      <logical_group id="lg-33" display="no" color="cyan">
         <name>.pinit</name>
         <run_address>0x0</run_address>
         <size>0x0</size>
         <contents>
         </contents>
      </logical_group>
      <logical_group id="lg-34" display="no" color="cyan">
         <name>.text</name>
         <load_address>0x3f6000</load_address>
         <run_address>0x3f6000</run_address>
         <size>0xaec</size>
         <contents>
            <object_component_ref idref="oc-f7"/>
            <object_component_ref idref="oc-fa"/>
            <object_component_ref idref="oc-b6"/>
            <object_component_ref idref="oc-c5"/>
            <object_component_ref idref="oc-fc"/>
            <object_component_ref idref="oc-97"/>
            <object_component_ref idref="oc-ca"/>
            <object_component_ref idref="oc-46"/>
            <object_component_ref idref="oc-47"/>
            <object_component_ref idref="oc-f3"/>
            <object_component_ref idref="oc-f6"/>
            <object_component_ref idref="oc-d4"/>
            <object_component_ref idref="oc-bb"/>
            <object_component_ref idref="oc-cf"/>
            <object_component_ref idref="oc-aa"/>
            <object_component_ref idref="oc-d9"/>
            <object_component_ref idref="oc-f5"/>
            <object_component_ref idref="oc-c0"/>
            <object_component_ref idref="oc-fd"/>
            <object_component_ref idref="oc-4d"/>
            <object_component_ref idref="oc-8e"/>
            <object_component_ref idref="oc-f2"/>
            <object_component_ref idref="oc-f4"/>
         </contents>
      </logical_group>
      <logical_group id="lg-35" display="no" color="cyan">
         <name>codestart</name>
         <load_address>0x3f7ff6</load_address>
         <run_address>0x3f7ff6</run_address>
         <size>0x2</size>
         <contents>
            <object_component_ref idref="oc-4e"/>
         </contents>
      </logical_group>
      <logical_group id="lg-36" display="no" color="cyan">
         <name>ramfuncs</name>
         <load_address>0x3f0000</load_address>
         <run_address>0x8000</run_address>
         <size>0xf89</size>
         <contents>
            <object_component_ref idref="oc-96"/>
            <object_component_ref idref="oc-fb"/>
            <object_component_ref idref="oc-88"/>
         </contents>
      </logical_group>
      <logical_group id="lg-37" display="no" color="cyan">
         <name>csmpasswds</name>
         <run_address>0x0</run_address>
         <size>0x0</size>
         <contents>
         </contents>
      </logical_group>
      <logical_group id="lg-38" display="no" color="cyan">
         <name>csm_rsvd</name>
         <run_address>0x0</run_address>
         <size>0x0</size>
         <contents>
         </contents>
      </logical_group>
      <logical_group id="lg-39" display="no" color="cyan">
         <name>.stack</name>
         <run_address>0x50</run_address>
         <size>0x380</size>
         <contents>
            <object_component_ref idref="oc-9f"/>
            <object_component_ref idref="oc-14e"/>
         </contents>
      </logical_group>
      <logical_group id="lg-3a" display="no" color="cyan">
         <name>.ebss</name>
         <run_address>0x9640</run_address>
         <size>0x258</size>
         <contents>
            <object_component_ref idref="oc-54"/>
            <object_component_ref idref="oc-95"/>
            <object_component_ref idref="oc-b1"/>
            <object_component_ref idref="oc-ff"/>
            <object_component_ref idref="oc-f8"/>
         </contents>
      </logical_group>
      <logical_group id="lg-3b" display="no" color="cyan">
         <name>.esysmem</name>
         <run_address>0x0</run_address>
         <size>0x0</size>
         <contents>
         </contents>
      </logical_group>
      <logical_group id="lg-3c" display="no" color="cyan">
         <name>.econst</name>
         <load_address>0x3f6da6</load_address>
         <run_address>0x3f6da6</run_address>
         <size>0x4</size>
         <contents>
            <object_component_ref idref="oc-98"/>
         </contents>
      </logical_group>
      <logical_group id="lg-3d" display="no" color="cyan">
         <name>.switch</name>
         <run_address>0x0</run_address>
         <size>0x0</size>
         <contents>
         </contents>
      </logical_group>
      <logical_group id="lg-3e" display="no" color="cyan">
         <name>IQmath</name>
         <load_address>0x3f6d5f</load_address>
         <run_address>0x3f6d5f</run_address>
         <size>0x47</size>
         <contents>
            <object_component_ref idref="oc-9d"/>
         </contents>
      </logical_group>
      <logical_group id="lg-3f" display="no" color="cyan">
         <name>IQmathTables</name>
         <load_address>0x3fe000</load_address>
         <run_address>0x3fe000</run_address>
         <size>0xb50</size>
         <contents>
            <object_component_ref idref="oc-9e"/>
         </contents>
      </logical_group>
      <logical_group id="lg-40" display="no" color="cyan">
         <name>Cla1ToCpuMsgRAM</name>
         <run_address>0x0</run_address>
         <size>0x0</size>
         <contents>
         </contents>
      </logical_group>
      <logical_group id="lg-41" display="no" color="cyan">
         <name>CpuToCla1MsgRAM</name>
         <run_address>0x0</run_address>
         <size>0x0</size>
         <contents>
         </contents>
      </logical_group>
      <logical_group id="lg-42" display="no" color="cyan">
         <name>.reset</name>
         <load_address>0x3fffc0</load_address>
         <run_address>0x3fffc0</run_address>
         <size>0x2</size>
         <contents>
            <object_component_ref idref="oc-a0"/>
         </contents>
      </logical_group>
      <logical_group id="lg-43" display="no" color="cyan">
         <name>vectors</name>
         <run_address>0x3fffc2</run_address>
         <size>0x0</size>
         <contents>
         </contents>
      </logical_group>
      <logical_group id="lg-44" display="no" color="cyan">
         <name>DLOG</name>
         <run_address>0x9000</run_address>
         <size>0x640</size>
         <contents>
            <object_component_ref idref="oc-48"/>
         </contents>
      </logical_group>
      <logical_group id="lg-100" display="no" color="cyan">
         <name>.ppdata</name>
         <run_address>0x0</run_address>
         <size>0x0</size>
         <contents>
         </contents>
      </logical_group>
      <logical_group id="lg-143" display="never" color="cyan">
         <name>.debug_info</name>
         <load_address>0x0</load_address>
         <run_address>0x0</run_address>
         <size>0x247e8</size>
         <contents>
            <object_component_ref idref="oc-49"/>
            <object_component_ref idref="oc-4f"/>
            <object_component_ref idref="oc-53"/>
            <object_component_ref idref="oc-59"/>
            <object_component_ref idref="oc-89"/>
            <object_component_ref idref="oc-8d"/>
            <object_component_ref idref="oc-93"/>
            <object_component_ref idref="oc-a1"/>
            <object_component_ref idref="oc-a5"/>
            <object_component_ref idref="oc-ab"/>
            <object_component_ref idref="oc-af"/>
            <object_component_ref idref="oc-b7"/>
            <object_component_ref idref="oc-bc"/>
            <object_component_ref idref="oc-c1"/>
            <object_component_ref idref="oc-c6"/>
            <object_component_ref idref="oc-cb"/>
            <object_component_ref idref="oc-d0"/>
            <object_component_ref idref="oc-d5"/>
            <object_component_ref idref="oc-da"/>
            <object_component_ref idref="oc-de"/>
            <object_component_ref idref="oc-e3"/>
            <object_component_ref idref="oc-e8"/>
            <object_component_ref idref="oc-ed"/>
            <object_component_ref idref="oc-14f"/>
         </contents>
      </logical_group>
      <logical_group id="lg-145" display="never" color="cyan">
         <name>.debug_line</name>
         <load_address>0x0</load_address>
         <run_address>0x0</run_address>
         <size>0xde8</size>
         <contents>
            <object_component_ref idref="oc-4a"/>
            <object_component_ref idref="oc-50"/>
            <object_component_ref idref="oc-56"/>
            <object_component_ref idref="oc-8a"/>
            <object_component_ref idref="oc-90"/>
            <object_component_ref idref="oc-9a"/>
            <object_component_ref idref="oc-a2"/>
            <object_component_ref idref="oc-a7"/>
            <object_component_ref idref="oc-ac"/>
            <object_component_ref idref="oc-b3"/>
            <object_component_ref idref="oc-b8"/>
            <object_component_ref idref="oc-bd"/>
            <object_component_ref idref="oc-c2"/>
            <object_component_ref idref="oc-c7"/>
            <object_component_ref idref="oc-cc"/>
            <object_component_ref idref="oc-d1"/>
            <object_component_ref idref="oc-d6"/>
            <object_component_ref idref="oc-db"/>
            <object_component_ref idref="oc-e0"/>
            <object_component_ref idref="oc-e5"/>
            <object_component_ref idref="oc-ea"/>
            <object_component_ref idref="oc-ef"/>
         </contents>
      </logical_group>
      <logical_group id="lg-147" display="never" color="cyan">
         <name>.debug_abbrev</name>
         <load_address>0x0</load_address>
         <run_address>0x0</run_address>
         <size>0xc7f</size>
         <contents>
            <object_component_ref idref="oc-4b"/>
            <object_component_ref idref="oc-51"/>
            <object_component_ref idref="oc-57"/>
            <object_component_ref idref="oc-87"/>
            <object_component_ref idref="oc-8b"/>
            <object_component_ref idref="oc-91"/>
            <object_component_ref idref="oc-9b"/>
            <object_component_ref idref="oc-a3"/>
            <object_component_ref idref="oc-a8"/>
            <object_component_ref idref="oc-ad"/>
            <object_component_ref idref="oc-b4"/>
            <object_component_ref idref="oc-b9"/>
            <object_component_ref idref="oc-be"/>
            <object_component_ref idref="oc-c3"/>
            <object_component_ref idref="oc-c8"/>
            <object_component_ref idref="oc-cd"/>
            <object_component_ref idref="oc-d2"/>
            <object_component_ref idref="oc-d7"/>
            <object_component_ref idref="oc-dc"/>
            <object_component_ref idref="oc-e1"/>
            <object_component_ref idref="oc-e6"/>
            <object_component_ref idref="oc-eb"/>
            <object_component_ref idref="oc-f0"/>
            <object_component_ref idref="oc-150"/>
         </contents>
      </logical_group>
      <logical_group id="lg-149" display="never" color="cyan">
         <name>.debug_aranges</name>
         <load_address>0x0</load_address>
         <run_address>0x0</run_address>
         <size>0x378</size>
         <contents>
            <object_component_ref idref="oc-4c"/>
            <object_component_ref idref="oc-52"/>
            <object_component_ref idref="oc-58"/>
            <object_component_ref idref="oc-8c"/>
            <object_component_ref idref="oc-92"/>
            <object_component_ref idref="oc-9c"/>
            <object_component_ref idref="oc-a4"/>
            <object_component_ref idref="oc-a9"/>
            <object_component_ref idref="oc-ae"/>
            <object_component_ref idref="oc-b5"/>
            <object_component_ref idref="oc-ba"/>
            <object_component_ref idref="oc-bf"/>
            <object_component_ref idref="oc-c4"/>
            <object_component_ref idref="oc-c9"/>
            <object_component_ref idref="oc-ce"/>
            <object_component_ref idref="oc-d3"/>
            <object_component_ref idref="oc-d8"/>
            <object_component_ref idref="oc-dd"/>
            <object_component_ref idref="oc-e2"/>
            <object_component_ref idref="oc-e7"/>
            <object_component_ref idref="oc-ec"/>
            <object_component_ref idref="oc-f1"/>
         </contents>
      </logical_group>
      <logical_group id="lg-14b" display="never" color="cyan">
         <name>.debug_frame</name>
         <load_address>0x0</load_address>
         <run_address>0x0</run_address>
         <size>0x6d7</size>
         <contents>
            <object_component_ref idref="oc-55"/>
            <object_component_ref idref="oc-8f"/>
[...]
      </symbol>
      <symbol id="sm-2bb">
         <name>_TrigSel</name>
         <value>0x96e2</value>
         <object_component_ref idref="oc-95"/>
      </symbol>
      <symbol id="sm-2bc">
         <name>_RampDelay</name>
         <value>0x9678</value>
         <object_component_ref idref="oc-95"/>
      </symbol>
      <symbol id="sm-2bd">
         <name>_DfuncTesting</name>
         <value>0x9642</value>
         <object_component_ref idref="oc-95"/>
      </symbol>
      <symbol id="sm-2be">
         <name>_modinv1</name>
         <value>0x96ac</value>
         <object_component_ref idref="oc-95"/>
      </symbol>
      <symbol id="sm-2bf">
         <name>_SpeedRef2</name>
         <value>0x9668</value>
         <object_component_ref idref="oc-95"/>
      </symbol>
      <symbol id="sm-2c0">
         <name>_SpeedRef1</name>
         <value>0x966a</value>
         <object_component_ref idref="oc-95"/>
      </symbol>
      <symbol id="sm-2c1">
         <name>_DebounceISR</name>
         <value>0x3f6834</value>
         <object_component_ref idref="oc-97"/>
      </symbol>
      <symbol id="sm-2c2">
         <name>_BLDC_RotDirec</name>
         <value>0x9641</value>
         <object_component_ref idref="oc-95"/>
      </symbol>
      <symbol id="sm-2c3">
         <name>_dlog</name>
         <value>0x9780</value>
         <object_component_ref idref="oc-95"/>
      </symbol>
      <symbol id="sm-2c4">
         <name>_Tmp</name>
         <value>0x9672</value>
         <object_component_ref idref="oc-95"/>
      </symbol>
      <symbol id="sm-2c5">
         <name>_rc2</name>
         <value>0x9730</value>
         <object_component_ref idref="oc-95"/>
      </symbol>
      <symbol id="sm-2c6">
         <name>_rc1</name>
         <value>0x9710</value>
         <object_component_ref idref="oc-95"/>
      </symbol>
      <symbol id="sm-2c7">
         <name>_cmtn1</name>
         <value>0x9840</value>
         <object_component_ref idref="oc-95"/>
      </symbol>
      <symbol id="sm-2c8">
         <name>_BLDC_decelerateTicker</name>
         <value>0x9660</value>
         <object_component_ref idref="oc-95"/>
      </symbol>
      <symbol id="sm-2c9">
         <name>_B3</name>
         <value>0x3f6461</value>
         <object_component_ref idref="oc-f7"/>
      </symbol>
      <symbol id="sm-2ca">
         <name>_B2</name>
         <value>0x3f645b</value>
         <object_component_ref idref="oc-f7"/>
      </symbol>
      <symbol id="sm-2cb">
         <name>_B1</name>
         <value>0x3f6455</value>
         <object_component_ref idref="oc-f7"/>
      </symbol>
      <symbol id="sm-2cc">
         <name>_B0</name>
         <value>0x3f642d</value>
         <object_component_ref idref="oc-f7"/>
      </symbol>
      <symbol id="sm-2cd">
         <name>_A3</name>
         <value>0x3f644f</value>
         <object_component_ref idref="oc-f7"/>
      </symbol>
      <symbol id="sm-2ce">
         <name>_A2</name>
         <value>0x3f6449</value>
         <object_component_ref idref="oc-f7"/>
      </symbol>
      <symbol id="sm-2cf">
         <name>_A1</name>
         <value>0x3f6443</value>
         <object_component_ref idref="oc-f7"/>
      </symbol>
      <symbol id="sm-2d0">
         <name>_A0</name>
         <value>0x3f6414</value>
         <object_component_ref idref="oc-f7"/>
      </symbol>
      <symbol id="sm-2d1">
         <name>_ePWM</name>
         <value>0x9740</value>
         <object_component_ref idref="oc-95"/>
      </symbol>
      <symbol id="sm-2d2">
         <name>_pid2_spd</name>
         <value>0x97c0</value>
         <object_component_ref idref="oc-95"/>
      </symbol>
      <symbol id="sm-2d3">
         <name>_DebounceIsrTicker</name>
         <value>0x9666</value>
         <object_component_ref idref="oc-95"/>
      </symbol>
      <symbol id="sm-2d4">
         <name>_BackTicker</name>
         <value>0x964b</value>
         <object_component_ref idref="oc-95"/>
      </symbol>
      <symbol id="sm-2d5">
         <name>_EnableFlag</name>
         <value>0x9657</value>
         <object_component_ref idref="oc-95"/>
      </symbol>
      <symbol id="sm-2d6">
         <name>_OldBLDCmodStamp</name>
         <value>0x9647</value>
         <object_component_ref idref="oc-95"/>
      </symbol>
      <symbol id="sm-2d7">
         <name>_rmp2_1</name>
         <value>0x96c0</value>
         <object_component_ref idref="oc-95"/>
      </symbol>
      <symbol id="sm-2d8">
         <name>_rmp2_2</name>
         <value>0x96b2</value>
         <object_component_ref idref="oc-95"/>
      </symbol>
      <symbol id="sm-2d9">
         <name>_AlignFlag</name>
         <value>0x9656</value>
         <object_component_ref idref="oc-95"/>
      </symbol>
      <symbol id="sm-2da">
         <name>_eCAP</name>
         <value>0x967c</value>
         <object_component_ref idref="oc-95"/>
      </symbol>
      <symbol id="sm-2db">
         <name>_BLDC_decelDoneFlag</name>
         <value>0x9655</value>
         <object_component_ref idref="oc-95"/>
      </symbol>
      <symbol id="sm-2dc">
         <name>_eQEP</name>
         <value>0x9680</value>
         <object_component_ref idref="oc-95"/>
      </symbol>
      <symbol id="sm-2dd">
         <name>_ChSel</name>
         <value>0x9700</value>
         <object_component_ref idref="oc-95"/>
      </symbol>
      <symbol id="sm-2de">
         <name>_LoopCount</name>
         <value>0x9658</value>
         <object_component_ref idref="oc-95"/>
      </symbol>
      <symbol id="sm-2df">
         <name>_New_CtrlSwitchState</name>
         <value>0x9645</value>
         <object_component_ref idref="oc-95"/>
      </symbol>
      <symbol id="sm-2e0">
         <name>_TestProbe</name>
         <value>0x9662</value>
         <object_component_ref idref="oc-95"/>
      </symbol>
      <symbol id="sm-2e1">
         <name>_BackTickerFalse</name>
         <value>0x9649</value>
         <object_component_ref idref="oc-95"/>
      </symbol>
      <symbol id="sm-2e2">
         <name>_SerialCommsTimer</name>
         <value>0x9651</value>
         <object_component_ref idref="oc-95"/>
      </symbol>
      <symbol id="sm-2e3">
         <name>_VirtualTimer</name>
         <value>0x965e</value>
         <object_component_ref idref="oc-95"/>
      </symbol>
      <symbol id="sm-2e4">
         <name>_T</name>
         <value>0x965c</value>
         <object_component_ref idref="oc-95"/>
      </symbol>
      <symbol id="sm-2e5">
         <name>_DFuncDesired1</name>
         <value>0x964e</value>
         <object_component_ref idref="oc-95"/>
      </symbol>
      <symbol id="sm-2e6">
         <name>_DFuncDesired2</name>
         <value>0x9648</value>
         <object_component_ref idref="oc-95"/>
      </symbol>
      <symbol id="sm-2e7">
         <name>_cmtninv1</name>
         <value>0x9800</value>
         <object_component_ref idref="oc-95"/>
      </symbol>
      <symbol id="sm-2e8">
         <name>_BLDC_CtrlMod</name>
         <value>0x9640</value>
         <object_component_ref idref="oc-95"/>
      </symbol>
      <symbol id="sm-2e9">
         <name>_rmp3_1</name>
         <value>0x96d6</value>
         <object_component_ref idref="oc-95"/>
      </symbol>
      <symbol id="sm-2ea">
         <name>_rmp3_2</name>
         <value>0x96ca</value>
         <object_component_ref idref="oc-95"/>
      </symbol>
      <symbol id="sm-2f7">
         <name>__IQ24div</name>
         <value>0x3f6d5f</value>
         <object_component_ref idref="oc-9d"/>
      </symbol>
      <symbol id="sm-2fb">
         <name>_IQ16mpyRndSatTable</name>
         <value>0x3fea90</value>
         <object_component_ref idref="oc-9e"/>
      </symbol>
      <symbol id="sm-2fc">
         <name>_IQ24mpyRndSatTable</name>
         <value>0x3fea30</value>
         <object_component_ref idref="oc-9e"/>
      </symbol>
      <symbol id="sm-2fd">
         <name>_IQ13mpyRndSatTable</name>
         <value>0x3feab4</value>
         <object_component_ref idref="oc-9e"/>
      </symbol>
      <symbol id="sm-2fe">
         <name>_IQ21mpyRndSatTable</name>
         <value>0x3fea54</value>
         <object_component_ref idref="oc-9e"/>
      </symbol>
      <symbol id="sm-2ff">
         <name>_IQ10mpyRndSatTable</name>
         <value>0x3fead8</value>
         <object_component_ref idref="oc-9e"/>
      </symbol>
      <symbol id="sm-300">
         <name>_IQdivTable</name>
         <value>0x3fe510</value>
         <object_component_ref idref="oc-9e"/>
      </symbol>
      <symbol id="sm-301">
         <name>_IQ9mpyRndSatTable</name>
         <value>0x3feae4</value>
         <object_component_ref idref="oc-9e"/>
      </symbol>
      <symbol id="sm-302">
         <name>_IQ6mpyRndSatTable</name>
         <value>0x3feb08</value>
         <object_component_ref idref="oc-9e"/>
      </symbol>
      <symbol id="sm-303">
         <name>_IQatan2TableEnd</name>
         <value>0x3fe9e8</value>
         <object_component_ref idref="oc-9e"/>
      </symbol>
      <symbol id="sm-304">
         <name>_IQdivTableEnd</name>
         <value>0x3fe712</value>
         <object_component_ref idref="oc-9e"/>
      </symbol>
      <symbol id="sm-305">
         <name>_IQ29mpyRndSatTable</name>
         <value>0x3fe9f4</value>
         <object_component_ref idref="oc-9e"/>
      </symbol>
      <symbol id="sm-306">
         <name>_IQ3mpyRndSatTable</name>
         <value>0x3feb2c</value>
         <object_component_ref idref="oc-9e"/>
      </symbol>
      <symbol id="sm-307">
         <name>_IQ18mpyRndSatTable</name>
         <value>0x3fea78</value>
         <object_component_ref idref="oc-9e"/>
      </symbol>
      <symbol id="sm-308">
         <name>_IQ26mpyRndSatTable</name>
         <value>0x3fea18</value>
         <object_component_ref idref="oc-9e"/>
      </symbol>
      <symbol id="sm-309">
         <name>_IQcosTableEnd</name>
         <value>0x3fe502</value>
         <object_component_ref idref="oc-9e"/>
      </symbol>
      <symbol id="sm-30a">
         <name>_IQsinTableEnd</name>
         <value>0x3fe400</value>
         <object_component_ref idref="oc-9e"/>
      </symbol>
      <symbol id="sm-30b">
         <name>_IQ15mpyRndSatTable</name>
         <value>0x3fea9c</value>
         <object_component_ref idref="oc-9e"/>
      </symbol>
      <symbol id="sm-30c">
         <name>_IQ23mpyRndSatTable</name>
         <value>0x3fea3c</value>
         <object_component_ref idref="oc-9e"/>
      </symbol>
      <symbol id="sm-30d">
         <name>_IQ12mpyRndSatTable</name>
         <value>0x3feac0</value>
         <object_component_ref idref="oc-9e"/>
      </symbol>
      <symbol id="sm-30e">
         <name>_IQ20mpyRndSatTable</name>
         <value>0x3fea60</value>
         <object_component_ref idref="oc-9e"/>
      </symbol>
      <symbol id="sm-30f">
         <name>_IQisqrtTableEnd</name>
         <value>0x3fe824</value>
         <object_component_ref idref="oc-9e"/>
      </symbol>
      <symbol id="sm-310">
         <name>_IQ8mpyRndSatTable</name>
         <value>0x3feaf0</value>
         <object_component_ref idref="oc-9e"/>
      </symbol>
      <symbol id="sm-311">
         <name>_IQisqrtRoundSatTable</name>
         <value>0x3fe712</value>
         <object_component_ref idref="oc-9e"/>
      </symbol>
      <symbol id="sm-312">
         <name>_IQ5mpyRndSatTable</name>
         <value>0x3feb14</value>
         <object_component_ref idref="oc-9e"/>
      </symbol>
      <symbol id="sm-313">
         <name>_IQmpyRndSatTable</name>
         <value>0x3fe9e8</value>
         <object_component_ref idref="oc-9e"/>
      </symbol>
      <symbol id="sm-314">
         <name>_IQ28mpyRndSatTable</name>
         <value>0x3fea00</value>
         <object_component_ref idref="oc-9e"/>
      </symbol>
      <symbol id="sm-315">
         <name>_IQatan2Table</name>
         <value>0x3fe862</value>
         <object_component_ref idref="oc-9e"/>
      </symbol>
      <symbol id="sm-316">
         <name>_IQ2mpyRndSatTable</name>
         <value>0x3feb38</value>
         <object_component_ref idref="oc-9e"/>
      </symbol>
      <symbol id="sm-317">
         <name>_IQatan2HalfPITable</name>
         <value>0x3fe824</value>
         <object_component_ref idref="oc-9e"/>
      </symbol>
      <symbol id="sm-318">
         <name>_IQ17mpyRndSatTable</name>
         <value>0x3fea84</value>
         <object_component_ref idref="oc-9e"/>
      </symbol>
      <symbol id="sm-319">
         <name>_IQ25mpyRndSatTable</name>
         <value>0x3fea24</value>
         <object_component_ref idref="oc-9e"/>
      </symbol>
      <symbol id="sm-31a">
         <name>_IQsqrtTable</name>
         <value>0x3fe722</value>
         <object_component_ref idref="oc-9e"/>
      </symbol>
      <symbol id="sm-31b">
         <name>_IQsqrtTableEnd</name>
         <value>0x3fe824</value>
         <object_component_ref idref="oc-9e"/>
      </symbol>
      <symbol id="sm-31c">
         <name>_IQ14mpyRndSatTable</name>
         <value>0x3feaa8</value>
         <object_component_ref idref="oc-9e"/>
      </symbol>
      <symbol id="sm-31d">
         <name>_IQ22mpyRndSatTable</name>
         <value>0x3fea48</value>
         <object_component_ref idref="oc-9e"/>
      </symbol>
      <symbol id="sm-31e">
         <name>_IQ30mpyRndSatTable</name>
         <value>0x3fe9e8</value>
         <object_component_ref idref="oc-9e"/>
      </symbol>
      <symbol id="sm-31f">
         <name>_IQsqrtRoundSatTable</name>
         <value>0x3fe712</value>
         <object_component_ref idref="oc-9e"/>
      </symbol>
      <symbol id="sm-320">
         <name>_IQ11mpyRndSatTable</name>
         <value>0x3feacc</value>
         <object_component_ref idref="oc-9e"/>
      </symbol>
      <symbol id="sm-321">
         <name>_IQdivRoundSatTable</name>
         <value>0x3fe502</value>
         <object_component_ref idref="oc-9e"/>
      </symbol>
      <symbol id="sm-322">
         <name>_IQ7mpyRndSatTable</name>
         <value>0x3feafc</value>
         <object_component_ref idref="oc-9e"/>
      </symbol>
      <symbol id="sm-323">
         <name>_IQcosTable</name>
         <value>0x3fe100</value>
         <object_component_ref idref="oc-9e"/>
      </symbol>
      <symbol id="sm-324">
         <name>_IQisqrtTable</name>
         <value>0x3fe722</value>
         <object_component_ref idref="oc-9e"/>
      </symbol>
      <symbol id="sm-325">
         <name>_IQ4mpyRndSatTable</name>
         <value>0x3feb20</value>
         <object_component_ref idref="oc-9e"/>
      </symbol>
      <symbol id="sm-326">
         <name>_IQ19mpyRndSatTable</name>
         <value>0x3fea6c</value>
         <object_component_ref idref="oc-9e"/>
      </symbol>
      <symbol id="sm-327">
         <name>_IQ27mpyRndSatTable</name>
         <value>0x3fea0c</value>
         <object_component_ref idref="oc-9e"/>
      </symbol>
      <symbol id="sm-328">
         <name>_IQmpyRndSatTableEnd</name>
         <value>0x3feb50</value>
         <object_component_ref idref="oc-9e"/>
      </symbol>
      <symbol id="sm-329">
         <name>_IQ1mpyRndSatTable</name>
         <value>0x3feb44</value>
         <object_component_ref idref="oc-9e"/>
      </symbol>
      <symbol id="sm-32a">
         <name>_IQsinTable</name>
         <value>0x3fe000</value>
         <object_component_ref idref="oc-9e"/>
      </symbol>
      <symbol id="sm-345">
         <name>_c_int00</name>
         <value>0x3f68fd</value>
         <object_component_ref idref="oc-46"/>
      </symbol>
      <symbol id="sm-346">
         <name>__stack</name>
         <value>0x50</value>
         <object_component_ref idref="oc-9f"/>
      </symbol>
      <symbol id="sm-35c">
         <name>_copy_in</name>
         <value>0x3f699c</value>
         <object_component_ref idref="oc-f3"/>
      </symbol>
      <symbol id="sm-36b">
         <name>_ppcopy</name>
         <value>0x3f6a6f</value>
         <object_component_ref idref="oc-aa"/>
      </symbol>
      <symbol id="sm-36c">
         <name>_dpcopy</name>
         <value>0x3f6a6f</value>
         <object_component_ref idref="oc-aa"/>
      </symbol>
      <symbol id="sm-36d">
         <name>_pdcopy</name>
         <value>0x3f6a6f</value>
         <object_component_ref idref="oc-aa"/>
      </symbol>
      <symbol id="sm-36e">
         <name>_ddcopy</name>
         <value>0x3f6a6f</value>
         <object_component_ref idref="oc-aa"/>
      </symbol>
      <symbol id="sm-383">
         <name>C$$EXIT</name>
         <value>0x3f69e2</value>
         <object_component_ref idref="oc-f6"/>
      </symbol>
      <symbol id="sm-384">
         <name>_exit</name>
         <value>0x3f69e4</value>
         <object_component_ref idref="oc-f6"/>
      </symbol>
      <symbol id="sm-385">
         <name>___TI_cleanup_ptr</name>
         <value>0x986e</value>
         <object_component_ref idref="oc-b1"/>
      </symbol>
      <symbol id="sm-386">
         <name>___TI_enable_exit_profile_output</name>
         <value>0x986c</value>
         <object_component_ref idref="oc-b1"/>
      </symbol>
      <symbol id="sm-387">
         <name>_abort</name>
         <value>0x3f69e2</value>
         <object_component_ref idref="oc-f6"/>
      </symbol>
      <symbol id="sm-388">
         <name>___TI_dtors_ptr</name>
         <value>0x9870</value>
         <object_component_ref idref="oc-b1"/>
      </symbol>
      <symbol id="sm-39a">
         <name>FD$$MPY</name>
         <value>0x3f66bc</value>
         <object_component_ref idref="oc-b6"/>
      </symbol>
      <symbol id="sm-3a9">
         <name>FD$$TOL</name>
         <value>0x3f6a34</value>
         <object_component_ref idref="oc-bb"/>
      </symbol>
      <symbol id="sm-3bb">
         <name>FS$$CMP</name>
         <value>0x3f6abc</value>
         <object_component_ref idref="oc-c0"/>
      </symbol>
      <symbol id="sm-3cc">
         <name>FS$$DIV</name>
         <value>0x3f673f</value>
         <object_component_ref idref="oc-c5"/>
      </symbol>
      <symbol id="sm-3dd">
         <name>FS$$MPY</name>
         <value>0x3f68a3</value>
         <object_component_ref idref="oc-ca"/>
      </symbol>
      <symbol id="sm-3ed">
         <name>FS$$TOFD</name>
         <value>0x3f6a53</value>
         <object_component_ref idref="oc-cf"/>
      </symbol>
      <symbol id="sm-400">
         <name>FS$$TOL</name>
         <value>0x3f6a0b</value>
         <object_component_ref idref="oc-d4"/>
      </symbol>
      <symbol id="sm-40f">
         <name>L$$TOFS</name>
         <value>0x3f6a89</value>
         <object_component_ref idref="oc-d9"/>
      </symbol>
      <symbol id="sm-41c">
         <name>__system_pre_init</name>
         <value>0x3f6ae9</value>
         <object_component_ref idref="oc-f2"/>
      </symbol>
      <symbol id="sm-429">
         <name>__system_post_cinit</name>
         <value>0x3f6aeb</value>
         <object_component_ref idref="oc-f4"/>
      </symbol>
      <symbol id="sm-43e">
         <name>__unlock</name>
         <value>0x9874</value>
         <object_component_ref idref="oc-ff"/>
      </symbol>
      <symbol id="sm-43f">
         <name>__lock</name>
         <value>0x9872</value>
         <object_component_ref idref="oc-f8"/>
      </symbol>
      <symbol id="sm-440">
         <name>__register_lock</name>
         <value>0x3f6ad7</value>
         <object_component_ref idref="oc-fd"/>
      </symbol>
      <symbol id="sm-441">
         <name>__nop</name>
         <value>0x3f6adb</value>
         <object_component_ref idref="oc-fd"/>
      </symbol>
      <symbol id="sm-442">
         <name>__register_unlock</name>
         <value>0x3f6ad3</value>
         <object_component_ref idref="oc-fd"/>
      </symbol>
      <symbol id="sm-452">
         <name>__args_main</name>
         <value>0x3f6aa3</value>
         <object_component_ref idref="oc-f5"/>
      </symbol>
   </symbol_table>
   <title>Link successful</title>
</link_info>
