******************************************************************************
             TMS320C2000 Linker PC v15.12.1                    
******************************************************************************
>> Linked Tue Aug 09 06:51:30 2016

OUTPUT FILE NAME:   <HVBLDC_Sensorless.out>
ENTRY POINT SYMBOL: "_c_int00"  address: 003f6abc


MEMORY CONFIGURATION

         name            origin    length      used     unused   attr    fill
----------------------  --------  ---------  --------  --------  ----  --------
PAGE 0:
  progRAM               00008000   00001800  00001165  0000069b  RWIX
  OTP                   003d7800   00000400  00000000  00000400  RWIX
  FLASHH                003e8000   00002000  00000000  00002000  RWIX
  FLASHG                003ea000   00002000  00000000  00002000  RWIX
  FLASHF                003ec000   00002000  00000000  00002000  RWIX
  FLASHE                003ee000   00002000  00000000  00002000  RWIX
  FLASHD                003f0000   00002000  00001165  00000e9b  RWIX
  FLASHC                003f2000   00002000  00000000  00002000  RWIX
  FLASHA                003f6000   00001f80  00000fb6  00000fca  RWIX
  CSM_RSVD              003f7f80   00000076  00000000  00000076  RWIX
  BEGIN                 003f7ff6   00000002  00000002  00000000  RWIX
  CSM_PWL               003f7ff8   00000008  00000000  00000008  RWIX
  IQTABLES              003fe000   00000b50  00000b50  00000000  RWIX
  IQTABLES2             003feb50   0000008c  00000000  0000008c  RWIX
  IQTABLES3             003febdc   000000aa  00000000  000000aa  RWIX
  BOOTROM               003ff27c   00000d44  00000000  00000d44  RWIX
  RESET                 003fffc0   00000002  00000000  00000002  RWIX
  VECTORS               003fffc2   0000003e  00000000  0000003e  RWIX

PAGE 1:
  BOOT_RSVD             00000000   00000050  00000000  00000050  RWIX
  RAMM0                 00000050   000003b0  00000380  00000030  RWIX
  RAMM1                 00000400   00000400  00000258  000001a8  RWIX
  DEV_EMU               00000880   00000105  00000004  00000101  RWIX
  SYS_PWR_CTL           00000985   00000003  00000000  00000003  RWIX
  FLASH_REGS            00000a80   00000060  00000008  00000058  RWIX
  CSM                   00000ae0   00000010  00000010  00000000  RWIX
  ADC_RESULT            00000b00   00000020  00000020  00000000  RWIX
  CPU_TIMER0            00000c00   00000008  00000008  00000000  RWIX
  CPU_TIMER1            00000c08   00000008  00000008  00000000  RWIX
  CPU_TIMER2            00000c10   00000008  00000008  00000000  RWIX
  PIE_CTRL              00000ce0   00000020  0000001a  00000006  RWIX
  PIE_VECT              00000d00   00000100  00000100  00000000  RWIX
  CLA1                  00001400   00000080  00000040  00000040  RWIX
  CLA_CPU_MSGRAM        00001480   00000080  00000000  00000080  RWIX
  CPU_CLA_MSGRAM        00001500   00000080  00000000  00000080  RWIX
  ECANA                 00006000   00000040  00000034  0000000c  RWIX
  ECANA_LAM             00006040   00000040  00000040  00000000  RWIX
  ECANA_MOTS            00006080   00000040  00000040  00000000  RWIX
  ECANA_MOTO            000060c0   00000040  00000040  00000000  RWIX
  ECANA_MBOX            00006100   00000100  00000100  00000000  RWIX
  COMP1                 00006400   00000020  00000014  0000000c  RWIX
  COMP2                 00006420   00000020  00000014  0000000c  RWIX
  COMP3                 00006440   00000020  00000014  0000000c  RWIX
  EPWM1                 00006800   00000040  00000040  00000000  RWIX
  EPWM2                 00006840   00000040  00000040  00000000  RWIX
  EPWM3                 00006880   00000040  00000040  00000000  RWIX
  EPWM4                 000068c0   00000040  00000040  00000000  RWIX
  EPWM5                 00006900   00000040  00000040  00000000  RWIX
  EPWM6                 00006940   00000040  00000040  00000000  RWIX
  EPWM7                 00006980   00000040  00000040  00000000  RWIX
  ECAP1                 00006a00   00000020  00000020  00000000  RWIX
  EQEP1                 00006b00   00000040  00000040  00000000  RWIX
  LINA                  00006c00   00000080  0000004a  00000036  RWIX
  GPIOCTRL              00006f80   00000040  00000040  00000000  RWIX
  GPIODAT               00006fc0   00000020  00000020  00000000  RWIX
  GPIOINT               00006fe0   00000020  0000000c  00000014  RWIX
  SYSTEM                00007010   00000020  00000020  00000000  RWIX
  SPIA                  00007040   00000010  00000010  00000000  RWIX
  SCIA                  00007050   00000010  00000010  00000000  RWIX
  NMIINTRUPT            00007060   00000010  00000010  00000000  RWIX
  XINTRUPT              00007070   00000010  00000010  00000000  RWIX
  ADC                   00007100   00000080  00000050  00000030  RWIX
  SPIB                  00007740   00000010  00000010  00000000  RWIX
  I2CA                  00007900   00000040  00000022  0000001e  RWIX
  PARTID                003d7e80   00000001  00000001  00000000  RWIX
  FLASHB                003f4000   00002000  00000000  00002000  RWIX
  CSM_PWL               003f7ff8   00000008  00000008  00000000  RWIX


SECTION ALLOCATION MAP

 output                                  attributes/
section   page    origin      length       input sections
--------  ----  ----------  ----------   ----------------
DevEmuRegsFile 
*          1    00000880    00000004     UNINITIALIZED
                  00000880    00000004     DSP2803x_GlobalVariableDefs.obj (DevEmuRegsFile)

FlashRegsFile 
*          1    00000a80    00000008     UNINITIALIZED
                  00000a80    00000008     DSP2803x_GlobalVariableDefs.obj (FlashRegsFile)

CsmRegsFile 
*          1    00000ae0    00000010     UNINITIALIZED
                  00000ae0    00000010     DSP2803x_GlobalVariableDefs.obj (CsmRegsFile)

AdcResultFile 
*          1    00000b00    00000020     UNINITIALIZED
                  00000b00    00000020     DSP2803x_GlobalVariableDefs.obj (AdcResultFile)

CpuTimer0RegsFile 
*          1    00000c00    00000008     UNINITIALIZED
                  00000c00    00000008     DSP2803x_GlobalVariableDefs.obj (CpuTimer0RegsFile)

CpuTimer1RegsFile 
*          1    00000c08    00000008     UNINITIALIZED
                  00000c08    00000008     DSP2803x_GlobalVariableDefs.obj (CpuTimer1RegsFile)

CpuTimer2RegsFile 
*          1    00000c10    00000008     UNINITIALIZED
                  00000c10    00000008     DSP2803x_GlobalVariableDefs.obj (CpuTimer2RegsFile)

PieCtrlRegsFile 
*          1    00000ce0    0000001a     UNINITIALIZED
                  00000ce0    0000001a     DSP2803x_GlobalVariableDefs.obj (PieCtrlRegsFile)

PieVectTableFile 
*          1    00000d00    00000100     UNINITIALIZED
                  00000d00    00000100     DSP2803x_GlobalVariableDefs.obj (PieVectTableFile)

EmuKeyVar 
*          1    00000d00    00000001     UNINITIALIZED
                  00000d00    00000001     DSP2803x_GlobalVariableDefs.obj (EmuKeyVar)

EmuBModeVar 
*          1    00000d01    00000001     UNINITIALIZED
                  00000d01    00000001     DSP2803x_GlobalVariableDefs.obj (EmuBModeVar)

FlashCallbackVar 
*          1    00000d02    00000002     UNINITIALIZED
                  00000d02    00000002     DSP2803x_GlobalVariableDefs.obj (FlashCallbackVar)

FlashScalingVar 
*          1    00000d04    00000002     UNINITIALIZED
                  00000d04    00000002     DSP2803x_GlobalVariableDefs.obj (FlashScalingVar)

ramfuncs   0    003f0000    00001165     RUN ADDR = 00008000
                  003f0000    00001146     HVBLDC_Sensorless.obj (ramfuncs:retain)
                  003f1146    0000001b     HVBLDC_Sensorless-DevInit_F2803x.obj (ramfuncs)
                  003f1161    00000004     DSP2803x_usDelay.obj (ramfuncs)

.text      0    003f6000    00000ca6     
                  003f6000    0000058d     HVBLDC_Sensorless.obj (.text)
                  003f658d    0000020f     HVBLDC_Sensorless-DevInit_F2803x.obj (.text)
                  003f679c    00000083     rts2800_ml.lib : fd_mpy.obj (.text)
                  003f681f    00000083                    : fs_div.obj (.text)
                  003f68a2    00000078                    : fs_add.obj (.text)
                  003f691a    00000072     DSP2803x_CpuTimers.obj (.text)
                  003f698c    0000006d     i2c_gy80.obj (.text)
                  003f69f9    00000069     HVBLDC_Sensorless.obj (.text:retain)
                  003f6a62    0000005a     rts2800_ml.lib : fs_mpy.obj (.text)
                  003f6abc    00000054                    : boot.obj (.text)
                  003f6b10    00000046                    : cpy_tbl.obj (.text)
                  003f6b56    00000029                    : exit.obj (.text)
                  003f6b7f    00000029                    : fs_tol.obj (.text)
                  003f6ba8    0000001f                    : fd_tol.obj (.text)
                  003f6bc7    0000001d                    : fs_tou.obj (.text)
                  003f6be4    0000001c                    : fs_tofd.obj (.text)
                  003f6c00    0000001a                    : cpy_utils.obj (.text)
                  003f6c1a    0000001a                    : l_tofs.obj (.text)
                  003f6c34    00000019     DSP2803x_I2C.obj (.text)
                  003f6c4d    00000019     rts2800_ml.lib : args_main.obj (.text)
                  003f6c66    00000017                    : fs_cmp.obj (.text)
                  003f6c7d    00000010                    : u_tofs.obj (.text)
                  003f6c8d    00000009                    : _lock.obj (.text)
                  003f6c96    00000008     DSP2803x_CodeStartBranch.obj (.text)
                  003f6c9e    00000005     HVBLDC_Sensorless-DevInit_F2803x.obj (.text:retain)
                  003f6ca3    00000002     rts2800_ml.lib : pre_init.obj (.text)
                  003f6ca5    00000001                    : startup.obj (.text)

.cinit     0    003f6ca6    000002ad     
                  003f6ca6    00000293     HVBLDC_Sensorless.obj (.cinit)
                  003f6f39    0000000e     rts2800_ml.lib : exit.obj (.cinit)
                  003f6f47    00000005                    : _lock.obj (.cinit:__lock)
                  003f6f4c    00000005                    : _lock.obj (.cinit:__unlock)
                  003f6f51    00000002     --HOLE-- [fill = 0]

IQmath     0    003f6f53    0000005b     
                  003f6f53    00000047     IQmath.lib : IQ24div.obj (IQmath)
                  003f6f9a    00000014                : IQ24toF.obj (IQmath)

.econst    0    003f6fae    00000008     
                  003f6fae    00000004     HVBLDC_Sensorless-DevInit_F2803x.obj (.econst)
                  003f6fb2    00000004     HVBLDC_Sensorless.obj (.econst)

codestart 
*          0    003f7ff6    00000002     
                  003f7ff6    00000002     DSP2803x_CodeStartBranch.obj (codestart)

IQmathTables 
*          0    003fe000    00000b50     NOLOAD SECTION
                  003fe000    00000b50     IQmath.lib : IQmathTables.obj (IQmathTables)

.stack     1    00000050    00000380     UNINITIALIZED
                  00000050    00000380     --HOLE--

.ebss      1    00000400    00000258     UNINITIALIZED
                  00000400    0000022c     HVBLDC_Sensorless.obj (.ebss)
                  0000062c    00000006     rts2800_ml.lib : exit.obj (.ebss)
                  00000632    00000002                    : _lock.obj (.ebss:__lock)
                  00000634    00000002                    : _lock.obj (.ebss:__unlock)
                  00000636    0000000a     --HOLE--
                  00000640    00000018     DSP2803x_CpuTimers.obj (.ebss)

Cla1RegsFile 
*          1    00001400    00000040     UNINITIALIZED
                  00001400    00000040     DSP2803x_GlobalVariableDefs.obj (Cla1RegsFile)

ECanaRegsFile 
*          1    00006000    00000034     UNINITIALIZED
                  00006000    00000034     DSP2803x_GlobalVariableDefs.obj (ECanaRegsFile)

ECanaLAMRegsFile 
*          1    00006040    00000040     UNINITIALIZED
                  00006040    00000040     DSP2803x_GlobalVariableDefs.obj (ECanaLAMRegsFile)

ECanaMOTSRegsFile 
*          1    00006080    00000040     UNINITIALIZED
                  00006080    00000040     DSP2803x_GlobalVariableDefs.obj (ECanaMOTSRegsFile)

ECanaMOTORegsFile 
*          1    000060c0    00000040     UNINITIALIZED
                  000060c0    00000040     DSP2803x_GlobalVariableDefs.obj (ECanaMOTORegsFile)

ECanaMboxesFile 
*          1    00006100    00000100     UNINITIALIZED
                  00006100    00000100     DSP2803x_GlobalVariableDefs.obj (ECanaMboxesFile)

Comp1RegsFile 
*          1    00006400    00000014     UNINITIALIZED
                  00006400    00000014     DSP2803x_GlobalVariableDefs.obj (Comp1RegsFile)

Comp2RegsFile 
*          1    00006420    00000014     UNINITIALIZED
                  00006420    00000014     DSP2803x_GlobalVariableDefs.obj (Comp2RegsFile)

Comp3RegsFile 
*          1    00006440    00000014     UNINITIALIZED
                  00006440    00000014     DSP2803x_GlobalVariableDefs.obj (Comp3RegsFile)

EPwm1RegsFile 
*          1    00006800    00000040     UNINITIALIZED
                  00006800    00000040     DSP2803x_GlobalVariableDefs.obj (EPwm1RegsFile)

EPwm2RegsFile 
*          1    00006840    00000040     UNINITIALIZED
                  00006840    00000040     DSP2803x_GlobalVariableDefs.obj (EPwm2RegsFile)

EPwm3RegsFile 
*          1    00006880    00000040     UNINITIALIZED
                  00006880    00000040     DSP2803x_GlobalVariableDefs.obj (EPwm3RegsFile)

EPwm4RegsFile 
*          1    000068c0    00000040     UNINITIALIZED
                  000068c0    00000040     DSP2803x_GlobalVariableDefs.obj (EPwm4RegsFile)

EPwm5RegsFile 
*          1    00006900    00000040     UNINITIALIZED
                  00006900    00000040     DSP2803x_GlobalVariableDefs.obj (EPwm5RegsFile)

EPwm6RegsFile 
*          1    00006940    00000040     UNINITIALIZED
                  00006940    00000040     DSP2803x_GlobalVariableDefs.obj (EPwm6RegsFile)

EPwm7RegsFile 
*          1    00006980    00000040     UNINITIALIZED
                  00006980    00000040     DSP2803x_GlobalVariableDefs.obj (EPwm7RegsFile)

ECap1RegsFile 
*          1    00006a00    00000020     UNINITIALIZED
                  00006a00    00000020     DSP2803x_GlobalVariableDefs.obj (ECap1RegsFile)

EQep1RegsFile 
*          1    00006b00    00000040     UNINITIALIZED
                  00006b00    00000040     DSP2803x_GlobalVariableDefs.obj (EQep1RegsFile)

LinaRegsFile 
*          1    00006c00    0000004a     UNINITIALIZED
                  00006c00    0000004a     DSP2803x_GlobalVariableDefs.obj (LinaRegsFile)

GpioCtrlRegsFile 
*          1    00006f80    00000040     UNINITIALIZED
                  00006f80    00000040     DSP2803x_GlobalVariableDefs.obj (GpioCtrlRegsFile)

GpioDataRegsFile 
*          1    00006fc0    00000020     UNINITIALIZED
                  00006fc0    00000020     DSP2803x_GlobalVariableDefs.obj (GpioDataRegsFile)

GpioIntRegsFile 
*          1    00006fe0    0000000c     UNINITIALIZED
                  00006fe0    0000000c     DSP2803x_GlobalVariableDefs.obj (GpioIntRegsFile)

SysCtrlRegsFile 
*          1    00007010    00000020     UNINITIALIZED
                  00007010    00000020     DSP2803x_GlobalVariableDefs.obj (SysCtrlRegsFile)

SpiaRegsFile 
*          1    00007040    00000010     UNINITIALIZED
                  00007040    00000010     DSP2803x_GlobalVariableDefs.obj (SpiaRegsFile)

SciaRegsFile 
*          1    00007050    00000010     UNINITIALIZED
                  00007050    00000010     DSP2803x_GlobalVariableDefs.obj (SciaRegsFile)

NmiIntruptRegsFile 
*          1    00007060    00000010     UNINITIALIZED
                  00007060    00000010     DSP2803x_GlobalVariableDefs.obj (NmiIntruptRegsFile)

XIntruptRegsFile 
*          1    00007070    00000010     UNINITIALIZED
                  00007070    00000010     DSP2803x_GlobalVariableDefs.obj (XIntruptRegsFile)

AdcRegsFile 
*          1    00007100    00000050     UNINITIALIZED
                  00007100    00000050     DSP2803x_GlobalVariableDefs.obj (AdcRegsFile)

SpibRegsFile 
*          1    00007740    00000010     UNINITIALIZED
                  00007740    00000010     DSP2803x_GlobalVariableDefs.obj (SpibRegsFile)

I2caRegsFile 
*          1    00007900    00000022     UNINITIALIZED
                  00007900    00000022     DSP2803x_GlobalVariableDefs.obj (I2caRegsFile)

PartIdRegsFile 
*          1    003d7e80    00000001     UNINITIALIZED
                  003d7e80    00000001     DSP2803x_GlobalVariableDefs.obj (PartIdRegsFile)

CsmPwlFile 
*          1    003f7ff8    00000008     UNINITIALIZED
                  003f7ff8    00000008     DSP2803x_GlobalVariableDefs.obj (CsmPwlFile)

.pinit     0    003f6000    00000000     UNINITIALIZED

.reset     0    003fffc0    00000002     DSECT
                  003fffc0    00000002     rts2800_ml.lib : boot.obj (.reset)

vectors    0    003fffc2    00000000     DSECT

MODULE SUMMARY

       Module                                 code    ro data   rw data
       ------                                 ----    -------   -------
    .\
       HVBLDC_Sensorless.obj                  10370   0         1219   
       DSP2803x_GlobalVariableDefs.obj        0       0         1957   
       HVBLDC_Sensorless-DevInit_F2803x.obj   586     0         4      
       DSP2803x_CpuTimers.obj                 114     0         24     
       i2c_gy80.obj                           109     0         0      
       DSP2803x_I2C.obj                       25      0         0      
       DSP2803x_CodeStartBranch.obj           10      0         0      
       DSP2803x_usDelay.obj                   8       0         0      
    +--+--------------------------------------+-------+---------+---------+
       Total:                                 11222   0         3204   
                                                                       
    D:/ti/ccsv6/tools/compiler/ti-cgt-c2000_15.12.1.LTS/lib/rts2800_ml.lib
       fd_mpy.obj                             131     0         0      
       fs_div.obj                             131     0         0      
       fs_add.obj                             120     0         0      
       fs_mpy.obj                             90      0         0      
       boot.obj                               84      0         0      
       cpy_tbl.obj                            70      0         0      
       exit.obj                               41      0         20     
       fs_tol.obj                             41      0         0      
       fd_tol.obj                             31      0         0      
       fs_tou.obj                             29      0         0      
       fs_tofd.obj                            28      0         0      
       cpy_utils.obj                          26      0         0      
       l_tofs.obj                             26      0         0      
       args_main.obj                          25      0         0      
       _lock.obj                              9       0         14     
       fs_cmp.obj                             23      0         0      
       u_tofs.obj                             16      0         0      
       pre_init.obj                           2       0         0      
       startup.obj                            1       0         0      
    +--+--------------------------------------+-------+---------+---------+
       Total:                                 924     0         34     
                                                                       
    D:/ti/controlSUITE/libs/math/IQmath/v15c/lib/IQmath.lib
       IQmathTables.obj                       0       0         2896   
       IQ24div.obj                            0       0         71     
       IQ24toF.obj                            0       0         20     
    +--+--------------------------------------+-------+---------+---------+
       Total:                                 0       0         2987   
                                                                       
       Stack:                                 0       0         896    
    +--+--------------------------------------+-------+---------+---------+
       Grand Total:                           12146   0         7121   


GLOBAL DATA SYMBOLS: SORTED BY DATA PAGE

address     data page           name
--------    ----------------    ----
00000050       1 (00000040)     __stack

00000400      10 (00000400)     _DFuncDesired2
00000401      10 (00000400)     _DfuncTesting
00000402      10 (00000400)     _DFuncDesired1
00000403      10 (00000400)     _SpeedLoopFlag2
00000404      10 (00000400)     _BLDC_RotDirec
00000405      10 (00000400)     _NewBLDCmodStamp
00000406      10 (00000400)     _RotDireChangFlag
00000407      10 (00000400)     _SerialCommsTimer
00000408      10 (00000400)     _BackTicker
00000409      10 (00000400)     _Period
0000040a      10 (00000400)     _GPR0_BLDC_PWM
0000040b      10 (00000400)     _SpeedLoopFlag1
0000040c      10 (00000400)     _BLDC_CtrlMod
0000040d      10 (00000400)     _BackTickerTrue
0000040e      10 (00000400)     _virtualtimer
0000040f      10 (00000400)     _i2c_isr_ticker
00000410      10 (00000400)     _EnableFlag
00000411      10 (00000400)     _I2C_read_channel
00000412      10 (00000400)     _device_intial_done_flag
00000413      10 (00000400)     _readcounter
00000414      10 (00000400)     _i2c_read_return
00000415      10 (00000400)     _Old_CtrlSwitchState
00000416      10 (00000400)     _New_CtrlSwitchState
00000417      10 (00000400)     _BackTickerFalse
00000418      10 (00000400)     _OldBLDCmodStamp
00000419      10 (00000400)     _LoopCount
0000041a      10 (00000400)     _I2CA_Read_fail
0000041b      10 (00000400)     _BLDC_decelDoneFlag
0000041c      10 (00000400)     _AlignFlag
0000041e      10 (00000400)     _CmtnPeriodTarget
00000420      10 (00000400)     _DebounceIsrTicker
00000422      10 (00000400)     _RampDelay
00000424      10 (00000400)     _CmtnPeriodSetpt
00000426      10 (00000400)     _BLDC_decelerateTicker
00000428      10 (00000400)     _CtrlSwitchRemainTime
0000042a      10 (00000400)     _VirtualTimer
0000042c      10 (00000400)     _TestProbe
0000042e      10 (00000400)     _SpeedRef1
00000430      10 (00000400)     _Rolling
00000432      10 (00000400)     _SpeedRef2
00000434      10 (00000400)     _CurrentMsgPtr
00000436      10 (00000400)     _thrust
00000438      10 (00000400)     _B_Task_Ptr
0000043a      10 (00000400)     _Alpha_State_Ptr
0000043c      10 (00000400)     _C_Task_Ptr
0000043e      10 (00000400)     _A_Task_Ptr

00000440      11 (00000440)     _T
00000442      11 (00000440)     _IsrTicker
00000444      11 (00000440)     _Tmp
00000446      11 (00000440)     _VTimer2
0000044a      11 (00000440)     _VTimer1
0000044e      11 (00000440)     _VTimer0
00000452      11 (00000440)     _eCAP
00000456      11 (00000440)     _eQEP
0000045a      11 (00000440)     _pwm2
0000045f      11 (00000440)     _pwm1
00000464      11 (00000440)     _ThrustStick
0000046a      11 (00000440)     _impl2
00000470      11 (00000440)     _g
00000476      11 (00000440)     _mod1

00000480      12 (00000480)     _modinv1
00000486      12 (00000480)     _RollStick
0000048c      12 (00000480)     _impl1
00000492      12 (00000480)     _PitchStick
00000498      12 (00000480)     _YawStick
0000049e      12 (00000480)     _AutoStick
000004a4      12 (00000480)     _I2cMsgOut1
000004ad      12 (00000480)     _I2cMsgIn1
000004b6      12 (00000480)     _rmp2_2

000004c0      13 (000004c0)     _rmp2_1
000004ca      13 (000004c0)     _rmp3_2
000004d6      13 (000004c0)     _rmp3_1
000004e2      13 (000004c0)     _TrigSel

00000500      14 (00000500)     _ACQPS
00000510      14 (00000500)     _ePWM
00000520      14 (00000500)     _rc1
00000530      14 (00000500)     _rc2

00000540      15 (00000540)     _ChSel
00000550      15 (00000540)     _speed2
00000562      15 (00000540)     _speed1

00000580      16 (00000580)     _pid2_spd
00000598      16 (00000580)     _pid1_spd

000005c0      17 (000005c0)     _cmtn1

00000600      18 (00000600)     _cmtninv1
0000062c      18 (00000600)     ___TI_enable_exit_profile_output
0000062e      18 (00000600)     ___TI_cleanup_ptr
00000630      18 (00000600)     ___TI_dtors_ptr
00000632      18 (00000600)     __lock
00000634      18 (00000600)     __unlock

00000640      19 (00000640)     _CpuTimer1
00000648      19 (00000640)     _CpuTimer2
00000650      19 (00000640)     _CpuTimer0

00000880      22 (00000880)     _DevEmuRegs

00000a80      2a (00000a80)     _FlashRegs

00000ae0      2b (00000ac0)     _CsmRegs

00000b00      2c (00000b00)     _AdcResult

00000c00      30 (00000c00)     _CpuTimer0Regs
00000c08      30 (00000c00)     _CpuTimer1Regs
00000c10      30 (00000c00)     _CpuTimer2Regs

00000ce0      33 (00000cc0)     _PieCtrlRegs

00000d00      34 (00000d00)     _EmuKey
00000d00      34 (00000d00)     _PieVectTable
00000d01      34 (00000d00)     _EmuBMode
00000d02      34 (00000d00)     _Flash_CallbackPtr
00000d04      34 (00000d00)     _Flash_CPUScaleFactor

00001400      50 (00001400)     _Cla1Regs

00006000     180 (00006000)     _ECanaRegs

00006040     181 (00006040)     _ECanaLAMRegs

00006080     182 (00006080)     _ECanaMOTSRegs

000060c0     183 (000060c0)     _ECanaMOTORegs

00006100     184 (00006100)     _ECanaMboxes

00006400     190 (00006400)     _Comp1Regs
00006420     190 (00006400)     _Comp2Regs

00006440     191 (00006440)     _Comp3Regs

00006800     1a0 (00006800)     _EPwm1Regs

00006840     1a1 (00006840)     _EPwm2Regs

00006880     1a2 (00006880)     _EPwm3Regs

000068c0     1a3 (000068c0)     _EPwm4Regs

00006900     1a4 (00006900)     _EPwm5Regs

00006940     1a5 (00006940)     _EPwm6Regs

00006980     1a6 (00006980)     _EPwm7Regs

00006a00     1a8 (00006a00)     _ECap1Regs

00006b00     1ac (00006b00)     _EQep1Regs

00006c00     1b0 (00006c00)     _LinaRegs

00006f80     1be (00006f80)     _GpioCtrlRegs

00006fc0     1bf (00006fc0)     _GpioDataRegs
00006fe0     1bf (00006fc0)     _GpioIntRegs

00007010     1c0 (00007000)     _SysCtrlRegs

00007040     1c1 (00007040)     _SpiaRegs
00007050     1c1 (00007040)     _SciaRegs
00007060     1c1 (00007040)     _NmiIntruptRegs
00007070     1c1 (00007040)     _XIntruptRegs

00007100     1c4 (00007100)     _AdcRegs

00007740     1dd (00007740)     _SpibRegs

00007900     1e4 (00007900)     _I2caRegs

003d7e80    f5fa (003d7e80)     _PartIdRegs

003f6f53    fdbd (003f6f40)     __IQ24div

003f6f9a    fdbe (003f6f80)     __IQ24toF

003f7ff8    fdff (003f7fc0)     _CsmPwl

003fe000    ff80 (003fe000)     _IQsinTable

003fe100    ff84 (003fe100)     _IQcosTable

003fe400    ff90 (003fe400)     _IQsinTableEnd

003fe502    ff94 (003fe500)     _IQcosTableEnd
003fe502    ff94 (003fe500)     _IQdivRoundSatTable
003fe510    ff94 (003fe500)     _IQdivTable

003fe712    ff9c (003fe700)     _IQdivTableEnd
003fe712    ff9c (003fe700)     _IQisqrtRoundSatTable
003fe712    ff9c (003fe700)     _IQsqrtRoundSatTable
003fe722    ff9c (003fe700)     _IQisqrtTable
003fe722    ff9c (003fe700)     _IQsqrtTable

003fe824    ffa0 (003fe800)     _IQatan2HalfPITable
003fe824    ffa0 (003fe800)     _IQisqrtTableEnd
003fe824    ffa0 (003fe800)     _IQsqrtTableEnd

003fe862    ffa1 (003fe840)     _IQatan2Table

003fe9e8    ffa7 (003fe9c0)     _IQ30mpyRndSatTable
003fe9e8    ffa7 (003fe9c0)     _IQatan2TableEnd
003fe9e8    ffa7 (003fe9c0)     _IQmpyRndSatTable
003fe9f4    ffa7 (003fe9c0)     _IQ29mpyRndSatTable

003fea00    ffa8 (003fea00)     _IQ28mpyRndSatTable
003fea0c    ffa8 (003fea00)     _IQ27mpyRndSatTable
003fea18    ffa8 (003fea00)     _IQ26mpyRndSatTable
003fea24    ffa8 (003fea00)     _IQ25mpyRndSatTable
003fea30    ffa8 (003fea00)     _IQ24mpyRndSatTable
003fea3c    ffa8 (003fea00)     _IQ23mpyRndSatTable

003fea48    ffa9 (003fea40)     _IQ22mpyRndSatTable
003fea54    ffa9 (003fea40)     _IQ21mpyRndSatTable
003fea60    ffa9 (003fea40)     _IQ20mpyRndSatTable
003fea6c    ffa9 (003fea40)     _IQ19mpyRndSatTable
003fea78    ffa9 (003fea40)     _IQ18mpyRndSatTable

003fea84    ffaa (003fea80)     _IQ17mpyRndSatTable
003fea90    ffaa (003fea80)     _IQ16mpyRndSatTable
003fea9c    ffaa (003fea80)     _IQ15mpyRndSatTable
003feaa8    ffaa (003fea80)     _IQ14mpyRndSatTable
003feab4    ffaa (003fea80)     _IQ13mpyRndSatTable

003feac0    ffab (003feac0)     _IQ12mpyRndSatTable
003feacc    ffab (003feac0)     _IQ11mpyRndSatTable
003fead8    ffab (003feac0)     _IQ10mpyRndSatTable
003feae4    ffab (003feac0)     _IQ9mpyRndSatTable
003feaf0    ffab (003feac0)     _IQ8mpyRndSatTable
003feafc    ffab (003feac0)     _IQ7mpyRndSatTable

003feb08    ffac (003feb00)     _IQ6mpyRndSatTable
003feb14    ffac (003feb00)     _IQ5mpyRndSatTable
003feb20    ffac (003feb00)     _IQ4mpyRndSatTable
003feb2c    ffac (003feb00)     _IQ3mpyRndSatTable
003feb38    ffac (003feb00)     _IQ2mpyRndSatTable

003feb44    ffad (003feb40)     _IQ1mpyRndSatTable
003feb50    ffad (003feb40)     _IQmpyRndSatTableEnd


GLOBAL SYMBOLS: SORTED ALPHABETICALLY BY Name 

page  address   name                            
----  -------   ----                            
0     003f6000  .text                           
0     003f6b56  C$$EXIT                         
0     003f679c  FD$$MPY                         
0     003f6ba8  FD$$TOL                         
0     003f68a7  FS$$ADD                         
0     003f6c66  FS$$CMP                         
0     003f681f  FS$$DIV                         
0     003f6a62  FS$$MPY                         
0     003f68a2  FS$$SUB                         
0     003f6be4  FS$$TOFD                        
0     003f6b7f  FS$$TOL                         
0     003f6bc7  FS$$TOU                         
0     003f6c1a  L$$TOFS                         
0     003f6c7d  U$$TOFS                         
0     003f6495  _A0                             
0     003f64c4  _A1                             
0     003f64ca  _A2                             
0     003f64d0  _A3                             
1     00000500  _ACQPS                          
1     0000043e  _A_Task_Ptr                     
1     00007100  _AdcRegs                        
1     00000b00  _AdcResult                      
1     0000041c  _AlignFlag                      
1     0000043a  _Alpha_State_Ptr                
1     0000049e  _AutoStick                      
0     003f64ae  _B0                             
0     003f64d6  _B1                             
0     003f64dc  _B2                             
0     003f64e2  _B3                             
1     0000040c  _BLDC_CtrlMod                   
1     00000404  _BLDC_RotDirec                  
1     0000041b  _BLDC_decelDoneFlag             
1     00000426  _BLDC_decelerateTicker          
1     00000438  _B_Task_Ptr                     
1     00000408  _BackTicker                     
1     00000417  _BackTickerFalse                
1     0000040d  _BackTickerTrue                 
1     0000043c  _C_Task_Ptr                     
1     00000540  _ChSel                          
1     00001400  _Cla1Regs                       
1     00000424  _CmtnPeriodSetpt                
1     0000041e  _CmtnPeriodTarget               
1     00006400  _Comp1Regs                      
1     00006420  _Comp2Regs                      
1     00006440  _Comp3Regs                      
0     003f695b  _ConfigCpuTimer                 
1     00000650  _CpuTimer0                      
1     00000c00  _CpuTimer0Regs                  
1     00000640  _CpuTimer1                      
1     00000c08  _CpuTimer1Regs                  
1     00000648  _CpuTimer2                      
1     00000c10  _CpuTimer2Regs                  
1     003f7ff8  _CsmPwl                         
1     00000ae0  _CsmRegs                        
1     00000428  _CtrlSwitchRemainTime           
1     00000434  _CurrentMsgPtr                  
1     00000402  _DFuncDesired1                  
1     00000400  _DFuncDesired2                  
0     00009161  _DSP28x_usDelay                 
0     003f69f9  _DebounceISR                    
1     00000420  _DebounceIsrTicker              
1     00000880  _DevEmuRegs                     
0     003f658d  _DeviceInit                     
1     00000401  _DfuncTesting                   
0     003f6794  _DisableDog                     
1     00006040  _ECanaLAMRegs                   
1     000060c0  _ECanaMOTORegs                  
1     00006080  _ECanaMOTSRegs                  
1     00006100  _ECanaMboxes                    
1     00006000  _ECanaRegs                      
1     00006a00  _ECap1Regs                      
1     00006800  _EPwm1Regs                      
1     00006840  _EPwm2Regs                      
1     00006880  _EPwm3Regs                      
1     000068c0  _EPwm4Regs                      
1     00006900  _EPwm5Regs                      
1     00006940  _EPwm6Regs                      
1     00006980  _EPwm7Regs                      
1     00006b00  _EQep1Regs                      
1     00000d01  _EmuBMode                       
1     00000d00  _EmuKey                         
1     00000410  _EnableFlag                     
1     00000a80  _FlashRegs                      
1     00000d04  _Flash_CPUScaleFactor           
1     00000d02  _Flash_CallbackPtr              
1     0000040a  _GPR0_BLDC_PWM                  
1     00006f80  _GpioCtrlRegs                   
1     00006fc0  _GpioDataRegs                   
1     00006fe0  _GpioIntRegs                    
0     003f698c  _I2CA_Init                      
0     003f69cd  _I2CA_ReadData                  
1     0000041a  _I2CA_Read_fail                 
0     003f699f  _I2CA_WriteData                 
1     00000411  _I2C_read_channel               
1     000004ad  _I2cMsgIn1                      
1     000004a4  _I2cMsgOut1                     
1     00007900  _I2caRegs                       
0     003fead8  _IQ10mpyRndSatTable             
0     003feacc  _IQ11mpyRndSatTable             
0     003feac0  _IQ12mpyRndSatTable             
0     003feab4  _IQ13mpyRndSatTable             
0     003feaa8  _IQ14mpyRndSatTable             
0     003fea9c  _IQ15mpyRndSatTable             
0     003fea90  _IQ16mpyRndSatTable             
0     003fea84  _IQ17mpyRndSatTable             
0     003fea78  _IQ18mpyRndSatTable             
0     003fea6c  _IQ19mpyRndSatTable             
0     003feb44  _IQ1mpyRndSatTable              
0     003fea60  _IQ20mpyRndSatTable             
0     003fea54  _IQ21mpyRndSatTable             
0     003fea48  _IQ22mpyRndSatTable             
0     003fea3c  _IQ23mpyRndSatTable             
0     003fea30  _IQ24mpyRndSatTable             
0     003fea24  _IQ25mpyRndSatTable             
0     003fea18  _IQ26mpyRndSatTable             
0     003fea0c  _IQ27mpyRndSatTable             
0     003fea00  _IQ28mpyRndSatTable             
0     003fe9f4  _IQ29mpyRndSatTable             
0     003feb38  _IQ2mpyRndSatTable              
0     003fe9e8  _IQ30mpyRndSatTable             
0     003feb2c  _IQ3mpyRndSatTable              
0     003feb20  _IQ4mpyRndSatTable              
0     003feb14  _IQ5mpyRndSatTable              
0     003feb08  _IQ6mpyRndSatTable              
0     003feafc  _IQ7mpyRndSatTable              
0     003feaf0  _IQ8mpyRndSatTable              
0     003feae4  _IQ9mpyRndSatTable              
0     003fe824  _IQatan2HalfPITable             
0     003fe862  _IQatan2Table                   
0     003fe9e8  _IQatan2TableEnd                
0     003fe100  _IQcosTable                     
0     003fe502  _IQcosTableEnd                  
0     003fe502  _IQdivRoundSatTable             
0     003fe510  _IQdivTable                     
0     003fe712  _IQdivTableEnd                  
0     003fe712  _IQisqrtRoundSatTable           
0     003fe722  _IQisqrtTable                   
0     003fe824  _IQisqrtTableEnd                
0     003fe9e8  _IQmpyRndSatTable               
0     003feb50  _IQmpyRndSatTableEnd            
0     003fe000  _IQsinTable                     
0     003fe400  _IQsinTableEnd                  
0     003fe712  _IQsqrtRoundSatTable            
0     003fe722  _IQsqrtTable                    
0     003fe824  _IQsqrtTableEnd                 
0     003f6c9e  _ISR_ILLEGAL                    
0     003f691a  _InitCpuTimers                  
0     00009146  _InitFlash                      
0     003f6c34  _InitI2C                        
0     003f6c35  _InitI2CGpio                    
0     003f673e  _InitPll                        
1     00000442  _IsrTicker                      
1     00006c00  _LinaRegs                       
1     00000419  _LoopCount                      
0     00008000  _MainISR                        
0     003f672b  _MemCopy                        
1     00000405  _NewBLDCmodStamp                
1     00000416  _New_CtrlSwitchState            
1     00007060  _NmiIntruptRegs                 
1     00000418  _OldBLDCmodStamp                
1     00000415  _Old_CtrlSwitchState            
0     003f66b6  _PLLset                         
1     003d7e80  _PartIdRegs                     
1     00000409  _Period                         
0     003f66f0  _PieCntlInit                    
1     00000ce0  _PieCtrlRegs                    
1     00000d00  _PieVectTable                   
0     003f670f  _PieVectTableInit               
1     00000492  _PitchStick                     
0     003f1165  _RamfuncsLoadEnd                
0     003f0000  _RamfuncsLoadStart              
0     00008000  _RamfuncsRunStart               
1     00000422  _RampDelay                      
1     00000486  _RollStick                      
1     00000430  _Rolling                        
1     00000406  _RotDireChangFlag               
1     00007050  _SciaRegs                       
1     00000407  _SerialCommsTimer               
1     0000040b  _SpeedLoopFlag1                 
1     00000403  _SpeedLoopFlag2                 
1     0000042e  _SpeedRef1                      
1     00000432  _SpeedRef2                      
1     00007040  _SpiaRegs                       
1     00007740  _SpibRegs                       
1     00007010  _SysCtrlRegs                    
1     00000440  _T                              
1     0000042c  _TestProbe                      
1     00000464  _ThrustStick                    
1     00000444  _Tmp                            
1     000004e2  _TrigSel                        
1     0000044e  _VTimer0                        
1     0000044a  _VTimer1                        
1     00000446  _VTimer2                        
1     0000042a  _VirtualTimer                   
0     003f66ae  _WDogDisable                    
1     00007070  _XIntruptRegs                   
1     00000498  _YawStick                       
0     003f6f53  __IQ24div                       
0     003f6f9a  __IQ24toF                       
1     000003d0  __STACK_END                     
abs   00000380  __STACK_SIZE                    
1     0000062e  ___TI_cleanup_ptr               
1     00000630  ___TI_dtors_ptr                 
1     0000062c  ___TI_enable_exit_profile_output
abs   ffffffff  ___TI_pprof_out_hndl            
abs   ffffffff  ___TI_prof_data_size            
abs   ffffffff  ___TI_prof_data_start           
abs   ffffffff  ___binit__                      
abs   ffffffff  ___c_args__                     
0     003f6ca6  ___cinit__                      
0     003f6ca6  ___etext__                      
abs   ffffffff  ___pinit__                      
0     003f6000  ___text__                       
0     003f6c4d  __args_main                     
1     00000632  __lock                          
0     003f6c95  __nop                           
0     003f6c91  __register_lock                 
0     003f6c8d  __register_unlock               
1     00000050  __stack                         
0     003f6ca5  __system_post_cinit             
0     003f6ca3  __system_pre_init               
1     00000634  __unlock                        
0     003f6b56  _abort                          
0     003f6abc  _c_int00                        
1     000005c0  _cmtn1                          
1     00000600  _cmtninv1                       
0     003f6b10  _copy_in                        
0     003f6c00  _ddcopy                         
1     00000412  _device_intial_done_flag        
0     003f6c00  _dpcopy                         
1     00000452  _eCAP                           
1     00000510  _ePWM                           
1     00000456  _eQEP                           
0     003f6b58  _exit                           
1     00000470  _g                              
0     000090ee  _i2c_int1a_isr                  
1     0000040f  _i2c_isr_ticker                 
1     00000414  _i2c_read_return                
1     0000048c  _impl1                          
1     0000046a  _impl2                          
0     003f6000  _main                           
1     00000476  _mod1                           
1     00000480  _modinv1                        
0     003f6c00  _pdcopy                         
1     00000598  _pid1_spd                       
1     00000580  _pid2_spd                       
0     003f6c00  _ppcopy                         
1     0000045f  _pwm1                           
1     0000045a  _pwm2                           
0     003f64e8  _ramp_initial                   
1     00000520  _rc1                            
1     00000530  _rc2                            
1     00000413  _readcounter                    
1     000004c0  _rmp2_1                         
1     000004b6  _rmp2_2                         
1     000004d6  _rmp3_1                         
1     000004ca  _rmp3_2                         
1     00000562  _speed1                         
1     00000550  _speed2                         
1     00000436  _thrust                         
1     0000040e  _virtualtimer                   
abs   ffffffff  binit                           
0     003f6ca6  cinit                           
0     003f7ff6  code_start                      
0     003f6ca6  etext                           
abs   ffffffff  pinit                           


GLOBAL SYMBOLS: SORTED BY Symbol Address 

page  address   name                            
----  -------   ----                            
0     00008000  _MainISR                        
0     00008000  _RamfuncsRunStart               
0     000090ee  _i2c_int1a_isr                  
0     00009146  _InitFlash                      
0     00009161  _DSP28x_usDelay                 
0     003f0000  _RamfuncsLoadStart              
0     003f1165  _RamfuncsLoadEnd                
0     003f6000  .text                           
0     003f6000  ___text__                       
0     003f6000  _main                           
0     003f6495  _A0                             
0     003f64ae  _B0                             
0     003f64c4  _A1                             
0     003f64ca  _A2                             
0     003f64d0  _A3                             
0     003f64d6  _B1                             
0     003f64dc  _B2                             
0     003f64e2  _B3                             
0     003f64e8  _ramp_initial                   
0     003f658d  _DeviceInit                     
0     003f66ae  _WDogDisable                    
0     003f66b6  _PLLset                         
0     003f66f0  _PieCntlInit                    
0     003f670f  _PieVectTableInit               
0     003f672b  _MemCopy                        
0     003f673e  _InitPll                        
0     003f6794  _DisableDog                     
0     003f679c  FD$$MPY                         
0     003f681f  FS$$DIV                         
0     003f68a2  FS$$SUB                         
0     003f68a7  FS$$ADD                         
0     003f691a  _InitCpuTimers                  
0     003f695b  _ConfigCpuTimer                 
0     003f698c  _I2CA_Init                      
0     003f699f  _I2CA_WriteData                 
0     003f69cd  _I2CA_ReadData                  
0     003f69f9  _DebounceISR                    
0     003f6a62  FS$$MPY                         
0     003f6abc  _c_int00                        
0     003f6b10  _copy_in                        
0     003f6b56  C$$EXIT                         
0     003f6b56  _abort                          
0     003f6b58  _exit                           
0     003f6b7f  FS$$TOL                         
0     003f6ba8  FD$$TOL                         
0     003f6bc7  FS$$TOU                         
0     003f6be4  FS$$TOFD                        
0     003f6c00  _ddcopy                         
0     003f6c00  _dpcopy                         
0     003f6c00  _pdcopy                         
0     003f6c00  _ppcopy                         
0     003f6c1a  L$$TOFS                         
0     003f6c34  _InitI2C                        
0     003f6c35  _InitI2CGpio                    
0     003f6c4d  __args_main                     
0     003f6c66  FS$$CMP                         
0     003f6c7d  U$$TOFS                         
0     003f6c8d  __register_unlock               
0     003f6c91  __register_lock                 
0     003f6c95  __nop                           
0     003f6c9e  _ISR_ILLEGAL                    
0     003f6ca3  __system_pre_init               
0     003f6ca5  __system_post_cinit             
0     003f6ca6  ___cinit__                      
0     003f6ca6  ___etext__                      
0     003f6ca6  cinit                           
0     003f6ca6  etext                           
0     003f6f53  __IQ24div                       
0     003f6f9a  __IQ24toF                       
0     003f7ff6  code_start                      
0     003fe000  _IQsinTable                     
0     003fe100  _IQcosTable                     
0     003fe400  _IQsinTableEnd                  
0     003fe502  _IQcosTableEnd                  
0     003fe502  _IQdivRoundSatTable             
0     003fe510  _IQdivTable                     
0     003fe712  _IQdivTableEnd                  
0     003fe712  _IQisqrtRoundSatTable           
0     003fe712  _IQsqrtRoundSatTable            
0     003fe722  _IQisqrtTable                   
0     003fe722  _IQsqrtTable                    
0     003fe824  _IQatan2HalfPITable             
0     003fe824  _IQisqrtTableEnd                
0     003fe824  _IQsqrtTableEnd                 
0     003fe862  _IQatan2Table                   
0     003fe9e8  _IQ30mpyRndSatTable             
0     003fe9e8  _IQatan2TableEnd                
0     003fe9e8  _IQmpyRndSatTable               
0     003fe9f4  _IQ29mpyRndSatTable             
0     003fea00  _IQ28mpyRndSatTable             
0     003fea0c  _IQ27mpyRndSatTable             
0     003fea18  _IQ26mpyRndSatTable             
0     003fea24  _IQ25mpyRndSatTable             
0     003fea30  _IQ24mpyRndSatTable             
0     003fea3c  _IQ23mpyRndSatTable             
0     003fea48  _IQ22mpyRndSatTable             
0     003fea54  _IQ21mpyRndSatTable             
0     003fea60  _IQ20mpyRndSatTable             
0     003fea6c  _IQ19mpyRndSatTable             
0     003fea78  _IQ18mpyRndSatTable             
0     003fea84  _IQ17mpyRndSatTable             
0     003fea90  _IQ16mpyRndSatTable             
0     003fea9c  _IQ15mpyRndSatTable             
0     003feaa8  _IQ14mpyRndSatTable             
0     003feab4  _IQ13mpyRndSatTable             
0     003feac0  _IQ12mpyRndSatTable             
0     003feacc  _IQ11mpyRndSatTable             
0     003fead8  _IQ10mpyRndSatTable             
0     003feae4  _IQ9mpyRndSatTable              
0     003feaf0  _IQ8mpyRndSatTable              
0     003feafc  _IQ7mpyRndSatTable              
0     003feb08  _IQ6mpyRndSatTable              
0     003feb14  _IQ5mpyRndSatTable              
0     003feb20  _IQ4mpyRndSatTable              
0     003feb2c  _IQ3mpyRndSatTable              
0     003feb38  _IQ2mpyRndSatTable              
0     003feb44  _IQ1mpyRndSatTable              
0     003feb50  _IQmpyRndSatTableEnd            
1     00000050  __stack                         
1     000003d0  __STACK_END                     
1     00000400  _DFuncDesired2                  
1     00000401  _DfuncTesting                   
1     00000402  _DFuncDesired1                  
1     00000403  _SpeedLoopFlag2                 
1     00000404  _BLDC_RotDirec                  
1     00000405  _NewBLDCmodStamp                
1     00000406  _RotDireChangFlag               
1     00000407  _SerialCommsTimer               
1     00000408  _BackTicker                     
1     00000409  _Period                         
1     0000040a  _GPR0_BLDC_PWM                  
1     0000040b  _SpeedLoopFlag1                 
1     0000040c  _BLDC_CtrlMod                   
1     0000040d  _BackTickerTrue                 
1     0000040e  _virtualtimer                   
1     0000040f  _i2c_isr_ticker                 
1     00000410  _EnableFlag                     
1     00000411  _I2C_read_channel               
1     00000412  _device_intial_done_flag        
1     00000413  _readcounter                    
1     00000414  _i2c_read_return                
1     00000415  _Old_CtrlSwitchState            
1     00000416  _New_CtrlSwitchState            
1     00000417  _BackTickerFalse                
1     00000418  _OldBLDCmodStamp                
1     00000419  _LoopCount                      
1     0000041a  _I2CA_Read_fail                 
1     0000041b  _BLDC_decelDoneFlag             
1     0000041c  _AlignFlag                      
1     0000041e  _CmtnPeriodTarget               
1     00000420  _DebounceIsrTicker              
1     00000422  _RampDelay                      
1     00000424  _CmtnPeriodSetpt                
1     00000426  _BLDC_decelerateTicker          
1     00000428  _CtrlSwitchRemainTime           
1     0000042a  _VirtualTimer                   
1     0000042c  _TestProbe                      
1     0000042e  _SpeedRef1                      
1     00000430  _Rolling                        
1     00000432  _SpeedRef2                      
1     00000434  _CurrentMsgPtr                  
1     00000436  _thrust                         
1     00000438  _B_Task_Ptr                     
1     0000043a  _Alpha_State_Ptr                
1     0000043c  _C_Task_Ptr                     
1     0000043e  _A_Task_Ptr                     
1     00000440  _T                              
1     00000442  _IsrTicker                      
1     00000444  _Tmp                            
1     00000446  _VTimer2                        
1     0000044a  _VTimer1                        
1     0000044e  _VTimer0                        
1     00000452  _eCAP                           
1     00000456  _eQEP                           
1     0000045a  _pwm2                           
1     0000045f  _pwm1                           
1     00000464  _ThrustStick                    
1     0000046a  _impl2                          
1     00000470  _g                              
1     00000476  _mod1                           
1     00000480  _modinv1                        
1     00000486  _RollStick                      
1     0000048c  _impl1                          
1     00000492  _PitchStick                     
1     00000498  _YawStick                       
1     0000049e  _AutoStick                      
1     000004a4  _I2cMsgOut1                     
1     000004ad  _I2cMsgIn1                      
1     000004b6  _rmp2_2                         
1     000004c0  _rmp2_1                         
1     000004ca  _rmp3_2                         
1     000004d6  _rmp3_1                         
1     000004e2  _TrigSel                        
1     00000500  _ACQPS                          
1     00000510  _ePWM                           
1     00000520  _rc1                            
1     00000530  _rc2                            
1     00000540  _ChSel                          
1     00000550  _speed2                         
1     00000562  _speed1                         
1     00000580  _pid2_spd                       
1     00000598  _pid1_spd                       
1     000005c0  _cmtn1                          
1     00000600  _cmtninv1                       
1     0000062c  ___TI_enable_exit_profile_output
1     0000062e  ___TI_cleanup_ptr               
1     00000630  ___TI_dtors_ptr                 
1     00000632  __lock                          
1     00000634  __unlock                        
1     00000640  _CpuTimer1                      
1     00000648  _CpuTimer2                      
1     00000650  _CpuTimer0                      
1     00000880  _DevEmuRegs                     
1     00000a80  _FlashRegs                      
1     00000ae0  _CsmRegs                        
1     00000b00  _AdcResult                      
1     00000c00  _CpuTimer0Regs                  
1     00000c08  _CpuTimer1Regs                  
1     00000c10  _CpuTimer2Regs                  
1     00000ce0  _PieCtrlRegs                    
1     00000d00  _EmuKey                         
1     00000d00  _PieVectTable                   
1     00000d01  _EmuBMode                       
1     00000d02  _Flash_CallbackPtr              
1     00000d04  _Flash_CPUScaleFactor           
1     00001400  _Cla1Regs                       
1     00006000  _ECanaRegs                      
1     00006040  _ECanaLAMRegs                   
1     00006080  _ECanaMOTSRegs                  
1     000060c0  _ECanaMOTORegs                  
1     00006100  _ECanaMboxes                    
1     00006400  _Comp1Regs                      
1     00006420  _Comp2Regs                      
1     00006440  _Comp3Regs                      
1     00006800  _EPwm1Regs                      
1     00006840  _EPwm2Regs                      
1     00006880  _EPwm3Regs                      
1     000068c0  _EPwm4Regs                      
1     00006900  _EPwm5Regs                      
1     00006940  _EPwm6Regs                      
1     00006980  _EPwm7Regs                      
1     00006a00  _ECap1Regs                      
1     00006b00  _EQep1Regs                      
1     00006c00  _LinaRegs                       
1     00006f80  _GpioCtrlRegs                   
1     00006fc0  _GpioDataRegs                   
1     00006fe0  _GpioIntRegs                    
1     00007010  _SysCtrlRegs                    
1     00007040  _SpiaRegs                       
1     00007050  _SciaRegs                       
1     00007060  _NmiIntruptRegs                 
1     00007070  _XIntruptRegs                   
1     00007100  _AdcRegs                        
1     00007740  _SpibRegs                       
1     00007900  _I2caRegs                       
1     003d7e80  _PartIdRegs                     
1     003f7ff8  _CsmPwl                         
abs   00000380  __STACK_SIZE                    
abs   ffffffff  ___TI_pprof_out_hndl            
abs   ffffffff  ___TI_prof_data_size            
abs   ffffffff  ___TI_prof_data_start           
abs   ffffffff  ___binit__                      
abs   ffffffff  ___c_args__                     
abs   ffffffff  ___pinit__                      
abs   ffffffff  binit                           
abs   ffffffff  pinit                           

[266 symbols]
