<?xml version="1.0"?>
<link_info>
   <banner>TMS320C2000 Linker PC v15.12.1.LTS</banner>
   <copyright>Copyright (c) 1996-2015 Texas Instruments Incorporated</copyright>
   <link_time>0x5783d7d0</link_time>
   <link_errors>0x0</link_errors>
   <output_file>HVBLDC_Sensorless.out</output_file>
   <entry_point>
      <name>_c_int00</name>
      <address>0x99fc</address>
   </entry_point>
   <input_file_list>
      <input_file id="fl-3">
         <path>.\</path>
         <kind>object</kind>
         <file>DLOG4CHC.obj</file>
         <name>DLOG4CHC.obj</name>
      </input_file>
      <input_file id="fl-4">
         <path>.\</path>
         <kind>object</kind>
         <file>DSP2803x_CodeStartBranch.obj</file>
         <name>DSP2803x_CodeStartBranch.obj</name>
      </input_file>
      <input_file id="fl-5">
         <path>.\</path>
         <kind>object</kind>
         <file>DSP2803x_CpuTimers.obj</file>
         <name>DSP2803x_CpuTimers.obj</name>
      </input_file>
      <input_file id="fl-6">
         <path>.\</path>
         <kind>object</kind>
         <file>DSP2803x_GlobalVariableDefs.obj</file>
         <name>DSP2803x_GlobalVariableDefs.obj</name>
      </input_file>
      <input_file id="fl-7">
         <path>.\</path>
         <kind>object</kind>
         <file>DSP2803x_I2C.obj</file>
         <name>DSP2803x_I2C.obj</name>
      </input_file>
      <input_file id="fl-8">
         <path>.\</path>
         <kind>object</kind>
         <file>DSP2803x_usDelay.obj</file>
         <name>DSP2803x_usDelay.obj</name>
      </input_file>
      <input_file id="fl-9">
         <path>.\</path>
         <kind>object</kind>
         <file>HVBLDC_Sensorless-DevInit_F2803x.obj</file>
         <name>HVBLDC_Sensorless-DevInit_F2803x.obj</name>
      </input_file>
      <input_file id="fl-a">
         <path>.\</path>
         <kind>object</kind>
         <file>HVBLDC_Sensorless.obj</file>
         <name>HVBLDC_Sensorless.obj</name>
      </input_file>
      <input_file id="fl-b">
         <path>.\</path>
         <kind>object</kind>
         <file>i2c_gy80.obj</file>
         <name>i2c_gy80.obj</name>
      </input_file>
      <input_file id="fl-10">
         <path>D:\ti\controlSUITE\libs\math\IQmath\v15c\lib\</path>
         <kind>archive</kind>
         <file>IQmath.lib</file>
         <name>IQ24div.obj</name>
      </input_file>
      <input_file id="fl-11">
         <path>D:\ti\controlSUITE\libs\math\IQmath\v15c\lib\</path>
         <kind>archive</kind>
         <file>IQmath.lib</file>
         <name>IQmathTables.obj</name>
      </input_file>
      <input_file id="fl-12">
         <path>D:\ti\ccsv6\tools\compiler\ti-cgt-c2000_15.12.1.LTS\lib\</path>
         <kind>archive</kind>
         <file>rts2800_ml.lib</file>
         <name>boot.obj</name>
      </input_file>
      <input_file id="fl-13">
         <path>D:\ti\ccsv6\tools\compiler\ti-cgt-c2000_15.12.1.LTS\lib\</path>
         <kind>archive</kind>
         <file>rts2800_ml.lib</file>
         <name>cpy_tbl.obj</name>
      </input_file>
      <input_file id="fl-14">
         <path>D:\ti\ccsv6\tools\compiler\ti-cgt-c2000_15.12.1.LTS\lib\</path>
         <kind>archive</kind>
         <file>rts2800_ml.lib</file>
         <name>cpy_utils.obj</name>
      </input_file>
      <input_file id="fl-15">
         <path>D:\ti\ccsv6\tools\compiler\ti-cgt-c2000_15.12.1.LTS\lib\</path>
         <kind>archive</kind>
         <file>rts2800_ml.lib</file>
         <name>exit.obj</name>
      </input_file>
      <input_file id="fl-16">
         <path>D:\ti\ccsv6\tools\compiler\ti-cgt-c2000_15.12.1.LTS\lib\</path>
         <kind>archive</kind>
         <file>rts2800_ml.lib</file>
         <name>fd_mpy.obj</name>
      </input_file>
      <input_file id="fl-17">
         <path>D:\ti\ccsv6\tools\compiler\ti-cgt-c2000_15.12.1.LTS\lib\</path>
         <kind>archive</kind>
         <file>rts2800_ml.lib</file>
         <name>fd_tol.obj</name>
      </input_file>
      <input_file id="fl-18">
         <path>D:\ti\ccsv6\tools\compiler\ti-cgt-c2000_15.12.1.LTS\lib\</path>
         <kind>archive</kind>
         <file>rts2800_ml.lib</file>
         <name>fs_cmp.obj</name>
      </input_file>
      <input_file id="fl-19">
         <path>D:\ti\ccsv6\tools\compiler\ti-cgt-c2000_15.12.1.LTS\lib\</path>
         <kind>archive</kind>
         <file>rts2800_ml.lib</file>
         <name>fs_div.obj</name>
      </input_file>
      <input_file id="fl-1a">
         <path>D:\ti\ccsv6\tools\compiler\ti-cgt-c2000_15.12.1.LTS\lib\</path>
         <kind>archive</kind>
         <file>rts2800_ml.lib</file>
         <name>fs_mpy.obj</name>
      </input_file>
      <input_file id="fl-1b">
         <path>D:\ti\ccsv6\tools\compiler\ti-cgt-c2000_15.12.1.LTS\lib\</path>
         <kind>archive</kind>
         <file>rts2800_ml.lib</file>
         <name>fs_tofd.obj</name>
      </input_file>
      <input_file id="fl-1c">
         <path>D:\ti\ccsv6\tools\compiler\ti-cgt-c2000_15.12.1.LTS\lib\</path>
         <kind>archive</kind>
         <file>rts2800_ml.lib</file>
         <name>fs_tol.obj</name>
      </input_file>
      <input_file id="fl-1d">
         <path>D:\ti\ccsv6\tools\compiler\ti-cgt-c2000_15.12.1.LTS\lib\</path>
         <kind>archive</kind>
         <file>rts2800_ml.lib</file>
         <name>l_tofs.obj</name>
      </input_file>
      <input_file id="fl-1e">
         <path>D:\ti\ccsv6\tools\compiler\ti-cgt-c2000_15.12.1.LTS\lib\</path>
         <kind>archive</kind>
         <file>rts2800_ml.lib</file>
         <name>pre_init.obj</name>
      </input_file>
      <input_file id="fl-1f">
         <path>D:\ti\ccsv6\tools\compiler\ti-cgt-c2000_15.12.1.LTS\lib\</path>
         <kind>archive</kind>
         <file>rts2800_ml.lib</file>
         <name>startup.obj</name>
      </input_file>
      <input_file id="fl-20">
         <path>D:\ti\ccsv6\tools\compiler\ti-cgt-c2000_15.12.1.LTS\lib\</path>
         <kind>archive</kind>
         <file>rts2800_ml.lib</file>
         <name>u_tofs.obj</name>
      </input_file>
      <input_file id="fl-21">
         <path>D:\ti\ccsv6\tools\compiler\ti-cgt-c2000_15.12.1.LTS\lib\</path>
         <kind>archive</kind>
         <file>rts2800_ml.lib</file>
         <name>_lock.obj</name>
      </input_file>
      <input_file id="fl-22">
         <path>D:\ti\ccsv6\tools\compiler\ti-cgt-c2000_15.12.1.LTS\lib\</path>
         <kind>archive</kind>
         <file>rts2800_ml.lib</file>
         <name>args_main.obj</name>
      </input_file>
   </input_file_list>
   <object_component_list>
      <object_component id="oc-1b">
         <name>codestart</name>
         <load_address>0x0</load_address>
         <run_address>0x0</run_address>
         <size>0x2</size>
         <input_file_ref idref="fl-4"/>
      </object_component>
      <object_component id="oc-5a">
         <name>ramfuncs</name>
         <load_address>0x2c3</load_address>
         <run_address>0x2c3</run_address>
         <size>0x4</size>
         <input_file_ref idref="fl-8"/>
      </object_component>
      <object_component id="oc-68">
         <name>.text:retain</name>
         <load_address>0x8000</load_address>
         <run_address>0x8000</run_address>
         <size>0x106f</size>
         <input_file_ref idref="fl-a"/>
      </object_component>
      <object_component id="oc-d2">
         <name>.text</name>
         <load_address>0x906f</load_address>
         <run_address>0x906f</run_address>
         <size>0x59c</size>
         <input_file_ref idref="fl-a"/>
      </object_component>
      <object_component id="oc-d5">
         <name>.text</name>
         <load_address>0x960b</load_address>
         <run_address>0x960b</run_address>
         <size>0x1b2</size>
         <input_file_ref idref="fl-9"/>
      </object_component>
      <object_component id="oc-8c">
         <name>.text</name>
         <load_address>0x97bd</load_address>
         <run_address>0x97bd</run_address>
         <size>0x83</size>
         <input_file_ref idref="fl-16"/>
      </object_component>
      <object_component id="oc-9b">
         <name>.text</name>
         <load_address>0x9840</load_address>
         <run_address>0x9840</run_address>
         <size>0x83</size>
         <input_file_ref idref="fl-19"/>
      </object_component>
      <object_component id="oc-d7">
         <name>.text</name>
         <load_address>0x98c3</load_address>
         <run_address>0x98c3</run_address>
         <size>0x72</size>
         <input_file_ref idref="fl-5"/>
      </object_component>
      <object_component id="oc-d8">
         <name>.text</name>
         <load_address>0x9935</load_address>
         <run_address>0x9935</run_address>
         <size>0x6d</size>
         <input_file_ref idref="fl-b"/>
      </object_component>
      <object_component id="oc-a0">
         <name>.text</name>
         <load_address>0x99a2</load_address>
         <run_address>0x99a2</run_address>
         <size>0x5a</size>
         <input_file_ref idref="fl-1a"/>
      </object_component>
      <object_component id="oc-13">
         <name>.text</name>
         <load_address>0x99fc</load_address>
         <run_address>0x99fc</run_address>
         <size>0x54</size>
         <input_file_ref idref="fl-12"/>
      </object_component>
      <object_component id="oc-14">
         <name>.text</name>
         <load_address>0x9a50</load_address>
         <run_address>0x9a50</run_address>
         <size>0x4b</size>
         <input_file_ref idref="fl-3"/>
      </object_component>
      <object_component id="oc-ce">
         <name>.text</name>
         <load_address>0x9a9b</load_address>
         <run_address>0x9a9b</run_address>
         <size>0x46</size>
         <input_file_ref idref="fl-13"/>
      </object_component>
      <object_component id="oc-d1">
         <name>.text</name>
         <load_address>0x9ae1</load_address>
         <run_address>0x9ae1</run_address>
         <size>0x29</size>
         <input_file_ref idref="fl-15"/>
      </object_component>
      <object_component id="oc-aa">
         <name>.text</name>
         <load_address>0x9b0a</load_address>
         <run_address>0x9b0a</run_address>
         <size>0x29</size>
         <input_file_ref idref="fl-1c"/>
      </object_component>
      <object_component id="oc-91">
         <name>.text</name>
         <load_address>0x9b33</load_address>
         <run_address>0x9b33</run_address>
         <size>0x1f</size>
         <input_file_ref idref="fl-17"/>
      </object_component>
      <object_component id="oc-a5">
         <name>.text</name>
         <load_address>0x9b52</load_address>
         <run_address>0x9b52</run_address>
         <size>0x1c</size>
         <input_file_ref idref="fl-1b"/>
      </object_component>
      <object_component id="oc-80">
         <name>.text</name>
         <load_address>0x9b6e</load_address>
         <run_address>0x9b6e</run_address>
         <size>0x1a</size>
         <input_file_ref idref="fl-14"/>
      </object_component>
      <object_component id="oc-af">
         <name>.text</name>
         <load_address>0x9b88</load_address>
         <run_address>0x9b88</run_address>
         <size>0x1a</size>
         <input_file_ref idref="fl-1d"/>
      </object_component>
      <object_component id="oc-d6">
         <name>.text</name>
         <load_address>0x9ba2</load_address>
         <run_address>0x9ba2</run_address>
         <size>0x19</size>
         <input_file_ref idref="fl-7"/>
      </object_component>
      <object_component id="oc-d0">
         <name>.text</name>
         <load_address>0x9bbb</load_address>
         <run_address>0x9bbb</run_address>
         <size>0x19</size>
         <input_file_ref idref="fl-22"/>
      </object_component>
      <object_component id="oc-96">
         <name>.text</name>
         <load_address>0x9bd4</load_address>
         <run_address>0x9bd4</run_address>
         <size>0x17</size>
         <input_file_ref idref="fl-18"/>
      </object_component>
      <object_component id="oc-be">
         <name>.text</name>
         <load_address>0x9beb</load_address>
         <run_address>0x9beb</run_address>
         <size>0x10</size>
         <input_file_ref idref="fl-20"/>
      </object_component>
      <object_component id="oc-d9">
         <name>.text</name>
         <load_address>0x9bfb</load_address>
         <run_address>0x9bfb</run_address>
         <size>0x9</size>
         <input_file_ref idref="fl-21"/>
      </object_component>
      <object_component id="oc-1a">
         <name>.text</name>
         <load_address>0x9c04</load_address>
         <run_address>0x9c04</run_address>
         <size>0x8</size>
         <input_file_ref idref="fl-4"/>
      </object_component>
      <object_component id="oc-60">
         <name>.text:retain</name>
         <load_address>0x9c0c</load_address>
         <run_address>0x9c0c</run_address>
         <size>0x5</size>
         <input_file_ref idref="fl-9"/>
      </object_component>
      <object_component id="oc-cd">
         <name>.text</name>
         <load_address>0x9c11</load_address>
         <run_address>0x9c11</run_address>
         <size>0x2</size>
         <input_file_ref idref="fl-1e"/>
      </object_component>
      <object_component id="oc-cf">
         <name>.text</name>
         <load_address>0x9c13</load_address>
         <run_address>0x9c13</run_address>
         <size>0x1</size>
         <input_file_ref idref="fl-1f"/>
      </object_component>
      <object_component id="oc-66">
         <name>.cinit</name>
         <load_address>0x50</load_address>
         <run_address>0x50</run_address>
         <size>0x259</size>
         <input_file_ref idref="fl-a"/>
      </object_component>
      <object_component id="oc-86">
         <name>.cinit</name>
         <load_address>0x2a9</load_address>
         <run_address>0x2a9</run_address>
         <size>0xe</size>
         <input_file_ref idref="fl-15"/>
      </object_component>
      <object_component id="oc-d4">
         <name>.cinit:__lock</name>
         <load_address>0x2b7</load_address>
         <run_address>0x2b7</run_address>
         <size>0x5</size>
         <input_file_ref idref="fl-21"/>
      </object_component>
      <object_component id="oc-da">
         <name>.cinit:__unlock</name>
         <load_address>0x2bc</load_address>
         <run_address>0x2bc</run_address>
         <size>0x5</size>
         <input_file_ref idref="fl-21"/>
      </object_component>
      <object_component id="oc-76">
         <name>.reset</name>
         <load_address>0x3fffc0</load_address>
         <run_address>0x3fffc0</run_address>
         <size>0x2</size>
         <input_file_ref idref="fl-12"/>
      </object_component>
      <object_component id="oc-75">
         <name>.stack</name>
         <uninitialized>true</uninitialized>
         <run_address>0x480</run_address>
         <size>0x0</size>
         <input_file_ref idref="fl-12"/>
      </object_component>
      <object_component id="oc-153">
         <name>.stack</name>
         <uninitialized>true</uninitialized>
         <run_address>0x480</run_address>
         <size>0x0</size>
      </object_component>
      <object_component id="oc-21">
         <name>.ebss</name>
         <uninitialized>true</uninitialized>
         <run_address>0xa080</run_address>
         <size>0x18</size>
         <input_file_ref idref="fl-5"/>
      </object_component>
      <object_component id="oc-67">
         <name>.ebss</name>
         <uninitialized>true</uninitialized>
         <run_address>0x9e40</run_address>
         <size>0x22c</size>
         <input_file_ref idref="fl-a"/>
      </object_component>
      <object_component id="oc-87">
         <name>.ebss</name>
         <uninitialized>true</uninitialized>
         <run_address>0xa06c</run_address>
         <size>0x6</size>
         <input_file_ref idref="fl-15"/>
      </object_component>
      <object_component id="oc-db">
         <name>.ebss:__unlock</name>
         <uninitialized>true</uninitialized>
         <run_address>0xa074</run_address>
         <size>0x2</size>
         <input_file_ref idref="fl-21"/>
      </object_component>
      <object_component id="oc-d3">
         <name>.ebss:__lock</name>
         <uninitialized>true</uninitialized>
         <run_address>0xa072</run_address>
         <size>0x2</size>
         <input_file_ref idref="fl-21"/>
      </object_component>
      <object_component id="oc-69">
         <name>.econst</name>
         <load_address>0xa098</load_address>
         <run_address>0xa098</run_address>
         <size>0x4</size>
         <input_file_ref idref="fl-a"/>
      </object_component>
      <object_component id="oc-73">
         <name>IQmath</name>
         <load_address>0x9c14</load_address>
         <run_address>0x9c14</run_address>
         <size>0x47</size>
         <input_file_ref idref="fl-10"/>
      </object_component>
      <object_component id="oc-74">
         <name>IQmathTables</name>
         <load_address>0x3fe000</load_address>
         <run_address>0x3fe000</run_address>
         <size>0xb50</size>
         <input_file_ref idref="fl-11"/>
      </object_component>
      <object_component id="oc-15">
         <name>DLOG</name>
         <uninitialized>true</uninitialized>
         <run_address>0x9800</run_address>
         <size>0x640</size>
         <input_file_ref idref="fl-3"/>
      </object_component>
      <object_component id="oc-16">
         <name>.debug_info</name>
         <load_address>0x0</load_address>
         <run_address>0x0</run_address>
         <size>0x11d</size>
         <input_file_ref idref="fl-3"/>
      </object_component>
      <object_component id="oc-1c">
         <name>.debug_info</name>
         <load_address>0x11d</load_address>
         <run_address>0x11d</run_address>
         <size>0x211</size>
         <input_file_ref idref="fl-4"/>
      </object_component>
      <object_component id="oc-20">
         <name>.debug_info</name>
         <load_address>0x32e</load_address>
         <run_address>0x32e</run_address>
         <size>0x91b</size>
         <input_file_ref idref="fl-5"/>
      </object_component>
      <object_component id="oc-26">
         <name>.debug_info</name>
         <load_address>0xc49</load_address>
         <run_address>0xc49</run_address>
         <size>0x138c4</size>
         <input_file_ref idref="fl-6"/>
      </object_component>
      <object_component id="oc-55">
         <name>.debug_info</name>
         <load_address>0x1450d</load_address>
         <run_address>0x1450d</run_address>
         <size>0x155e</size>
         <input_file_ref idref="fl-7"/>
      </object_component>
      <object_component id="oc-5b">
         <name>.debug_info</name>
         <load_address>0x15a6b</load_address>
         <run_address>0x15a6b</run_address>
         <size>0x114</size>
         <input_file_ref idref="fl-8"/>
      </object_component>
      <object_component id="oc-5f">
         <name>.debug_info</name>
         <load_address>0x15b7f</load_address>
         <run_address>0x15b7f</run_address>
         <size>0x4669</size>
         <input_file_ref idref="fl-9"/>
      </object_component>
      <object_component id="oc-65">
         <name>.debug_info</name>
         <load_address>0x1a1e8</load_address>
         <run_address>0x1a1e8</run_address>
         <size>0x9f55</size>
         <input_file_ref idref="fl-a"/>
      </object_component>
      <object_component id="oc-6e">
         <name>.debug_info</name>
         <load_address>0x2413d</load_address>
         <run_address>0x2413d</run_address>
         <size>0xe7a</size>
         <input_file_ref idref="fl-b"/>
      </object_component>
      <object_component id="oc-77">
         <name>.debug_info</name>
         <load_address>0x24fb7</load_address>
         <run_address>0x24fb7</run_address>
         <size>0x187</size>
         <input_file_ref idref="fl-12"/>
      </object_component>
      <object_component id="oc-7b">
         <name>.debug_info</name>
         <load_address>0x2513e</load_address>
         <run_address>0x2513e</run_address>
         <size>0x591</size>
         <input_file_ref idref="fl-13"/>
      </object_component>
      <object_component id="oc-81">
         <name>.debug_info</name>
         <load_address>0x256cf</load_address>
         <run_address>0x256cf</run_address>
         <size>0x12e</size>
         <input_file_ref idref="fl-14"/>
      </object_component>
      <object_component id="oc-85">
         <name>.debug_info</name>
         <load_address>0x257fd</load_address>
         <run_address>0x257fd</run_address>
         <size>0x515</size>
         <input_file_ref idref="fl-15"/>
      </object_component>
      <object_component id="oc-8d">
         <name>.debug_info</name>
         <load_address>0x25d12</load_address>
         <run_address>0x25d12</run_address>
         <size>0x128</size>
         <input_file_ref idref="fl-16"/>
      </object_component>
      <object_component id="oc-92">
         <name>.debug_info</name>
         <load_address>0x25e3a</load_address>
         <run_address>0x25e3a</run_address>
         <size>0x128</size>
         <input_file_ref idref="fl-17"/>
      </object_component>
      <object_component id="oc-97">
         <name>.debug_info</name>
         <load_address>0x25f62</load_address>
         <run_address>0x25f62</run_address>
         <size>0x128</size>
         <input_file_ref idref="fl-18"/>
      </object_component>
      <object_component id="oc-9c">
         <name>.debug_info</name>
         <load_address>0x2608a</load_address>
         <run_address>0x2608a</run_address>
         <size>0x128</size>
         <input_file_ref idref="fl-19"/>
      </object_component>
      <object_component id="oc-a1">
         <name>.debug_info</name>
         <load_address>0x261b2</load_address>
         <run_address>0x261b2</run_address>
         <size>0x128</size>
         <input_file_ref idref="fl-1a"/>
      </object_component>
      <object_component id="oc-a6">
         <name>.debug_info</name>
         <load_address>0x262da</load_address>
         <run_address>0x262da</run_address>
         <size>0x12b</size>
         <input_file_ref idref="fl-1b"/>
      </object_component>
      <object_component id="oc-ab">
         <name>.debug_info</name>
         <load_address>0x26405</load_address>
         <run_address>0x26405</run_address>
         <size>0x134</size>
         <input_file_ref idref="fl-1c"/>
      </object_component>
      <object_component id="oc-b0">
         <name>.debug_info</name>
         <load_address>0x26539</load_address>
         <run_address>0x26539</run_address>
         <size>0x132</size>
         <input_file_ref idref="fl-1d"/>
      </object_component>
      <object_component id="oc-b4">
         <name>.debug_info</name>
         <load_address>0x2666b</load_address>
         <run_address>0x2666b</run_address>
         <size>0x34c</size>
         <input_file_ref idref="fl-1e"/>
      </object_component>
      <object_component id="oc-b9">
         <name>.debug_info</name>
         <load_address>0x269b7</load_address>
         <run_address>0x269b7</run_address>
         <size>0x349</size>
         <input_file_ref idref="fl-1f"/>
      </object_component>
      <object_component id="oc-bf">
         <name>.debug_info</name>
         <load_address>0x26d00</load_address>
         <run_address>0x26d00</run_address>
         <size>0x12c</size>
         <input_file_ref idref="fl-20"/>
      </object_component>
      <object_component id="oc-c3">
         <name>.debug_info</name>
         <load_address>0x26e2c</load_address>
         <run_address>0x26e2c</run_address>
         <size>0x46b</size>
         <input_file_ref idref="fl-21"/>
      </object_component>
      <object_component id="oc-c8">
         <name>.debug_info</name>
         <load_address>0x27297</load_address>
         <run_address>0x27297</run_address>
         <size>0x438</size>
         <input_file_ref idref="fl-22"/>
      </object_component>
      <object_component id="oc-154">
         <name>.debug_info</name>
         <load_address>0x276cf</load_address>
         <run_address>0x276cf</run_address>
         <size>0xcd</size>
      </object_component>
      <object_component id="oc-17">
         <name>.debug_line</name>
         <load_address>0x0</load_address>
         <run_address>0x0</run_address>
         <size>0x7f</size>
         <input_file_ref idref="fl-3"/>
      </object_component>
      <object_component id="oc-1d">
         <name>.debug_line</name>
         <load_address>0x7f</load_address>
         <run_address>0x7f</run_address>
         <size>0xa3</size>
         <input_file_ref idref="fl-4"/>
      </object_component>
      <object_component id="oc-23">
         <name>.debug_line</name>
         <load_address>0x122</load_address>
         <run_address>0x122</run_address>
         <size>0x88</size>
         <input_file_ref idref="fl-5"/>
      </object_component>
      <object_component id="oc-57">
         <name>.debug_line</name>
         <load_address>0x1aa</load_address>
         <run_address>0x1aa</run_address>
         <size>0x6a</size>
         <input_file_ref idref="fl-7"/>
      </object_component>
      <object_component id="oc-5c">
         <name>.debug_line</name>
         <load_address>0x214</load_address>
         <run_address>0x214</run_address>
         <size>0x48</size>
         <input_file_ref idref="fl-8"/>
      </object_component>
      <object_component id="oc-62">
         <name>.debug_line</name>
         <load_address>0x25c</load_address>
         <run_address>0x25c</run_address>
         <size>0x1d0</size>
         <input_file_ref idref="fl-9"/>
      </object_component>
      <object_component id="oc-6b">
         <name>.debug_line</name>
         <load_address>0x42c</load_address>
         <run_address>0x42c</run_address>
         <size>0x49c</size>
         <input_file_ref idref="fl-a"/>
      </object_component>
      <object_component id="oc-70">
         <name>.debug_line</name>
         <load_address>0x8c8</load_address>
         <run_address>0x8c8</run_address>
         <size>0xb9</size>
         <input_file_ref idref="fl-b"/>
      </object_component>
      <object_component id="oc-78">
         <name>.debug_line</name>
         <load_address>0x981</load_address>
         <run_address>0x981</run_address>
         <size>0x7d</size>
         <input_file_ref idref="fl-12"/>
      </object_component>
      <object_component id="oc-7d">
         <name>.debug_line</name>
         <load_address>0x9fe</load_address>
         <run_address>0x9fe</run_address>
         <size>0x64</size>
         <input_file_ref idref="fl-13"/>
      </object_component>
      <object_component id="oc-82">
         <name>.debug_line</name>
         <load_address>0xa62</load_address>
         <run_address>0xa62</run_address>
         <size>0x50</size>
         <input_file_ref idref="fl-14"/>
      </object_component>
      <object_component id="oc-89">
         <name>.debug_line</name>
         <load_address>0xab2</load_address>
         <run_address>0xab2</run_address>
         <size>0x65</size>
         <input_file_ref idref="fl-15"/>
      </object_component>
      <object_component id="oc-8e">
         <name>.debug_line</name>
         <load_address>0xb17</load_address>
         <run_address>0xb17</run_address>
         <size>0xa2</size>
         <input_file_ref idref="fl-16"/>
      </object_component>
      <object_component id="oc-93">
         <name>.debug_line</name>
         <load_address>0xbb9</load_address>
         <run_address>0xbb9</run_address>
         <size>0x58</size>
         <input_file_ref idref="fl-17"/>
      </object_component>
      <object_component id="oc-98">
         <name>.debug_line</name>
         <load_address>0xc11</load_address>
         <run_address>0xc11</run_address>
         <size>0x52</size>
         <input_file_ref idref="fl-18"/>
      </object_component>
      <object_component id="oc-9d">
         <name>.debug_line</name>
         <load_address>0xc63</load_address>
         <run_address>0xc63</run_address>
         <size>0xab</size>
         <input_file_ref idref="fl-19"/>
      </object_component>
      <object_component id="oc-a2">
         <name>.debug_line</name>
         <load_address>0xd0e</load_address>
         <run_address>0xd0e</run_address>
         <size>0x8d</size>
         <input_file_ref idref="fl-1a"/>
      </object_component>
      <object_component id="oc-a7">
         <name>.debug_line</name>
         <load_address>0xd9b</load_address>
         <run_address>0xd9b</run_address>
         <size>0x56</size>
         <input_file_ref idref="fl-1b"/>
      </object_component>
      <object_component id="oc-ac">
         <name>.debug_line</name>
         <load_address>0xdf1</load_address>
         <run_address>0xdf1</run_address>
         <size>0x60</size>
         <input_file_ref idref="fl-1c"/>
      </object_component>
      <object_component id="oc-b1">
         <name>.debug_line</name>
         <load_address>0xe51</load_address>
         <run_address>0xe51</run_address>
         <size>0x53</size>
         <input_file_ref idref="fl-1d"/>
      </object_component>
      <object_component id="oc-b6">
         <name>.debug_line</name>
         <load_address>0xea4</load_address>
         <run_address>0xea4</run_address>
         <size>0x3e</size>
         <input_file_ref idref="fl-1e"/>
      </object_component>
      <object_component id="oc-bb">
         <name>.debug_line</name>
         <load_address>0xee2</load_address>
         <run_address>0xee2</run_address>
         <size>0x3a</size>
         <input_file_ref idref="fl-1f"/>
      </object_component>
      <object_component id="oc-c0">
         <name>.debug_line</name>
         <load_address>0xf1c</load_address>
         <run_address>0xf1c</run_address>
         <size>0x49</size>
         <input_file_ref idref="fl-20"/>
      </object_component>
      <object_component id="oc-c5">
         <name>.debug_line</name>
         <load_address>0xf65</load_address>
         <run_address>0xf65</run_address>
         <size>0x5e</size>
         <input_file_ref idref="fl-21"/>
      </object_component>
      <object_component id="oc-ca">
         <name>.debug_line</name>
         <load_address>0xfc3</load_address>
         <run_address>0xfc3</run_address>
         <size>0x55</size>
         <input_file_ref idref="fl-22"/>
      </object_component>
      <object_component id="oc-18">
         <name>.debug_abbrev</name>
         <load_address>0x0</load_address>
         <run_address>0x0</run_address>
         <size>0x2f</size>
         <input_file_ref idref="fl-3"/>
      </object_component>
      <object_component id="oc-1e">
         <name>.debug_abbrev</name>
         <load_address>0x2f</load_address>
         <run_address>0x2f</run_address>
         <size>0x21</size>
         <input_file_ref idref="fl-4"/>
      </object_component>
      <object_component id="oc-24">
         <name>.debug_abbrev</name>
         <load_address>0x50</load_address>
         <run_address>0x50</run_address>
         <size>0x10b</size>
         <input_file_ref idref="fl-5"/>
      </object_component>
      <object_component id="oc-54">
         <name>.debug_abbrev</name>
         <load_address>0x15b</load_address>
         <run_address>0x15b</run_address>
         <size>0xb7</size>
         <input_file_ref idref="fl-6"/>
      </object_component>
      <object_component id="oc-58">
         <name>.debug_abbrev</name>
         <load_address>0x212</load_address>
         <run_address>0x212</run_address>
         <size>0xdc</size>
         <input_file_ref idref="fl-7"/>
      </object_component>
      <object_component id="oc-5d">
         <name>.debug_abbrev</name>
         <load_address>0x2ee</load_address>
         <run_address>0x2ee</run_address>
         <size>0x2f</size>
         <input_file_ref idref="fl-8"/>
      </object_component>
      <object_component id="oc-63">
         <name>.debug_abbrev</name>
         <load_address>0x31d</load_address>
         <run_address>0x31d</run_address>
         <size>0x17f</size>
         <input_file_ref idref="fl-9"/>
      </object_component>
      <object_component id="oc-6c">
         <name>.debug_abbrev</name>
         <load_address>0x49c</load_address>
         <run_address>0x49c</run_address>
         <size>0x1c3</size>
         <input_file_ref idref="fl-a"/>
      </object_component>
      <object_component id="oc-71">
         <name>.debug_abbrev</name>
         <load_address>0x65f</load_address>
         <run_address>0x65f</run_address>
         <size>0x12a</size>
         <input_file_ref idref="fl-b"/>
      </object_component>
      <object_component id="oc-79">
         <name>.debug_abbrev</name>
         <load_address>0x789</load_address>
         <run_address>0x789</run_address>
         <size>0x46</size>
         <input_file_ref idref="fl-12"/>
      </object_component>
      <object_component id="oc-7e">
         <name>.debug_abbrev</name>
         <load_address>0x7cf</load_address>
         <run_address>0x7cf</run_address>
         <size>0xfa</size>
         <input_file_ref idref="fl-13"/>
      </object_component>
      <object_component id="oc-83">
         <name>.debug_abbrev</name>
         <load_address>0x8c9</load_address>
         <run_address>0x8c9</run_address>
         <size>0x32</size>
         <input_file_ref idref="fl-14"/>
      </object_component>
      <object_component id="oc-8a">
         <name>.debug_abbrev</name>
         <load_address>0x8fb</load_address>
         <run_address>0x8fb</run_address>
         <size>0x142</size>
         <input_file_ref idref="fl-15"/>
      </object_component>
      <object_component id="oc-8f">
         <name>.debug_abbrev</name>
         <load_address>0xa3d</load_address>
         <run_address>0xa3d</run_address>
         <size>0x38</size>
         <input_file_ref idref="fl-16"/>
      </object_component>
      <object_component id="oc-94">
         <name>.debug_abbrev</name>
         <load_address>0xa75</load_address>
         <run_address>0xa75</run_address>
         <size>0x38</size>
         <input_file_ref idref="fl-17"/>
      </object_component>
      <object_component id="oc-99">
         <name>.debug_abbrev</name>
         <load_address>0xaad</load_address>
         <run_address>0xaad</run_address>
         <size>0x38</size>
         <input_file_ref idref="fl-18"/>
      </object_component>
      <object_component id="oc-9e">
         <name>.debug_abbrev</name>
         <load_address>0xae5</load_address>
         <run_address>0xae5</run_address>
         <size>0x38</size>
         <input_file_ref idref="fl-19"/>
      </object_component>
      <object_component id="oc-a3">
         <name>.debug_abbrev</name>
         <load_address>0xb1d</load_address>
         <run_address>0xb1d</run_address>
         <size>0x38</size>
         <input_file_ref idref="fl-1a"/>
      </object_component>
      <object_component id="oc-a8">
         <name>.debug_abbrev</name>
         <load_address>0xb55</load_address>
         <run_address>0xb55</run_address>
         <size>0x38</size>
         <input_file_ref idref="fl-1b"/>
      </object_component>
      <object_component id="oc-ad">
         <name>.debug_abbrev</name>
         <load_address>0xb8d</load_address>
         <run_address>0xb8d</run_address>
         <size>0x38</size>
         <input_file_ref idref="fl-1c"/>
      </object_component>
      <object_component id="oc-b2">
         <name>.debug_abbrev</name>
         <load_address>0xbc5</load_address>
         <run_address>0xbc5</run_address>
         <size>0x38</size>
         <input_file_ref idref="fl-1d"/>
      </object_component>
      <object_component id="oc-b7">
         <name>.debug_abbrev</name>
         <load_address>0xbfd</load_address>
         <run_address>0xbfd</run_address>
         <size>0x68</size>
         <input_file_ref idref="fl-1e"/>
      </object_component>
      <object_component id="oc-bc">
         <name>.debug_abbrev</name>
         <load_address>0xc65</load_address>
         <run_address>0xc65</run_address>
         <size>0x66</size>
         <input_file_ref idref="fl-1f"/>
      </object_component>
      <object_component id="oc-c1">
         <name>.debug_abbrev</name>
         <load_address>0xccb</load_address>
         <run_address>0xccb</run_address>
         <size>0x38</size>
         <input_file_ref idref="fl-20"/>
      </object_component>
      <object_component id="oc-c6">
         <name>.debug_abbrev</name>
         <load_address>0xd03</load_address>
         <run_address>0xd03</run_address>
         <size>0xb2</size>
         <input_file_ref idref="fl-21"/>
      </object_component>
      <object_component id="oc-cb">
         <name>.debug_abbrev</name>
         <load_address>0xdb5</load_address>
         <run_address>0xdb5</run_address>
         <size>0xfe</size>
         <input_file_ref idref="fl-22"/>
      </object_component>
      <object_component id="oc-155">
         <name>.debug_abbrev</name>
         <load_address>0xeb3</load_address>
         <run_address>0xeb3</run_address>
         <size>0xf</size>
      </object_component>
      <object_component id="oc-19">
         <name>.debug_aranges</name>
         <load_address>0x0</load_address>
         <run_address>0x0</run_address>
         <size>0x20</size>
         <input_file_ref idref="fl-3"/>
      </object_component>
      <object_component id="oc-1f">
         <name>.debug_aranges</name>
         <load_address>0x20</load_address>
         <run_address>0x20</run_address>
         <size>0x28</size>
         <input_file_ref idref="fl-4"/>
      </object_component>
      <object_component id="oc-25">
         <name>.debug_aranges</name>
         <load_address>0x48</load_address>
         <run_address>0x48</run_address>
         <size>0x28</size>
         <input_file_ref idref="fl-5"/>
      </object_component>
      <object_component id="oc-59">
         <name>.debug_aranges</name>
         <load_address>0x70</load_address>
         <run_address>0x70</run_address>
         <size>0x28</size>
         <input_file_ref idref="fl-7"/>
      </object_component>
      <object_component id="oc-5e">
         <name>.debug_aranges</name>
         <load_address>0x98</load_address>
         <run_address>0x98</run_address>
         <size>0x20</size>
         <input_file_ref idref="fl-8"/>
      </object_component>
      <object_component id="oc-64">
         <name>.debug_aranges</name>
         <load_address>0xb8</load_address>
         <run_address>0xb8</run_address>
         <size>0x50</size>
         <input_file_ref idref="fl-9"/>
      </object_component>
      <object_component id="oc-6d">
         <name>.debug_aranges</name>
         <load_address>0x108</load_address>
         <run_address>0x108</run_address>
         <size>0x80</size>
         <input_file_ref idref="fl-a"/>
      </object_component>
      <object_component id="oc-72">
         <name>.debug_aranges</name>
         <load_address>0x188</load_address>
         <run_address>0x188</run_address>
         <size>0x30</size>
         <input_file_ref idref="fl-b"/>
      </object_component>
      <object_component id="oc-7a">
         <name>.debug_aranges</name>
         <load_address>0x1b8</load_address>
         <run_address>0x1b8</run_address>
         <size>0x20</size>
         <input_file_ref idref="fl-12"/>
      </object_component>
      <object_component id="oc-7f">
         <name>.debug_aranges</name>
         <load_address>0x1d8</load_address>
         <run_address>0x1d8</run_address>
         <size>0x20</size>
         <input_file_ref idref="fl-13"/>
      </object_component>
      <object_component id="oc-84">
         <name>.debug_aranges</name>
         <load_address>0x1f8</load_address>
         <run_address>0x1f8</run_address>
         <size>0x20</size>
         <input_file_ref idref="fl-14"/>
      </object_component>
      <object_component id="oc-8b">
         <name>.debug_aranges</name>
         <load_address>0x218</load_address>
         <run_address>0x218</run_address>
         <size>0x28</size>
         <input_file_ref idref="fl-15"/>
      </object_component>
      <object_component id="oc-90">
         <name>.debug_aranges</name>
         <load_address>0x240</load_address>
         <run_address>0x240</run_address>
         <size>0x20</size>
         <input_file_ref idref="fl-16"/>
      </object_component>
      <object_component id="oc-95">
         <name>.debug_aranges</name>
         <load_address>0x260</load_address>
         <run_address>0x260</run_address>
         <size>0x20</size>
         <input_file_ref idref="fl-17"/>
      </object_component>
      <object_component id="oc-9a">
         <name>.debug_aranges</name>
         <load_address>0x280</load_address>
         <run_address>0x280</run_address>
         <size>0x20</size>
         <input_file_ref idref="fl-18"/>
      </object_component>
      <object_component id="oc-9f">
         <name>.debug_aranges</name>
         <load_address>0x2a0</load_address>
         <run_address>0x2a0</run_address>
         <size>0x20</size>
         <input_file_ref idref="fl-19"/>
      </object_component>
      <object_component id="oc-a4">
         <name>.debug_aranges</name>
         <load_address>0x2c0</load_address>
         <run_address>0x2c0</run_address>
         <size>0x20</size>
         <input_file_ref idref="fl-1a"/>
      </object_component>
      <object_component id="oc-a9">
         <name>.debug_aranges</name>
         <load_address>0x2e0</load_address>
         <run_address>0x2e0</run_address>
         <size>0x20</size>
         <input_file_ref idref="fl-1b"/>
      </object_component>
      <object_component id="oc-ae">
         <name>.debug_aranges</name>
         <load_address>0x300</load_address>
         <run_address>0x300</run_address>
         <size>0x20</size>
         <input_file_ref idref="fl-1c"/>
      </object_component>
      <object_component id="oc-b3">
         <name>.debug_aranges</name>
         <load_address>0x320</load_address>
         <run_address>0x320</run_address>
         <size>0x20</size>
         <input_file_ref idref="fl-1d"/>
      </object_component>
      <object_component id="oc-b8">
         <name>.debug_aranges</name>
         <load_address>0x340</load_address>
         <run_address>0x340</run_address>
         <size>0x20</size>
         <input_file_ref idref="fl-1e"/>
      </object_component>
      <object_component id="oc-bd">
         <name>.debug_aranges</name>
         <load_address>0x360</load_address>
         <run_address>0x360</run_address>
         <size>0x20</size>
         <input_file_ref idref="fl-1f"/>
      </object_component>
      <object_component id="oc-c2">
         <name>.debug_aranges</name>
         <load_address>0x380</load_address>
         <run_address>0x380</run_address>
         <size>0x20</size>
         <input_file_ref idref="fl-20"/>
      </object_component>
      <object_component id="oc-c7">
         <name>.debug_aranges</name>
         <load_address>0x3a0</load_address>
         <run_address>0x3a0</run_address>
         <size>0x30</size>
         <input_file_ref idref="fl-21"/>
      </object_component>
      <object_component id="oc-cc">
         <name>.debug_aranges</name>
         <load_address>0x3d0</load_address>
         <run_address>0x3d0</run_address>
         <size>0x20</size>
         <input_file_ref idref="fl-22"/>
      </object_component>
      <object_component id="oc-22">
         <name>.debug_frame</name>
         <load_address>0x0</load_address>
         <run_address>0x0</run_address>
         <size>0x93</size>
         <input_file_ref idref="fl-5"/>
      </object_component>
      <object_component id="oc-56">
         <name>.debug_frame</name>
         <load_address>0x93</load_address>
         <run_address>0x93</run_address>
         <size>0x8c</size>
         <input_file_ref idref="fl-7"/>
      </object_component>
      <object_component id="oc-61">
         <name>.debug_frame</name>
         <load_address>0x11f</load_address>
         <run_address>0x11f</run_address>
         <size>0x109</size>
         <input_file_ref idref="fl-9"/>
      </object_component>
      <object_component id="oc-6a">
         <name>.debug_frame</name>
         <load_address>0x228</load_address>
         <run_address>0x228</run_address>
         <size>0x24f</size>
         <input_file_ref idref="fl-a"/>
      </object_component>
      <object_component id="oc-6f">
         <name>.debug_frame</name>
         <load_address>0x477</load_address>
         <run_address>0x477</run_address>
         <size>0xad</size>
         <input_file_ref idref="fl-b"/>
      </object_component>
      <object_component id="oc-7c">
         <name>.debug_frame</name>
         <load_address>0x524</load_address>
         <run_address>0x524</run_address>
         <size>0x90</size>
         <input_file_ref idref="fl-13"/>
      </object_component>
      <object_component id="oc-88">
         <name>.debug_frame</name>
         <load_address>0x5b4</load_address>
         <run_address>0x5b4</run_address>
         <size>0x95</size>
         <input_file_ref idref="fl-15"/>
      </object_component>
      <object_component id="oc-b5">
         <name>.debug_frame</name>
         <load_address>0x649</load_address>
         <run_address>0x649</run_address>
         <size>0x77</size>
         <input_file_ref idref="fl-1e"/>
      </object_component>
      <object_component id="oc-ba">
         <name>.debug_frame</name>
         <load_address>0x6c0</load_address>
         <run_address>0x6c0</run_address>
         <size>0x77</size>
         <input_file_ref idref="fl-1f"/>
      </object_component>
      <object_component id="oc-c4">
         <name>.debug_frame</name>
         <load_address>0x737</load_address>
         <run_address>0x737</run_address>
         <size>0xa1</size>
         <input_file_ref idref="fl-21"/>
      </object_component>
      <object_component id="oc-c9">
         <name>.debug_frame</name>
         <load_address>0x7d8</load_address>
         <run_address>0x7d8</run_address>
         <size>0x77</size>
         <input_file_ref idref="fl-22"/>
      </object_component>
      <object_component id="oc-27">
         <name>EmuKeyVar</name>
         <uninitialized>true</uninitialized>
         <run_address>0xa67b</run_address>
         <size>0x1</size>
         <input_file_ref idref="fl-6"/>
      </object_component>
      <object_component id="oc-28">
         <name>PartIdRegsFile</name>
         <uninitialized>true</uninitialized>
         <run_address>0xa67c</run_address>
         <size>0x1</size>
         <input_file_ref idref="fl-6"/>
      </object_component>
      <object_component id="oc-29">
         <name>EmuBModeVar</name>
         <uninitialized>true</uninitialized>
         <run_address>0xa67a</run_address>
         <size>0x1</size>
         <input_file_ref idref="fl-6"/>
      </object_component>
      <object_component id="oc-2a">
         <name>FlashCallbackVar</name>
         <uninitialized>true</uninitialized>
         <run_address>0x14fe</run_address>
         <size>0x2</size>
         <input_file_ref idref="fl-6"/>
      </object_component>
      <object_component id="oc-2b">
         <name>FlashScalingVar</name>
         <uninitialized>true</uninitialized>
         <run_address>0x157e</run_address>
         <size>0x2</size>
         <input_file_ref idref="fl-6"/>
      </object_component>
      <object_component id="oc-2c">
         <name>DevEmuRegsFile</name>
         <uninitialized>true</uninitialized>
         <run_address>0xa0bc</run_address>
         <size>0x4</size>
         <input_file_ref idref="fl-6"/>
      </object_component>
      <object_component id="oc-2d">
         <name>FlashRegsFile</name>
         <uninitialized>true</uninitialized>
         <run_address>0xa740</run_address>
         <size>0x8</size>
         <input_file_ref idref="fl-6"/>
      </object_component>
      <object_component id="oc-2e">
         <name>CpuTimer0RegsFile</name>
         <uninitialized>true</uninitialized>
         <run_address>0xa720</run_address>
         <size>0x8</size>
         <input_file_ref idref="fl-6"/>
      </object_component>
      <object_component id="oc-2f">
         <name>CpuTimer2RegsFile</name>
         <uninitialized>true</uninitialized>
         <run_address>0xa730</run_address>
         <size>0x8</size>
         <input_file_ref idref="fl-6"/>
      </object_component>
      <object_component id="oc-30">
         <name>CsmPwlFile</name>
         <uninitialized>true</uninitialized>
         <run_address>0xa738</run_address>
         <size>0x8</size>
         <input_file_ref idref="fl-6"/>
      </object_component>
      <object_component id="oc-31">
         <name>CpuTimer1RegsFile</name>
         <uninitialized>true</uninitialized>
         <run_address>0xa728</run_address>
         <size>0x8</size>
         <input_file_ref idref="fl-6"/>
      </object_component>
      <object_component id="oc-32">
         <name>GpioIntRegsFile</name>
         <uninitialized>true</uninitialized>
         <run_address>0x14f2</run_address>
         <size>0xc</size>
         <input_file_ref idref="fl-6"/>
      </object_component>
      <object_component id="oc-33">
         <name>SpibRegsFile</name>
         <uninitialized>true</uninitialized>
         <run_address>0xa700</run_address>
         <size>0x10</size>
         <input_file_ref idref="fl-6"/>
      </object_component>
      <object_component id="oc-34">
         <name>SpiaRegsFile</name>
         <uninitialized>true</uninitialized>
         <run_address>0xa6f0</run_address>
         <size>0x10</size>
         <input_file_ref idref="fl-6"/>
      </object_component>
      <object_component id="oc-35">
         <name>NmiIntruptRegsFile</name>
         <uninitialized>true</uninitialized>
         <run_address>0xa6d0</run_address>
         <size>0x10</size>
         <input_file_ref idref="fl-6"/>
      </object_component>
      <object_component id="oc-36">
         <name>SciaRegsFile</name>
         <uninitialized>true</uninitialized>
         <run_address>0xa6e0</run_address>
         <size>0x10</size>
         <input_file_ref idref="fl-6"/>
      </object_component>
      <object_component id="oc-37">
         <name>CsmRegsFile</name>
         <uninitialized>true</uninitialized>
         <run_address>0xa6c0</run_address>
         <size>0x10</size>
         <input_file_ref idref="fl-6"/>
      </object_component>
      <object_component id="oc-38">
         <name>XIntruptRegsFile</name>
         <uninitialized>true</uninitialized>
         <run_address>0xa710</run_address>
         <size>0x10</size>
         <input_file_ref idref="fl-6"/>
      </object_component>
      <object_component id="oc-39">
         <name>Comp3RegsFile</name>
         <uninitialized>true</uninitialized>
         <run_address>0xa6a8</run_address>
         <size>0x14</size>
         <input_file_ref idref="fl-6"/>
      </object_component>
      <object_component id="oc-3a">
         <name>Comp2RegsFile</name>
         <uninitialized>true</uninitialized>
         <run_address>0xa694</run_address>
         <size>0x14</size>
         <input_file_ref idref="fl-6"/>
      </object_component>
      <object_component id="oc-3b">
         <name>Comp1RegsFile</name>
         <uninitialized>true</uninitialized>
         <run_address>0xa680</run_address>
         <size>0x14</size>
         <input_file_ref idref="fl-6"/>
      </object_component>
      <object_component id="oc-3c">
         <name>PieCtrlRegsFile</name>
         <uninitialized>true</uninitialized>
         <run_address>0xa660</run_address>
         <size>0x1a</size>
         <input_file_ref idref="fl-6"/>
      </object_component>
      <object_component id="oc-3d">
         <name>AdcResultFile</name>
         <uninitialized>true</uninitialized>
         <run_address>0xa09c</run_address>
         <size>0x20</size>
         <input_file_ref idref="fl-6"/>
      </object_component>
      <object_component id="oc-3e">
         <name>GpioDataRegsFile</name>
         <uninitialized>true</uninitialized>
         <run_address>0xa620</run_address>
         <size>0x20</size>
         <input_file_ref idref="fl-6"/>
      </object_component>
      <object_component id="oc-3f">
         <name>ECap1RegsFile</name>
         <uninitialized>true</uninitialized>
         <run_address>0xa600</run_address>
         <size>0x20</size>
         <input_file_ref idref="fl-6"/>
      </object_component>
      <object_component id="oc-40">
         <name>SysCtrlRegsFile</name>
         <uninitialized>true</uninitialized>
         <run_address>0xa640</run_address>
         <size>0x20</size>
         <input_file_ref idref="fl-6"/>
      </object_component>
      <object_component id="oc-41">
         <name>I2caRegsFile</name>
         <uninitialized>true</uninitialized>
         <run_address>0x14d0</run_address>
         <size>0x22</size>
         <input_file_ref idref="fl-6"/>
      </object_component>
      <object_component id="oc-42">
         <name>ECanaRegsFile</name>
         <uninitialized>true</uninitialized>
         <run_address>0x154a</run_address>
         <size>0x34</size>
         <input_file_ref idref="fl-6"/>
      </object_component>
      <object_component id="oc-43">
         <name>EPwm2RegsFile</name>
         <uninitialized>true</uninitialized>
         <run_address>0xa400</run_address>
         <size>0x40</size>
         <input_file_ref idref="fl-6"/>
      </object_component>
      <object_component id="oc-44">
         <name>EPwm1RegsFile</name>
         <uninitialized>true</uninitialized>
         <run_address>0xa3c0</run_address>
         <size>0x40</size>
         <input_file_ref idref="fl-6"/>
      </object_component>
      <object_component id="oc-45">
         <name>EPwm4RegsFile</name>
         <uninitialized>true</uninitialized>
         <run_address>0xa480</run_address>
         <size>0x40</size>
         <input_file_ref idref="fl-6"/>
      </object_component>
      <object_component id="oc-46">
         <name>EPwm3RegsFile</name>
         <uninitialized>true</uninitialized>
         <run_address>0xa440</run_address>
         <size>0x40</size>
         <input_file_ref idref="fl-6"/>
      </object_component>
      <object_component id="oc-47">
         <name>ECanaMOTSRegsFile</name>
         <uninitialized>true</uninitialized>
         <run_address>0xa380</run_address>
         <size>0x40</size>
         <input_file_ref idref="fl-6"/>
      </object_component>
      <object_component id="oc-48">
         <name>ECanaLAMRegsFile</name>
         <uninitialized>true</uninitialized>
         <run_address>0xa300</run_address>
         <size>0x40</size>
         <input_file_ref idref="fl-6"/>
      </object_component>
      <object_component id="oc-49">
         <name>Cla1RegsFile</name>
         <uninitialized>true</uninitialized>
         <run_address>0xa2c0</run_address>
         <size>0x40</size>
         <input_file_ref idref="fl-6"/>
      </object_component>
      <object_component id="oc-4a">
         <name>EPwm7RegsFile</name>
         <uninitialized>true</uninitialized>
         <run_address>0xa540</run_address>
         <size>0x40</size>
         <input_file_ref idref="fl-6"/>
      </object_component>
      <object_component id="oc-4b">
         <name>EPwm6RegsFile</name>
         <uninitialized>true</uninitialized>
         <run_address>0xa500</run_address>
         <size>0x40</size>
         <input_file_ref idref="fl-6"/>
      </object_component>
      <object_component id="oc-4c">
         <name>GpioCtrlRegsFile</name>
         <uninitialized>true</uninitialized>
         <run_address>0xa5c0</run_address>
         <size>0x40</size>
         <input_file_ref idref="fl-6"/>
      </object_component>
      <object_component id="oc-4d">
         <name>EPwm5RegsFile</name>
         <uninitialized>true</uninitialized>
         <run_address>0xa4c0</run_address>
         <size>0x40</size>
         <input_file_ref idref="fl-6"/>
      </object_component>
      <object_component id="oc-4e">
         <name>EQep1RegsFile</name>
         <uninitialized>true</uninitialized>
         <run_address>0xa580</run_address>
         <size>0x40</size>
         <input_file_ref idref="fl-6"/>
      </object_component>
      <object_component id="oc-4f">
         <name>ECanaMOTORegsFile</name>
         <uninitialized>true</uninitialized>
         <run_address>0xa340</run_address>
         <size>0x40</size>
         <input_file_ref idref="fl-6"/>
      </object_component>
      <object_component id="oc-50">
         <name>LinaRegsFile</name>
         <uninitialized>true</uninitialized>
         <run_address>0x1500</run_address>
         <size>0x4a</size>
         <input_file_ref idref="fl-6"/>
      </object_component>
      <object_component id="oc-51">
         <name>AdcRegsFile</name>
         <uninitialized>true</uninitialized>
         <run_address>0x1480</run_address>
         <size>0x50</size>
         <input_file_ref idref="fl-6"/>
      </object_component>
      <object_component id="oc-52">
         <name>PieVectTableFile</name>
         <uninitialized>true</uninitialized>
         <run_address>0xa1c0</run_address>
         <size>0x100</size>
         <input_file_ref idref="fl-6"/>
      </object_component>
      <object_component id="oc-53">
         <name>ECanaMboxesFile</name>
         <uninitialized>true</uninitialized>
         <run_address>0xa0c0</run_address>
         <size>0x100</size>
         <input_file_ref idref="fl-6"/>
      </object_component>
   </object_component_list>
   <logical_group_list>
      <logical_group id="lg-2" display="no" color="cyan">
         <name>codestart</name>
         <load_address>0x0</load_address>
         <run_address>0x0</run_address>
         <size>0x2</size>
         <contents>
            <object_component_ref idref="oc-1b"/>
         </contents>
      </logical_group>
      <logical_group id="lg-3" display="no" color="cyan">
         <name>ramfuncs</name>
         <load_address>0x2c3</load_address>
         <run_address>0x2c3</run_address>
         <size>0x4</size>
         <contents>
            <object_component_ref idref="oc-5a"/>
         </contents>
      </logical_group>
      <logical_group id="lg-4" display="no" color="cyan">
         <name>.text</name>
         <load_address>0x8000</load_address>
         <run_address>0x8000</run_address>
         <size>0x1c14</size>
         <contents>
            <object_component_ref idref="oc-68"/>
            <object_component_ref idref="oc-d2"/>
            <object_component_ref idref="oc-d5"/>
            <object_component_ref idref="oc-8c"/>
            <object_component_ref idref="oc-9b"/>
            <object_component_ref idref="oc-d7"/>
            <object_component_ref idref="oc-d8"/>
            <object_component_ref idref="oc-a0"/>
            <object_component_ref idref="oc-13"/>
            <object_component_ref idref="oc-14"/>
            <object_component_ref idref="oc-ce"/>
            <object_component_ref idref="oc-d1"/>
            <object_component_ref idref="oc-aa"/>
            <object_component_ref idref="oc-91"/>
            <object_component_ref idref="oc-a5"/>
            <object_component_ref idref="oc-80"/>
            <object_component_ref idref="oc-af"/>
            <object_component_ref idref="oc-d6"/>
            <object_component_ref idref="oc-d0"/>
            <object_component_ref idref="oc-96"/>
            <object_component_ref idref="oc-be"/>
            <object_component_ref idref="oc-d9"/>
            <object_component_ref idref="oc-1a"/>
            <object_component_ref idref="oc-60"/>
            <object_component_ref idref="oc-cd"/>
            <object_component_ref idref="oc-cf"/>
         </contents>
      </logical_group>
      <logical_group id="lg-5" display="no" color="cyan">
         <name>.cinit</name>
         <load_address>0x50</load_address>
         <run_address>0x50</run_address>
         <size>0x273</size>
         <contents>
            <object_component_ref idref="oc-66"/>
            <object_component_ref idref="oc-86"/>
            <object_component_ref idref="oc-d4"/>
            <object_component_ref idref="oc-da"/>
         </contents>
      </logical_group>
      <logical_group id="lg-6" display="no" color="cyan">
         <name>.pinit</name>
         <run_address>0x0</run_address>
         <size>0x0</size>
         <contents>
         </contents>
      </logical_group>
      <logical_group id="lg-7" display="no" color="cyan">
         <name>.switch</name>
         <run_address>0x0</run_address>
         <size>0x0</size>
         <contents>
         </contents>
      </logical_group>
      <logical_group id="lg-8" display="no" color="cyan">
         <name>.reset</name>
         <load_address>0x3fffc0</load_address>
         <run_address>0x3fffc0</run_address>
         <size>0x2</size>
         <contents>
            <object_component_ref idref="oc-76"/>
         </contents>
      </logical_group>
      <logical_group id="lg-9" display="no" color="cyan">
         <name>.stack</name>
         <run_address>0x480</run_address>
         <size>0x380</size>
         <contents>
            <object_component_ref idref="oc-75"/>
            <object_component_ref idref="oc-153"/>
         </contents>
      </logical_group>
      <logical_group id="lg-a" display="no" color="cyan">
         <name>.ebss</name>
         <run_address>0x9e40</run_address>
         <size>0x258</size>
         <contents>
            <object_component_ref idref="oc-21"/>
            <object_component_ref idref="oc-67"/>
            <object_component_ref idref="oc-87"/>
            <object_component_ref idref="oc-db"/>
            <object_component_ref idref="oc-d3"/>
         </contents>
      </logical_group>
      <logical_group id="lg-b" display="no" color="cyan">
         <name>.econst</name>
         <load_address>0xa098</load_address>
         <run_address>0xa098</run_address>
         <size>0x4</size>
         <contents>
            <object_component_ref idref="oc-69"/>
         </contents>
      </logical_group>
      <logical_group id="lg-c" display="no" color="cyan">
         <name>.esysmem</name>
         <run_address>0x0</run_address>
         <size>0x0</size>
         <contents>
         </contents>
      </logical_group>
      <logical_group id="lg-d" display="no" color="cyan">
         <name>IQmath</name>
         <load_address>0x9c14</load_address>
         <run_address>0x9c14</run_address>
         <size>0x47</size>
         <contents>
            <object_component_ref idref="oc-73"/>
         </contents>
      </logical_group>
      <logical_group id="lg-e" display="no" color="cyan">
         <name>IQmathTables</name>
         <load_address>0x3fe000</load_address>
         <run_address>0x3fe000</run_address>
         <size>0xb50</size>
         <contents>
            <object_component_ref idref="oc-74"/>
         </contents>
      </logical_group>
      <logical_group id="lg-f" display="no" color="cyan">
         <name>Cla1ToCpuMsgRAM</name>
         <run_address>0x0</run_address>
         <size>0x0</size>
         <contents>
         </contents>
      </logical_group>
      <logical_group id="lg-10" display="no" color="cyan">
         <name>CpuToCla1MsgRAM</name>
         <run_address>0x0</run_address>
         <size>0x0</size>
         <contents>
         </contents>
      </logical_group>
      <logical_group id="lg-11" display="no" color="cyan">
         <name>DLOG</name>
         <run_address>0x9800</run_address>
         <size>0x640</size>
         <contents>
            <object_component_ref idref="oc-15"/>
         </contents>
      </logical_group>
      <logical_group id="lg-dc" display="no" color="cyan">
         <name>.ppdata</name>
         <run_address>0x0</run_address>
         <size>0x0</size>
         <contents>
         </contents>
      </logical_group>
      <logical_group id="lg-ee" display="never" color="cyan">
         <name>.debug_info</name>
         <load_address>0x0</load_address>
         <run_address>0x0</run_address>
         <size>0x2779c</size>
         <contents>
            <object_component_ref idref="oc-16"/>
            <object_component_ref idref="oc-1c"/>
            <object_component_ref idref="oc-20"/>
            <object_component_ref idref="oc-26"/>
            <object_component_ref idref="oc-55"/>
            <object_component_ref idref="oc-5b"/>
            <object_component_ref idref="oc-5f"/>
            <object_component_ref idref="oc-65"/>
            <object_component_ref idref="oc-6e"/>
            <object_component_ref idref="oc-77"/>
            <object_component_ref idref="oc-7b"/>
            <object_component_ref idref="oc-81"/>
            <object_component_ref idref="oc-85"/>
            <object_component_ref idref="oc-8d"/>
            <object_component_ref idref="oc-92"/>
            <object_component_ref idref="oc-97"/>
            <object_component_ref idref="oc-9c"/>
            <object_component_ref idref="oc-a1"/>
            <object_component_ref idref="oc-a6"/>
            <object_component_ref idref="oc-ab"/>
            <object_component_ref idref="oc-b0"/>
            <object_component_ref idref="oc-b4"/>
            <object_component_ref idref="oc-b9"/>
            <object_component_ref idref="oc-bf"/>
            <object_component_ref idref="oc-c3"/>
            <object_component_ref idref="oc-c8"/>
            <object_component_ref idref="oc-154"/>
         </contents>
      </logical_group>
      <logical_group id="lg-f0" display="never" color="cyan">
         <name>.debug_line</name>
         <load_address>0x0</load_address>
         <run_address>0x0</run_address>
         <size>0x1018</size>
         <contents>
            <object_component_ref idref="oc-17"/>
            <object_component_ref idref="oc-1d"/>
            <object_component_ref idref="oc-23"/>
            <object_component_ref idref="oc-57"/>
            <object_component_ref idref="oc-5c"/>
            <object_component_ref idref="oc-62"/>
            <object_component_ref idref="oc-6b"/>
            <object_component_ref idref="oc-70"/>
            <object_component_ref idref="oc-78"/>
            <object_component_ref idref="oc-7d"/>
            <object_component_ref idref="oc-82"/>
            <object_component_ref idref="oc-89"/>
            <object_component_ref idref="oc-8e"/>
            <object_component_ref idref="oc-93"/>
            <object_component_ref idref="oc-98"/>
            <object_component_ref idref="oc-9d"/>
            <object_component_ref idref="oc-a2"/>
            <object_component_ref idref="oc-a7"/>
            <object_component_ref idref="oc-ac"/>
            <object_component_ref idref="oc-b1"/>
            <object_component_ref idref="oc-b6"/>
            <object_component_ref idref="oc-bb"/>
            <object_component_ref idref="oc-c0"/>
            <object_component_ref idref="oc-c5"/>
            <object_component_ref idref="oc-ca"/>
         </contents>
      </logical_group>
      <logical_group id="lg-f2" display="never" color="cyan">
         <name>.debug_abbrev</name>
         <load_address>0x0</load_address>
         <run_address>0x0</run_address>
         <size>0xec2</size>
         <contents>
            <object_component_ref idref="oc-18"/>
            <object_component_ref idref="oc-1e"/>
            <object_component_ref idref="oc-24"/>
            <object_component_ref idref="oc-54"/>
            <object_component_ref idref="oc-58"/>
            <object_component_ref idref="oc-5d"/>
            <object_component_ref idref="oc-63"/>
            <object_component_ref idref="oc-6c"/>
            <object_component_ref idref="oc-71"/>
            <object_component_ref idref="oc-79"/>
            <object_component_ref idref="oc-7e"/>
            <object_component_ref idref="oc-83"/>
            <object_component_ref idref="oc-8a"/>
            <object_component_ref idref="oc-8f"/>
            <object_component_ref idref="oc-94"/>
            <object_component_ref idref="oc-99"/>
            <object_component_ref idref="oc-9e"/>
            <object_component_ref idref="oc-a3"/>
            <object_component_ref idref="oc-a8"/>
            <object_component_ref idref="oc-ad"/>
            <object_component_ref idref="oc-b2"/>
            <object_component_ref idref="oc-b7"/>
            <object_component_ref idref="oc-bc"/>
            <object_component_ref idref="oc-c1"/>
            <object_component_ref idref="oc-c6"/>
            <object_component_ref idref="oc-cb"/>
            <object_component_ref idref="oc-155"/>
         </contents>
      </logical_group>
      <logical_group id="lg-f4" display="never" color="cyan">
         <name>.debug_aranges</name>
         <load_address>0x0</load_address>
         <run_address>0x0</run_address>
         <size>0x3f0</size>
         <contents>
            <object_component_ref idref="oc-19"/>
            <object_component_ref idref="oc-1f"/>
            <object_component_ref idref="oc-25"/>
            <object_component_ref idref="oc-59"/>
            <object_component_ref idref="oc-5e"/>
            <object_component_ref idref="oc-64"/>
            <object_component_ref idref="oc-6d"/>
            <object_component_ref idref="oc-72"/>
            <object_component_ref idref="oc-7a"/>
            <object_component_ref idref="oc-7f"/>
            <object_component_ref idref="oc-84"/>
            <object_component_ref idref="oc-8b"/>
            <object_component_ref idref="oc-90"/>
            <object_component_ref idref="oc-95"/>
            <object_component_ref idref="oc-9a"/>
            <object_component_ref idref="oc-9f"/>
            <object_component_ref idref="oc-a4"/>
            <object_component_ref idref="oc-a9"/>
            <object_component_ref idref="oc-ae"/>
            <object_component_ref idref="oc-b3"/>
            <object_component_ref idref="oc-b8"/>
            <object_component_ref idref="oc-bd"/>
            <object_component_ref idref="oc-c2"/>
            <object_component_ref idref="oc-c7"/>
            <object_component_ref idref="oc-cc"/>
         </contents>
      </logical_group>
      <logical_group id="lg-f6" display="never" color="cyan">
         <name>.debug_frame</name>
         <load_address>0x0</load_address>
         <run_address>0x0</run_address>
         <size>0x84f</size>
         <contents>
            <object_component_ref idref="oc-22"/>
            <object_component_ref idref="oc-56"/>
            <object_component_ref idref="oc-61"/>
            <object_component_ref idref="oc-6a"/>
            <object_component_ref idref="oc-6f"/>
            <object_component_ref idref="oc-7c"/>
            <object_component_ref idref="oc-88"/>
            <object_component_ref idref="oc-b5"/>
            <object_component_ref idref="oc-ba"/>
            <object_component_ref idref="oc-c4"/>
            <object_component_ref idref="oc-c9"/>
         </contents>
      </logical_group>
      <logical_group id="lg-f8" display="no" color="cyan">
         <name>EmuKeyVar</name>
         <run_address>0xa67b</run_address>
         <size>0x1</size>
         <contents>
            <object_component_ref idref="oc-27"/>
         </contents>
      </logical_group>
      <logical_group id="lg-fa" display="no" color="cyan">
         <name>PartIdRegsFile</name>
         <run_address>0xa67c</run_address>
         <size>0x1</size>
         <contents>
            <object_component_ref idref="oc-28"/>
         </contents>
      </logical_group>
      <logical_group id="lg-fc" display="no" color="cyan">
         <name>EmuBModeVar</name>
         <run_address>0xa67a</run_address>
         <size>0x1</size>
         <contents>
            <object_component_ref idref="oc-29"/>
         </contents>
      </logical_group>
      <logical_group id="lg-fe" display="no" color="cyan">
         <name>FlashCallbackVar</name>
         <run_address>0x14fe</run_address>
         <size>0x2</size>
         <contents>
            <object_component_ref idref="oc-2a"/>
         </contents>
      </logical_group>
      <logical_group id="lg-100" display="no" color="cyan">
         <name>FlashScalingVar</name>
         <run_address>0x157e</run_address>
         <size>0x2</size>
         <contents>
            <object_component_ref idref="oc-2b"/>
         </contents>
      </logical_group>
      <logical_group id="lg-102" display="no" color="cyan">
         <name>DevEmuRegsFile</name>
         <run_address>0xa0bc</run_address>
         <size>0x4</size>
         <contents>
            <object_component_ref idref="oc-2c"/>
         </contents>
      </logical_group>
      <logical_group id="lg-104" display="no" color="cyan">
         <name>FlashRegsFile</name>
         <run_address>0xa740</run_address>
         <size>0x8</size>
         <contents>
            <object_component_ref idref="oc-2d"/>
         </contents>
      </logical_group>
      <logical_group id="lg-106" display="no" color="cyan">
         <name>CpuTimer0RegsFile</name>
         <run_address>0xa720</run_address>
         <size>0x8</size>
         <contents>
            <object_component_ref idref="oc-2e"/>
         </contents>
      </logical_group>
      <logical_group id="lg-108" display="no" color="cyan">
         <name>CpuTimer2RegsFile</name>
         <run_address>0xa730</run_address>
         <size>0x8</size>
         <contents>
            <object_component_ref idref="oc-2f"/>
         </contents>
      </logical_group>
      <logical_group id="lg-10a" display="no" color="cyan">
         <name>CsmPwlFile</name>
         <run_address>0xa738</run_address>
         <size>0x8</size>
         <contents>
            <object_component_ref idref="oc-30"/>
         </contents>
      </logical_group>
      <logical_group id="lg-10c" display="no" color="cyan">
         <name>CpuTimer1RegsFile</name>
         <run_address>0xa728</run_address>
         <size>0x8</size>
         <contents>
            <object_component_ref idref="oc-31"/>
         </contents>
      </logical_group>
      <logical_group id="lg-10e" display="no" color="cyan">
         <name>GpioIntRegsFile</name>
         <run_address>0x14f2</run_address>
         <size>0xc</size>
         <contents>
            <object_component_ref idref="oc-32"/>
         </contents>
      </logical_group>
      <logical_group id="lg-110" display="no" color="cyan">
         <name>SpibRegsFile</name>
         <run_address>0xa700</run_address>
         <size>0x10</size>
         <contents>
            <object_component_ref idref="oc-33"/>
         </contents>
      </logical_group>
      <logical_group id="lg-112" display="no" color="cyan">
         <name>SpiaRegsFile</name>
         <run_address>0xa6f0</run_address>
         <size>0x10</size>
         <contents>
            <object_component_ref idref="oc-34"/>
         </contents>
      </logical_group>
      <logical_group id="lg-114" display="no" color="cyan">
         <name>NmiIntruptRegsFile</name>
         <run_address>0xa6d0</run_address>
         <size>0x10</size>
         <contents>
            <object_component_ref idref="oc-35"/>
         </contents>
      </logical_group>
      <logical_group id="lg-116" display="no" color="cyan">
         <name>SciaRegsFile</name>
         <run_address>0xa6e0</run_address>
         <size>0x10</size>
         <contents>
            <object_component_ref idref="oc-36"/>
         </contents>
      </logical_group>
      <logical_group id="lg-118" display="no" color="cyan">
         <name>CsmRegsFile</name>
         <run_address>0xa6c0</run_address>
         <size>0x10</size>
         <contents>
            <object_component_ref idref="oc-37"/>
         </contents>
      </logical_group>
      <logical_group id="lg-11a" display="no" color="cyan">
         <name>XIntruptRegsFile</name>
         <run_address>0xa710</run_address>
         <size>0x10</size>
         <contents>
            <object_component_ref idref="oc-38"/>
         </contents>
      </logical_group>
      <logical_group id="lg-11c" display="no" color="cyan">
         <name>Comp3RegsFile</name>
         <run_address>0xa6a8</run_address>
         <size>0x14</size>
         <contents>
            <object_component_ref idref="oc-39"/>
         </contents>
      </logical_group>
      <logical_group id="lg-11e" display="no" color="cyan">
         <name>Comp2RegsFile</name>
         <run_address>0xa694</run_address>
         <size>0x14</size>
         <contents>
            <object_component_ref idref="oc-3a"/>
         </contents>
      </logical_group>
      <logical_group id="lg-120" display="no" color="cyan">
         <name>Comp1RegsFile</name>
         <run_address>0xa680</run_address>
         <size>0x14</size>
         <contents>
            <object_component_ref idref="oc-3b"/>
         </contents>
      </logical_group>
      <logical_group id="lg-122" display="no" color="cyan">
         <name>PieCtrlRegsFile</name>
         <run_address>0xa660</run_address>
         <size>0x1a</size>
         <contents>
            <object_component_ref idref="oc-3c"/>
         </contents>
      </logical_group>
      <logical_group id="lg-124" display="no" color="cyan">
         <name>AdcResultFile</name>
         <run_address>0xa09c</run_address>
         <size>0x20</size>
         <contents>
            <object_component_ref idref="oc-3d"/>
         </contents>
      </logical_group>
      <logical_group id="lg-126" display="no" color="cyan">
         <name>GpioDataRegsFile</name>
         <run_address>0xa620</run_address>
         <size>0x20</size>
         <contents>
            <object_component_ref idref="oc-3e"/>
         </contents>
      </logical_group>
      <logical_group id="lg-128" display="no" color="cyan">
         <name>ECap1RegsFile</name>
         <run_address>0xa600</run_address>
         <size>0x20</size>
         <contents>
            <object_component_ref idref="oc-3f"/>
         </contents>
      </logical_group>
      <logical_group id="lg-12a" display="no" color="cyan">
         <name>SysCtrlRegsFile</name>
         <run_address>0xa640</run_address>
         <size>0x20</size>
         <contents>
            <object_component_ref idref="oc-40"/>
         </contents>
      </logical_group>
      <logical_group id="lg-12c" display="no" color="cyan">
         <name>I2caRegsFile</name>
         <run_address>0x14d0</run_address>
         <size>0x22</size>
         <contents>
            <object_component_ref idref="oc-41"/>
         </contents>
      </logical_group>
      <logical_group id="lg-12e" display="no" color="cyan">
         <name>ECanaRegsFile</name>
         <run_address>0x154a</run_address>
         <size>0x34</size>
         <contents>
            <object_component_ref idref="oc-42"/>
         </contents>
      </logical_group>
      <logical_group id="lg-130" display="no" color="cyan">
         <name>EPwm2RegsFile</name>
         <run_address>0xa400</run_address>
         <size>0x40</size>
         <contents>
            <object_component_ref idref="oc-43"/>
         </contents>
      </logical_group>
      <logical_group id="lg-132" display="no" color="cyan">
         <name>EPwm1RegsFile</name>
         <run_address>0xa3c0</run_address>
         <size>0x40</size>
         <contents>
            <object_component_ref idref="oc-44"/>
         </contents>
      </logical_group>
      <logical_group id="lg-134" display="no" color="cyan">
         <name>EPwm4RegsFile</name>
         <run_address>0xa480</run_address>
         <size>0x40</size>
         <contents>
            <object_component_ref idref="oc-45"/>
         </contents>
      </logical_group>
      <logical_group id="lg-136" display="no" color="cyan">
         <name>EPwm3RegsFile</name>
         <run_address>0xa440</run_address>
         <size>0x40</size>
         <contents>
[...]
         <value>0x9ec0</value>
         <object_component_ref idref="oc-67"/>
      </symbol>
      <symbol id="sm-2de">
         <name>_Tmp</name>
         <value>0x9e7a</value>
         <object_component_ref idref="oc-67"/>
      </symbol>
      <symbol id="sm-2df">
         <name>_virtualtimer</name>
         <value>0x9e56</value>
         <object_component_ref idref="oc-67"/>
      </symbol>
      <symbol id="sm-2e0">
         <name>_rc2</name>
         <value>0x9f00</value>
         <object_component_ref idref="oc-67"/>
      </symbol>
      <symbol id="sm-2e1">
         <name>_rc1</name>
         <value>0x9f10</value>
         <object_component_ref idref="oc-67"/>
      </symbol>
      <symbol id="sm-2e2">
         <name>_cmtn1</name>
         <value>0xa000</value>
         <object_component_ref idref="oc-67"/>
      </symbol>
      <symbol id="sm-2e3">
         <name>_BLDC_decelerateTicker</name>
         <value>0x9e60</value>
         <object_component_ref idref="oc-67"/>
      </symbol>
      <symbol id="sm-2e4">
         <name>_B3</name>
         <value>0x9564</value>
         <object_component_ref idref="oc-d2"/>
      </symbol>
      <symbol id="sm-2e5">
         <name>_B2</name>
         <value>0x955e</value>
         <object_component_ref idref="oc-d2"/>
      </symbol>
      <symbol id="sm-2e6">
         <name>_B1</name>
         <value>0x9558</value>
         <object_component_ref idref="oc-d2"/>
      </symbol>
      <symbol id="sm-2e7">
         <name>_B0</name>
         <value>0x9530</value>
         <object_component_ref idref="oc-d2"/>
      </symbol>
      <symbol id="sm-2e8">
         <name>_A3</name>
         <value>0x9552</value>
         <object_component_ref idref="oc-d2"/>
      </symbol>
      <symbol id="sm-2e9">
         <name>_A2</name>
         <value>0x954c</value>
         <object_component_ref idref="oc-d2"/>
      </symbol>
      <symbol id="sm-2ea">
         <name>_A1</name>
         <value>0x9546</value>
         <object_component_ref idref="oc-d2"/>
      </symbol>
      <symbol id="sm-2eb">
         <name>_A0</name>
         <value>0x9517</value>
         <object_component_ref idref="oc-d2"/>
      </symbol>
      <symbol id="sm-2ec">
         <name>_ePWM</name>
         <value>0x9f40</value>
         <object_component_ref idref="oc-67"/>
      </symbol>
      <symbol id="sm-2ed">
         <name>_pid2_spd</name>
         <value>0x9fc0</value>
         <object_component_ref idref="oc-67"/>
      </symbol>
      <symbol id="sm-2ee">
         <name>_DebounceIsrTicker</name>
         <value>0x9e62</value>
         <object_component_ref idref="oc-67"/>
      </symbol>
      <symbol id="sm-2ef">
         <name>_CurrentMsgPtr</name>
         <value>0x9e6e</value>
         <object_component_ref idref="oc-67"/>
      </symbol>
      <symbol id="sm-2f0">
         <name>_BackTicker</name>
         <value>0x9e4b</value>
         <object_component_ref idref="oc-67"/>
      </symbol>
      <symbol id="sm-2f1">
         <name>_EnableFlag</name>
         <value>0x9e59</value>
         <object_component_ref idref="oc-67"/>
      </symbol>
      <symbol id="sm-2f2">
         <name>_OldBLDCmodStamp</name>
         <value>0x9e41</value>
         <object_component_ref idref="oc-67"/>
      </symbol>
      <symbol id="sm-2f3">
         <name>_rmp2_1</name>
         <value>0x9edc</value>
         <object_component_ref idref="oc-67"/>
      </symbol>
      <symbol id="sm-2f4">
         <name>_rmp2_2</name>
         <value>0x9ed2</value>
         <object_component_ref idref="oc-67"/>
      </symbol>
      <symbol id="sm-2f5">
         <name>_AlignFlag</name>
         <value>0x9e46</value>
         <object_component_ref idref="oc-67"/>
      </symbol>
      <symbol id="sm-2f6">
         <name>_eCAP</name>
         <value>0x9e8c</value>
         <object_component_ref idref="oc-67"/>
      </symbol>
      <symbol id="sm-2f7">
         <name>_BLDC_decelDoneFlag</name>
         <value>0x9e47</value>
         <object_component_ref idref="oc-67"/>
      </symbol>
      <symbol id="sm-2f8">
         <name>_eQEP</name>
         <value>0x9e98</value>
         <object_component_ref idref="oc-67"/>
      </symbol>
      <symbol id="sm-2f9">
         <name>_ChSel</name>
         <value>0x9f30</value>
         <object_component_ref idref="oc-67"/>
      </symbol>
      <symbol id="sm-2fa">
         <name>_LoopCount</name>
         <value>0x9e45</value>
         <object_component_ref idref="oc-67"/>
      </symbol>
      <symbol id="sm-2fb">
         <name>_New_CtrlSwitchState</name>
         <value>0x9e49</value>
         <object_component_ref idref="oc-67"/>
      </symbol>
      <symbol id="sm-2fc">
         <name>_TestProbe</name>
         <value>0x9e5e</value>
         <object_component_ref idref="oc-67"/>
      </symbol>
      <symbol id="sm-2fd">
         <name>_BackTickerFalse</name>
         <value>0x9e4c</value>
         <object_component_ref idref="oc-67"/>
      </symbol>
      <symbol id="sm-2fe">
         <name>_SerialCommsTimer</name>
         <value>0x9e4e</value>
         <object_component_ref idref="oc-67"/>
      </symbol>
      <symbol id="sm-2ff">
         <name>_VirtualTimer</name>
         <value>0x9e74</value>
         <object_component_ref idref="oc-67"/>
      </symbol>
      <symbol id="sm-300">
         <name>_readcounter</name>
         <value>0x9e57</value>
         <object_component_ref idref="oc-67"/>
      </symbol>
      <symbol id="sm-301">
         <name>_I2C_read_channel</name>
         <value>0x9e58</value>
         <object_component_ref idref="oc-67"/>
      </symbol>
      <symbol id="sm-302">
         <name>_T</name>
         <value>0x9e84</value>
         <object_component_ref idref="oc-67"/>
      </symbol>
      <symbol id="sm-303">
         <name>_DFuncDesired1</name>
         <value>0x9e51</value>
         <object_component_ref idref="oc-67"/>
      </symbol>
      <symbol id="sm-304">
         <name>_DFuncDesired2</name>
         <value>0x9e4f</value>
         <object_component_ref idref="oc-67"/>
      </symbol>
      <symbol id="sm-305">
         <name>_cmtninv1</name>
         <value>0xa040</value>
         <object_component_ref idref="oc-67"/>
      </symbol>
      <symbol id="sm-306">
         <name>_BLDC_CtrlMod</name>
         <value>0x9e50</value>
         <object_component_ref idref="oc-67"/>
      </symbol>
      <symbol id="sm-307">
         <name>_I2cMsgIn1</name>
         <value>0x9ec9</value>
         <object_component_ref idref="oc-67"/>
      </symbol>
      <symbol id="sm-308">
         <name>_rmp3_1</name>
         <value>0x9ee6</value>
         <object_component_ref idref="oc-67"/>
      </symbol>
      <symbol id="sm-309">
         <name>_rmp3_2</name>
         <value>0x9ef2</value>
         <object_component_ref idref="oc-67"/>
      </symbol>
      <symbol id="sm-320">
         <name>_I2CA_ReadData</name>
         <value>0x9976</value>
         <object_component_ref idref="oc-d8"/>
      </symbol>
      <symbol id="sm-321">
         <name>_I2CA_WriteData</name>
         <value>0x9948</value>
         <object_component_ref idref="oc-d8"/>
      </symbol>
      <symbol id="sm-322">
         <name>_I2CA_Init</name>
         <value>0x9935</value>
         <object_component_ref idref="oc-d8"/>
      </symbol>
      <symbol id="sm-32f">
         <name>__IQ24div</name>
         <value>0x9c14</value>
         <object_component_ref idref="oc-73"/>
      </symbol>
      <symbol id="sm-333">
         <name>_IQ16mpyRndSatTable</name>
         <value>0x3fea90</value>
         <object_component_ref idref="oc-74"/>
      </symbol>
      <symbol id="sm-334">
         <name>_IQ24mpyRndSatTable</name>
         <value>0x3fea30</value>
         <object_component_ref idref="oc-74"/>
      </symbol>
      <symbol id="sm-335">
         <name>_IQ13mpyRndSatTable</name>
         <value>0x3feab4</value>
         <object_component_ref idref="oc-74"/>
      </symbol>
      <symbol id="sm-336">
         <name>_IQ21mpyRndSatTable</name>
         <value>0x3fea54</value>
         <object_component_ref idref="oc-74"/>
      </symbol>
      <symbol id="sm-337">
         <name>_IQ10mpyRndSatTable</name>
         <value>0x3fead8</value>
         <object_component_ref idref="oc-74"/>
      </symbol>
      <symbol id="sm-338">
         <name>_IQdivTable</name>
         <value>0x3fe510</value>
         <object_component_ref idref="oc-74"/>
      </symbol>
      <symbol id="sm-339">
         <name>_IQ9mpyRndSatTable</name>
         <value>0x3feae4</value>
         <object_component_ref idref="oc-74"/>
      </symbol>
      <symbol id="sm-33a">
         <name>_IQ6mpyRndSatTable</name>
         <value>0x3feb08</value>
         <object_component_ref idref="oc-74"/>
      </symbol>
      <symbol id="sm-33b">
         <name>_IQatan2TableEnd</name>
         <value>0x3fe9e8</value>
         <object_component_ref idref="oc-74"/>
      </symbol>
      <symbol id="sm-33c">
         <name>_IQdivTableEnd</name>
         <value>0x3fe712</value>
         <object_component_ref idref="oc-74"/>
      </symbol>
      <symbol id="sm-33d">
         <name>_IQ29mpyRndSatTable</name>
         <value>0x3fe9f4</value>
         <object_component_ref idref="oc-74"/>
      </symbol>
      <symbol id="sm-33e">
         <name>_IQ3mpyRndSatTable</name>
         <value>0x3feb2c</value>
         <object_component_ref idref="oc-74"/>
      </symbol>
      <symbol id="sm-33f">
         <name>_IQ18mpyRndSatTable</name>
         <value>0x3fea78</value>
         <object_component_ref idref="oc-74"/>
      </symbol>
      <symbol id="sm-340">
         <name>_IQ26mpyRndSatTable</name>
         <value>0x3fea18</value>
         <object_component_ref idref="oc-74"/>
      </symbol>
      <symbol id="sm-341">
         <name>_IQcosTableEnd</name>
         <value>0x3fe502</value>
         <object_component_ref idref="oc-74"/>
      </symbol>
      <symbol id="sm-342">
         <name>_IQsinTableEnd</name>
         <value>0x3fe400</value>
         <object_component_ref idref="oc-74"/>
      </symbol>
      <symbol id="sm-343">
         <name>_IQ15mpyRndSatTable</name>
         <value>0x3fea9c</value>
         <object_component_ref idref="oc-74"/>
      </symbol>
      <symbol id="sm-344">
         <name>_IQ23mpyRndSatTable</name>
         <value>0x3fea3c</value>
         <object_component_ref idref="oc-74"/>
      </symbol>
      <symbol id="sm-345">
         <name>_IQ12mpyRndSatTable</name>
         <value>0x3feac0</value>
         <object_component_ref idref="oc-74"/>
      </symbol>
      <symbol id="sm-346">
         <name>_IQ20mpyRndSatTable</name>
         <value>0x3fea60</value>
         <object_component_ref idref="oc-74"/>
      </symbol>
      <symbol id="sm-347">
         <name>_IQisqrtTableEnd</name>
         <value>0x3fe824</value>
         <object_component_ref idref="oc-74"/>
      </symbol>
      <symbol id="sm-348">
         <name>_IQ8mpyRndSatTable</name>
         <value>0x3feaf0</value>
         <object_component_ref idref="oc-74"/>
      </symbol>
      <symbol id="sm-349">
         <name>_IQisqrtRoundSatTable</name>
         <value>0x3fe712</value>
         <object_component_ref idref="oc-74"/>
      </symbol>
      <symbol id="sm-34a">
         <name>_IQ5mpyRndSatTable</name>
         <value>0x3feb14</value>
         <object_component_ref idref="oc-74"/>
      </symbol>
      <symbol id="sm-34b">
         <name>_IQmpyRndSatTable</name>
         <value>0x3fe9e8</value>
         <object_component_ref idref="oc-74"/>
      </symbol>
      <symbol id="sm-34c">
         <name>_IQ28mpyRndSatTable</name>
         <value>0x3fea00</value>
         <object_component_ref idref="oc-74"/>
      </symbol>
      <symbol id="sm-34d">
         <name>_IQatan2Table</name>
         <value>0x3fe862</value>
         <object_component_ref idref="oc-74"/>
      </symbol>
      <symbol id="sm-34e">
         <name>_IQ2mpyRndSatTable</name>
         <value>0x3feb38</value>
         <object_component_ref idref="oc-74"/>
      </symbol>
      <symbol id="sm-34f">
         <name>_IQatan2HalfPITable</name>
         <value>0x3fe824</value>
         <object_component_ref idref="oc-74"/>
      </symbol>
      <symbol id="sm-350">
         <name>_IQ17mpyRndSatTable</name>
         <value>0x3fea84</value>
         <object_component_ref idref="oc-74"/>
      </symbol>
      <symbol id="sm-351">
         <name>_IQ25mpyRndSatTable</name>
         <value>0x3fea24</value>
         <object_component_ref idref="oc-74"/>
      </symbol>
      <symbol id="sm-352">
         <name>_IQsqrtTable</name>
         <value>0x3fe722</value>
         <object_component_ref idref="oc-74"/>
      </symbol>
      <symbol id="sm-353">
         <name>_IQsqrtTableEnd</name>
         <value>0x3fe824</value>
         <object_component_ref idref="oc-74"/>
      </symbol>
      <symbol id="sm-354">
         <name>_IQ14mpyRndSatTable</name>
         <value>0x3feaa8</value>
         <object_component_ref idref="oc-74"/>
      </symbol>
      <symbol id="sm-355">
         <name>_IQ22mpyRndSatTable</name>
         <value>0x3fea48</value>
         <object_component_ref idref="oc-74"/>
      </symbol>
      <symbol id="sm-356">
         <name>_IQ30mpyRndSatTable</name>
         <value>0x3fe9e8</value>
         <object_component_ref idref="oc-74"/>
      </symbol>
      <symbol id="sm-357">
         <name>_IQsqrtRoundSatTable</name>
         <value>0x3fe712</value>
         <object_component_ref idref="oc-74"/>
      </symbol>
      <symbol id="sm-358">
         <name>_IQ11mpyRndSatTable</name>
         <value>0x3feacc</value>
         <object_component_ref idref="oc-74"/>
      </symbol>
      <symbol id="sm-359">
         <name>_IQdivRoundSatTable</name>
         <value>0x3fe502</value>
         <object_component_ref idref="oc-74"/>
      </symbol>
      <symbol id="sm-35a">
         <name>_IQ7mpyRndSatTable</name>
         <value>0x3feafc</value>
         <object_component_ref idref="oc-74"/>
      </symbol>
      <symbol id="sm-35b">
         <name>_IQcosTable</name>
         <value>0x3fe100</value>
         <object_component_ref idref="oc-74"/>
      </symbol>
      <symbol id="sm-35c">
         <name>_IQisqrtTable</name>
         <value>0x3fe722</value>
         <object_component_ref idref="oc-74"/>
      </symbol>
      <symbol id="sm-35d">
         <name>_IQ4mpyRndSatTable</name>
         <value>0x3feb20</value>
         <object_component_ref idref="oc-74"/>
      </symbol>
      <symbol id="sm-35e">
         <name>_IQ19mpyRndSatTable</name>
         <value>0x3fea6c</value>
         <object_component_ref idref="oc-74"/>
      </symbol>
      <symbol id="sm-35f">
         <name>_IQ27mpyRndSatTable</name>
         <value>0x3fea0c</value>
         <object_component_ref idref="oc-74"/>
      </symbol>
      <symbol id="sm-360">
         <name>_IQmpyRndSatTableEnd</name>
         <value>0x3feb50</value>
         <object_component_ref idref="oc-74"/>
      </symbol>
      <symbol id="sm-361">
         <name>_IQ1mpyRndSatTable</name>
         <value>0x3feb44</value>
         <object_component_ref idref="oc-74"/>
      </symbol>
      <symbol id="sm-362">
         <name>_IQsinTable</name>
         <value>0x3fe000</value>
         <object_component_ref idref="oc-74"/>
      </symbol>
      <symbol id="sm-37d">
         <name>_c_int00</name>
         <value>0x99fc</value>
         <object_component_ref idref="oc-13"/>
      </symbol>
      <symbol id="sm-37e">
         <name>__stack</name>
         <value>0x480</value>
         <object_component_ref idref="oc-75"/>
      </symbol>
      <symbol id="sm-394">
         <name>_copy_in</name>
         <value>0x9a9b</value>
         <object_component_ref idref="oc-ce"/>
      </symbol>
      <symbol id="sm-3a3">
         <name>_ppcopy</name>
         <value>0x9b6e</value>
         <object_component_ref idref="oc-80"/>
      </symbol>
      <symbol id="sm-3a4">
         <name>_dpcopy</name>
         <value>0x9b6e</value>
         <object_component_ref idref="oc-80"/>
      </symbol>
      <symbol id="sm-3a5">
         <name>_pdcopy</name>
         <value>0x9b6e</value>
         <object_component_ref idref="oc-80"/>
      </symbol>
      <symbol id="sm-3a6">
         <name>_ddcopy</name>
         <value>0x9b6e</value>
         <object_component_ref idref="oc-80"/>
      </symbol>
      <symbol id="sm-3bb">
         <name>C$$EXIT</name>
         <value>0x9ae1</value>
         <object_component_ref idref="oc-d1"/>
      </symbol>
      <symbol id="sm-3bc">
         <name>_exit</name>
         <value>0x9ae3</value>
         <object_component_ref idref="oc-d1"/>
      </symbol>
      <symbol id="sm-3bd">
         <name>___TI_cleanup_ptr</name>
         <value>0xa06e</value>
         <object_component_ref idref="oc-87"/>
      </symbol>
      <symbol id="sm-3be">
         <name>___TI_enable_exit_profile_output</name>
         <value>0xa06c</value>
         <object_component_ref idref="oc-87"/>
      </symbol>
      <symbol id="sm-3bf">
         <name>_abort</name>
         <value>0x9ae1</value>
         <object_component_ref idref="oc-d1"/>
      </symbol>
      <symbol id="sm-3c0">
         <name>___TI_dtors_ptr</name>
         <value>0xa070</value>
         <object_component_ref idref="oc-87"/>
      </symbol>
      <symbol id="sm-3d2">
         <name>FD$$MPY</name>
         <value>0x97bd</value>
         <object_component_ref idref="oc-8c"/>
      </symbol>
      <symbol id="sm-3e1">
         <name>FD$$TOL</name>
         <value>0x9b33</value>
         <object_component_ref idref="oc-91"/>
      </symbol>
      <symbol id="sm-3f3">
         <name>FS$$CMP</name>
         <value>0x9bd4</value>
         <object_component_ref idref="oc-96"/>
      </symbol>
      <symbol id="sm-404">
         <name>FS$$DIV</name>
         <value>0x9840</value>
         <object_component_ref idref="oc-9b"/>
      </symbol>
      <symbol id="sm-415">
         <name>FS$$MPY</name>
         <value>0x99a2</value>
         <object_component_ref idref="oc-a0"/>
      </symbol>
      <symbol id="sm-425">
         <name>FS$$TOFD</name>
         <value>0x9b52</value>
         <object_component_ref idref="oc-a5"/>
      </symbol>
      <symbol id="sm-438">
         <name>FS$$TOL</name>
         <value>0x9b0a</value>
         <object_component_ref idref="oc-aa"/>
      </symbol>
      <symbol id="sm-447">
         <name>L$$TOFS</name>
         <value>0x9b88</value>
         <object_component_ref idref="oc-af"/>
      </symbol>
      <symbol id="sm-454">
         <name>__system_pre_init</name>
         <value>0x9c11</value>
         <object_component_ref idref="oc-cd"/>
      </symbol>
      <symbol id="sm-461">
         <name>__system_post_cinit</name>
         <value>0x9c13</value>
         <object_component_ref idref="oc-cf"/>
      </symbol>
      <symbol id="sm-46f">
         <name>U$$TOFS</name>
         <value>0x9beb</value>
         <object_component_ref idref="oc-be"/>
      </symbol>
      <symbol id="sm-484">
         <name>__unlock</name>
         <value>0xa074</value>
         <object_component_ref idref="oc-db"/>
      </symbol>
      <symbol id="sm-485">
         <name>__lock</name>
         <value>0xa072</value>
         <object_component_ref idref="oc-d3"/>
      </symbol>
      <symbol id="sm-486">
         <name>__register_lock</name>
         <value>0x9bff</value>
         <object_component_ref idref="oc-d9"/>
      </symbol>
      <symbol id="sm-487">
         <name>__nop</name>
         <value>0x9c03</value>
         <object_component_ref idref="oc-d9"/>
      </symbol>
      <symbol id="sm-488">
         <name>__register_unlock</name>
         <value>0x9bfb</value>
         <object_component_ref idref="oc-d9"/>
      </symbol>
      <symbol id="sm-498">
         <name>__args_main</name>
         <value>0x9bbb</value>
         <object_component_ref idref="oc-d0"/>
      </symbol>
   </symbol_table>
   <title>Link successful</title>
</link_info>
